Component: ARM Compiler 5.05 update 1 (build 106) Tool: armlink [4d0efa]

==============================================================================

Section Cross References

    main.o(i.Gps_Msg_Show) refers to _printf_pad.o(.text) for _printf_pre_padding
    main.o(i.Gps_Msg_Show) refers to _printf_percent.o(.ARM.Collect$$_printf_percent$$00000000) for _printf_percent
    main.o(i.Gps_Msg_Show) refers to _printf_f.o(.ARM.Collect$$_printf_percent$$00000003) for _printf_f
    main.o(i.Gps_Msg_Show) refers to _printf_c.o(.ARM.Collect$$_printf_percent$$00000013) for _printf_c
    main.o(i.Gps_Msg_Show) refers to printf1.o(x$fpl$printf1) for _printf_fp_dec
    main.o(i.Gps_Msg_Show) refers to _printf_str.o(.text) for _printf_str
    main.o(i.Gps_Msg_Show) refers to _printf_s.o(.ARM.Collect$$_printf_percent$$00000014) for _printf_s
    main.o(i.Gps_Msg_Show) refers to _printf_d.o(.ARM.Collect$$_printf_percent$$00000009) for _printf_d
    main.o(i.Gps_Msg_Show) refers to _printf_dec.o(.text) for _printf_int_dec
    main.o(i.Gps_Msg_Show) refers to f2d.o(x$fpl$f2d) for __aeabi_f2d
    main.o(i.Gps_Msg_Show) refers to __2sprintf.o(.text) for __2sprintf
    main.o(i.Gps_Msg_Show) refers to lcd.o(i.LCD_ShowString) for LCD_ShowString
    main.o(i.Gps_Msg_Show) refers to lcd.o(.data) for POINT_COLOR
    main.o(i.Gps_Msg_Show) refers to main.o(.bss) for gpsx
    main.o(i.Gps_Msg_Show) refers to main.o(.data) for fixmode_tbl
    main.o(i.main) refers to _printf_pad.o(.text) for _printf_pre_padding
    main.o(i.main) refers to _printf_percent.o(.ARM.Collect$$_printf_percent$$00000000) for _printf_percent
    main.o(i.main) refers to _printf_x.o(.ARM.Collect$$_printf_percent$$0000000C) for _printf_x
    main.o(i.main) refers to _printf_hex_int_ll_ptr.o(.text) for _printf_longlong_hex
    main.o(i.main) refers to _printf_s.o(.ARM.Collect$$_printf_percent$$00000014) for _printf_s
    main.o(i.main) refers to _printf_str.o(.text) for _printf_str
    main.o(i.main) refers to misc.o(i.NVIC_PriorityGroupConfig) for NVIC_PriorityGroupConfig
    main.o(i.main) refers to delay.o(i.delay_init) for delay_init
    main.o(i.main) refers to usart.o(i.uart_init) for uart_init
    main.o(i.main) refers to usart3.o(i.usart3_init) for usart3_init
    main.o(i.main) refers to led.o(i.LED_Init) for LED_Init
    main.o(i.main) refers to lcd.o(i.LCD_Init) for LCD_Init
    main.o(i.main) refers to adc.o(i.Adc_Init) for Adc_Init
    main.o(i.main) refers to key.o(i.KEY_Init) for KEY_Init
    main.o(i.main) refers to malloc.o(i.my_mem_init) for my_mem_init
    main.o(i.main) refers to __2sprintf.o(.text) for __2sprintf
    main.o(i.main) refers to lcd.o(i.LCD_Clear) for LCD_Clear
    main.o(i.main) refers to lcd.o(i.LCD_ShowString) for LCD_ShowString
    main.o(i.main) refers to delay.o(i.delay_ms) for delay_ms
    main.o(i.main) refers to sdio_sdcard.o(i.SD_Init) for SD_Init
    main.o(i.main) refers to main.o(i.show_sdcard_info) for show_sdcard_info
    main.o(i.main) refers to lcd.o(i.LCD_ShowNum) for LCD_ShowNum
    main.o(i.main) refers to gps.o(i.Ublox_Cfg_Rate) for Ublox_Cfg_Rate
    main.o(i.main) refers to gps.o(i.Ublox_Cfg_Prt) for Ublox_Cfg_Prt
    main.o(i.main) refers to gps.o(i.Ublox_Cfg_Tp) for Ublox_Cfg_Tp
    main.o(i.main) refers to gps.o(i.Ublox_Cfg_Cfg_Save) for Ublox_Cfg_Cfg_Save
    main.o(i.main) refers to lcd.o(i.LCD_Fill) for LCD_Fill
    main.o(i.main) refers to adc.o(i.Get_Temprate) for Get_Temprate
    main.o(i.main) refers to lcd.o(i.LCD_ShowxNum) for LCD_ShowxNum
    main.o(i.main) refers to key.o(i.KEY_Scan) for KEY_Scan
    main.o(i.main) refers to malloc.o(i.mymalloc) for mymalloc
    main.o(i.main) refers to sdio_sdcard.o(i.SD_ReadDisk) for SD_ReadDisk
    main.o(i.main) refers to __2printf.o(.text) for __2printf
    main.o(i.main) refers to malloc.o(i.myfree) for myfree
    main.o(i.main) refers to gps.o(i.GPS_Analysis) for GPS_Analysis
    main.o(i.main) refers to main.o(i.Gps_Msg_Show) for Gps_Msg_Show
    main.o(i.main) refers to lcd.o(.data) for POINT_COLOR
    main.o(i.main) refers to lcd.o(.bss) for lcddev
    main.o(i.main) refers to sdio_sdcard.o(.bss) for SDCardInfo
    main.o(i.main) refers to usart3.o(.data) for USART3_RX_STA
    main.o(i.main) refers to usart3.o(.bss) for USART3_RX_BUF
    main.o(i.main) refers to main.o(.bss) for USART1_TX_BUF
    main.o(i.show_sdcard_info) refers to _printf_percent.o(.ARM.Collect$$_printf_percent$$00000000) for _printf_percent
    main.o(i.show_sdcard_info) refers to _printf_d.o(.ARM.Collect$$_printf_percent$$00000009) for _printf_d
    main.o(i.show_sdcard_info) refers to _printf_dec.o(.text) for _printf_int_dec
    main.o(i.show_sdcard_info) refers to __2printf.o(.text) for __2printf
    main.o(i.show_sdcard_info) refers to sdio_sdcard.o(.bss) for SDCardInfo
    main.o(.data) refers to main.o(.conststring) for .conststring
    system_stm32f4xx.o(i.SystemCoreClockUpdate) refers to system_stm32f4xx.o(.data) for SystemCoreClock
[...]
    i.delay_init                             0x08005508   Section        0  delay.o(i.delay_init)
    i.delay_ms                               0x08005544   Section        0  delay.o(i.delay_ms)
    i.delay_us                               0x0800557c   Section        0  delay.o(i.delay_us)
    i.delay_xms                              0x080055c8   Section        0  delay.o(i.delay_xms)
    i.fputc                                  0x08005614   Section        0  usart.o(i.fputc)
    i.main                                   0x08005630   Section        0  main.o(i.main)
    i.my_mem_free                            0x08005c8c   Section        0  malloc.o(i.my_mem_free)
    i.my_mem_init                            0x08005cf8   Section        0  malloc.o(i.my_mem_init)
    i.my_mem_malloc                          0x08005d3c   Section        0  malloc.o(i.my_mem_malloc)
    i.my_mem_perused                         0x08005de4   Section        0  malloc.o(i.my_mem_perused)
    i.myfree                                 0x08005e24   Section        0  malloc.o(i.myfree)
    i.mymalloc                               0x08005e48   Section        0  malloc.o(i.mymalloc)
    i.mymemset                               0x08005e70   Section        0  malloc.o(i.mymemset)
    i.show_sdcard_info                       0x08005e84   Section        0  main.o(i.show_sdcard_info)
    i.uart_init                              0x08005fb4   Section        0  usart.o(i.uart_init)
    i.usart3_init                            0x08006060   Section        0  usart3.o(i.usart3_init)
    locale$$code                             0x08006134   Section       44  lc_numeric_c.o(locale$$code)
    x$fpl$dadd                               0x08006160   Section      336  daddsub_clz.o(x$fpl$dadd)
    $v0                                      0x08006160   Number         0  daddsub_clz.o(x$fpl$dadd)
    _dadd1                                   0x08006171   Thumb Code     0  daddsub_clz.o(x$fpl$dadd)
    x$fpl$ddiv                               0x080062b0   Section      688  ddiv.o(x$fpl$ddiv)
    $v0                                      0x080062b0   Number         0  ddiv.o(x$fpl$ddiv)
    ddiv_entry                               0x080062b7   Thumb Code     0  ddiv.o(x$fpl$ddiv)
    x$fpl$dfix                               0x08006560   Section       94  dfix.o(x$fpl$dfix)
    $v0                                      0x08006560   Number         0  dfix.o(x$fpl$dfix)
    x$fpl$dmul                               0x080065c0   Section      340  dmul.o(x$fpl$dmul)
    $v0                                      0x080065c0   Number         0  dmul.o(x$fpl$dmul)
    x$fpl$dnaninf                            0x08006714   Section      156  dnaninf.o(x$fpl$dnaninf)
    $v0                                      0x08006714   Number         0  dnaninf.o(x$fpl$dnaninf)
    x$fpl$dretinf                            0x080067b0   Section       12  dretinf.o(x$fpl$dretinf)
    $v0                                      0x080067b0   Number         0  dretinf.o(x$fpl$dretinf)
    x$fpl$dsub                               0x080067bc   Section      468  daddsub_clz.o(x$fpl$dsub)
    $v0                                      0x080067bc   Number         0  daddsub_clz.o(x$fpl$dsub)
    _dsub1                                   0x080067cd   Thumb Code     0  daddsub_clz.o(x$fpl$dsub)
    x$fpl$f2d                                0x08006990   Section       86  f2d.o(x$fpl$f2d)
    $v0                                      0x08006990   Number         0  f2d.o(x$fpl$f2d)
    x$fpl$fnaninf                            0x080069e6   Section      140  fnaninf.o(x$fpl$fnaninf)
    $v0                                      0x080069e6   Number         0  fnaninf.o(x$fpl$fnaninf)
    x$fpl$fpinit                             0x08006a72   Section       10  fpinit.o(x$fpl$fpinit)
    $v0                                      0x08006a72   Number         0  fpinit.o(x$fpl$fpinit)
    x$fpl$printf1                            0x08006a7c   Section        4  printf1.o(x$fpl$printf1)
    $v0                                      0x08006a7c   Number         0  printf1.o(x$fpl$printf1)
    .constdata                               0x08006a80   Section     6080  lcd.o(.constdata)
    x$fpl$usenofp                            0x08006a80   Section        0  usenofp.o(x$fpl$usenofp)
    .constdata                               0x08008240   Section       36  malloc.o(.constdata)
    .constdata                               0x08008264   Section       40  _printf_hex_int_ll_ptr.o(.constdata)
    uc_hextab                                0x08008264   Data          20  _printf_hex_int_ll_ptr.o(.constdata)
    lc_hextab                                0x08008278   Data          20  _printf_hex_int_ll_ptr.o(.constdata)
    .constdata                               0x0800828c   Section       17  __printf_flags_ss_wp.o(.constdata)
    maptable                                 0x0800828c   Data          17  __printf_flags_ss_wp.o(.constdata)
    .constdata                               0x080082a0   Section      148  bigflt0.o(.constdata)
    tenpwrs_x                                0x080082a0   Data          60  bigflt0.o(.constdata)
    tenpwrs_i                                0x080082dc   Data          64  bigflt0.o(.constdata)
    .conststring                             0x08008334   Section       21  main.o(.conststring)
    locale$$data                             0x0800836c   Section       28  lc_numeric_c.o(locale$$data)
    __lcnum_c_name                           0x08008370   Data           2  lc_numeric_c.o(locale$$data)
    __lcnum_c_start                          0x08008378   Data           0  lc_numeric_c.o(locale$$data)
    __lcnum_c_point                          0x08008384   Data           0  lc_numeric_c.o(locale$$data)
    __lcnum_c_thousands                      0x08008386   Data           0  lc_numeric_c.o(locale$$data)
    __lcnum_c_grouping                       0x08008387   Data           0  lc_numeric_c.o(locale$$data)
    __lcnum_c_end                            0x08008388   Data           0  lc_numeric_c.o(locale$$data)
    .ARM.__AT_0x10000000                     0x10000000   Section    61440  malloc.o(.ARM.__AT_0x10000000)
    .ARM.__AT_0x1000F000                     0x1000f000   Section     3840  malloc.o(.ARM.__AT_0x1000F000)
    .data                                    0x20000000   Section       16  main.o(.data)
    .data                                    0x20000010   Section       16  stm32f4xx_rcc.o(.data)
    APBAHBPrescTable                         0x20000010   Data          16  stm32f4xx_rcc.o(.data)
    .data                                    0x20000020   Section        4  delay.o(.data)
    fac_us                                   0x20000020   Data           1  delay.o(.data)
    fac_ms                                   0x20000022   Data           2  delay.o(.data)
    .data                                    0x20000024   Section        6  usart.o(.data)
    .data                                    0x2000002a   Section        1  key.o(.data)
    key_up                                   0x2000002a   Data           1  key.o(.data)
    .data                                    0x2000002c   Section        4  lcd.o(.data)
    .data                                    0x20000030   Section       16  sdio_sdcard.o(.data)
    CardType                                 0x20000030   Data           1  sdio_sdcard.o(.data)
    RCA                                      0x20000034   Data           4  sdio_sdcard.o(.data)
    DeviceMode                               0x20000038   Data           1  sdio_sdcard.o(.data)
    StopCondition                            0x20000039   Data           1  sdio_sdcard.o(.data)
    .data                                    0x20000040   Section        2  usart3.o(.data)
    .data                                    0x20000044   Section       36  malloc.o(.data)
    .bss                                     0x20000068   Section      958  main.o(.bss)
    .bss                                     0x20000426   Section      200  usart.o(.bss)
    .bss                                     0x200004ee   Section       14  lcd.o(.bss)
    .bss                                     0x20000500   Section      704  sdio_sdcard.o(.bss)
    CSD_Tab                                  0x20000544   Data          16  sdio_sdcard.o(.bss)
    CID_Tab                                  0x20000554   Data          16  sdio_sdcard.o(.bss)
    .bss                                     0x200007c0   Section     1600  usart3.o(.bss)
    .bss                                     0x20000e00   Section    108800  malloc.o(.bss)
    .bss                                     0x2001b700   Section       96  libspace.o(.bss)
    HEAP                                     0x2001b760   Section      512  startup_stm32f40_41xxx.o(HEAP)
    Heap_Mem                                 0x2001b760   Data         512  startup_stm32f40_41xxx.o(HEAP)
    STACK                                    0x2001b960   Section     1024  startup_stm32f40_41xxx.o(STACK)
    Stack_Mem                                0x2001b960   Data        1024  startup_stm32f40_41xxx.o(STACK)
    __initial_sp                             0x2001bd60   Data           0  startup_stm32f40_41xxx.o(STACK)
    .ARM.__AT_0x68000000                     0x68000000   Section    983040  malloc.o(.ARM.__AT_0x68000000)
    .ARM.__AT_0x680F0000                     0x680f0000   Section    61440  malloc.o(.ARM.__AT_0x680F0000)

    Global Symbols

    Symbol Name                              Value     Ov Type        Size  Object(Section)

    BuildAttributes$$THM_ISAv4$E$P$D$K$B$S$7EM$VFPi3$EXTD16$VFPS$VFMA$PE$A:L22UL41UL21$X:L11$S22US41US21$IEEE1$IW$USESV6$~STKCKD$USESV7$~SHL$OTIME$ROPI$IEEEJ$EBA8$UX$STANDARDLIB$REQ8$PRES8$EABIv2 0x00000000   Number         0  anon$$obj.o ABSOLUTE
    __ARM_use_no_argv                        0x00000000   Number         0  main.o ABSOLUTE
    _printf_flags                            0x00000000   Number         0  printf_stubs.o ABSOLUTE
    _printf_return_value                     0x00000000   Number         0  printf_stubs.o ABSOLUTE
    _printf_sizespec                         0x00000000   Number         0  printf_stubs.o ABSOLUTE
    _printf_widthprec                        0x00000000   Number         0  printf_stubs.o ABSOLUTE
    __ARM_exceptions_init                     - Undefined Weak Reference
    __alloca_initialize                       - Undefined Weak Reference
    __arm_preinit_                            - Undefined Weak Reference
    __cpp_initialize__aeabi_                  - Undefined Weak Reference
    __cxa_finalize                            - Undefined Weak Reference
    __sigvec_lookup                           - Undefined Weak Reference
    _atexit_init                              - Undefined Weak Reference
    _call_atexit_fns                          - Undefined Weak Reference
    _clock_init                               - Undefined Weak Reference
    _fp_trap_init                             - Undefined Weak Reference
    _fp_trap_shutdown                         - Undefined Weak Reference
    _get_lc_collate                           - Undefined Weak Reference
    _get_lc_monetary                          - Undefined Weak Reference
    _get_lc_time                              - Undefined Weak Reference
    _getenv_init                              - Undefined Weak Reference
    _handle_redirection                       - Undefined Weak Reference
    _init_alloc                               - Undefined Weak Reference
    _init_user_alloc                          - Undefined Weak Reference
    _initio                                   - Undefined Weak Reference
    _mutex_acquire                            - Undefined Weak Reference
    _mutex_release                            - Undefined Weak Reference
    _printf_fp_hex                            - Undefined Weak Reference
    _printf_mbtowc                            - Undefined Weak Reference
    _printf_wc                                - Undefined Weak Reference
    _rand_init                                - Undefined Weak Reference
    _signal_finish                            - Undefined Weak Reference
    _signal_init                              - Undefined Weak Reference
    _terminate_alloc                          - Undefined Weak Reference
    _terminate_user_alloc                     - Undefined Weak Reference
    _terminateio                              - Undefined Weak Reference
    __Vectors_Size                           0x00000188   Number         0  startup_stm32f40_41xxx.o ABSOLUTE
    __Vectors                                0x08000000   Data           4  startup_stm32f40_41xxx.o(RESET)
    __Vectors_End                            0x08000188   Data           0  startup_stm32f40_41xxx.o(RESET)
    __main                                   0x08000189   Thumb Code     8  __main.o(!!!main)
    __scatterload                            0x08000191   Thumb Code     0  __scatter.o(!!!scatter)
    __scatterload_rt2                        0x08000191   Thumb Code    44  __scatter.o(!!!scatter)
    __scatterload_rt2_thumb_only             0x08000191   Thumb Code     0  __scatter.o(!!!scatter)
    __scatterload_null                       0x0800019f   Thumb Code     0  __scatter.o(!!!scatter)
    __scatterload_copy                       0x080001c5   Thumb Code    26  __scatter_copy.o(!!handler_copy)
    __scatterload_zeroinit                   0x080001e1   Thumb Code    28  __scatter_zi.o(!!handler_zi)
    _printf_f                                0x080001fd   Thumb Code     0  _printf_f.o(.ARM.Collect$$_printf_percent$$00000003)
    _printf_percent                          0x080001fd   Thumb Code     0  _printf_percent.o(.ARM.Collect$$_printf_percent$$00000000)
    _printf_d                                0x08000203   Thumb Code     0  _printf_d.o(.ARM.Collect$$_printf_percent$$00000009)
    _printf_x                                0x08000209   Thumb Code     0  _printf_x.o(.ARM.Collect$$_printf_percent$$0000000C)
    _printf_c                                0x0800020f   Thumb Code     0  _printf_c.o(.ARM.Collect$$_printf_percent$$00000013)
    _printf_s                                0x08000215   Thumb Code     0  _printf_s.o(.ARM.Collect$$_printf_percent$$00000014)
    _printf_percent_end                      0x0800021b   Thumb Code     0  _printf_percent_end.o(.ARM.Collect$$_printf_percent$$00000017)
    __rt_lib_init                            0x0800021f   Thumb Code     0  libinit.o(.ARM.Collect$$libinit$$00000000)
    __rt_lib_init_fp_1                       0x08000221   Thumb Code     0  libinit2.o(.ARM.Collect$$libinit$$00000001)
    __rt_lib_init_heap_1                     0x08000225   Thumb Code     0  libinit2.o(.ARM.Collect$$libinit$$0000000A)
    __rt_lib_init_lc_common                  0x08000225   Thumb Code     0  libinit2.o(.ARM.Collect$$libinit$$0000000F)
    __rt_lib_init_preinit_1                  0x08000225   Thumb Code     0  libinit2.o(.ARM.Collect$$libinit$$00000004)
    __rt_lib_init_rand_1                     0x08000225   Thumb Code     0  libinit2.o(.ARM.Collect$$libinit$$0000000E)
    __rt_lib_init_user_alloc_1               0x08000225   Thumb Code     0  libinit2.o(.ARM.Collect$$libinit$$0000000C)
    __rt_lib_init_lc_collate_1               0x0800022b   Thumb Code     0  libinit2.o(.ARM.Collect$$libinit$$00000011)
    __rt_lib_init_lc_ctype_1                 0x0800022b   Thumb Code     0  libinit2.o(.ARM.Collect$$libinit$$00000013)
    __rt_lib_init_lc_monetary_1              0x0800022b   Thumb Code     0  libinit2.o(.ARM.Collect$$libinit$$00000015)
    __rt_lib_init_lc_numeric_2               0x0800022b   Thumb Code     0  libinit2.o(.ARM.Collect$$libinit$$00000016)
    __rt_lib_init_alloca_1                   0x08000235   Thumb Code     0  libinit2.o(.ARM.Collect$$libinit$$0000002E)
    __rt_lib_init_argv_1                     0x08000235   Thumb Code     0  libinit2.o(.ARM.Collect$$libinit$$0000002C)
    __rt_lib_init_atexit_1                   0x08000235   Thumb Code     0  libinit2.o(.ARM.Collect$$libinit$$0000001B)
    __rt_lib_init_clock_1                    0x08000235   Thumb Code     0  libinit2.o(.ARM.Collect$$libinit$$00000021)
    __rt_lib_init_cpp_1                      0x08000235   Thumb Code     0  libinit2.o(.ARM.Collect$$libinit$$00000032)
    __rt_lib_init_exceptions_1               0x08000235   Thumb Code     0  libinit2.o(.ARM.Collect$$libinit$$00000030)
    __rt_lib_init_fp_trap_1                  0x08000235   Thumb Code     0  libinit2.o(.ARM.Collect$$libinit$$0000001F)
    __rt_lib_init_getenv_1                   0x08000235   Thumb Code     0  libinit2.o(.ARM.Collect$$libinit$$00000023)
    __rt_lib_init_lc_numeric_1               0x08000235   Thumb Code     0  libinit2.o(.ARM.Collect$$libinit$$00000017)
    __rt_lib_init_lc_time_1                  0x08000235   Thumb Code     0  libinit2.o(.ARM.Collect$$libinit$$00000019)
    __rt_lib_init_return                     0x08000235   Thumb Code     0  libinit2.o(.ARM.Collect$$libinit$$00000033)
    __rt_lib_init_signal_1                   0x08000235   Thumb Code     0  libinit2.o(.ARM.Collect$$libinit$$0000001D)
    __rt_lib_init_stdio_1                    0x08000235   Thumb Code     0  libinit2.o(.ARM.Collect$$libinit$$00000025)
    __rt_lib_shutdown                        0x08000237   Thumb Code     0  libshutdown.o(.ARM.Collect$$libshutdown$$00000000)
    __rt_lib_shutdown_fp_trap_1              0x08000239   Thumb Code     0  libshutdown2.o(.ARM.Collect$$libshutdown$$00000006)
    __rt_lib_shutdown_heap_1                 0x08000239   Thumb Code     0  libshutdown2.o(.ARM.Collect$$libshutdown$$0000000E)
    __rt_lib_shutdown_return                 0x08000239   Thumb Code     0  libshutdown2.o(.ARM.Collect$$libshutdown$$0000000F)
    __rt_lib_shutdown_signal_1               0x08000239   Thumb Code     0  libshutdown2.o(.ARM.Collect$$libshutdown$$00000009)
    __rt_lib_shutdown_stdio_1                0x08000239   Thumb Code     0  libshutdown2.o(.ARM.Collect$$libshutdown$$00000003)
    __rt_lib_shutdown_user_alloc_1           0x08000239   Thumb Code     0  libshutdown2.o(.ARM.Collect$$libshutdown$$0000000B)
    __rt_entry                               0x0800023b   Thumb Code     0  __rtentry.o(.ARM.Collect$$rtentry$$00000000)
    __rt_entry_presh_1                       0x0800023b   Thumb Code     0  __rtentry2.o(.ARM.Collect$$rtentry$$00000002)
    __rt_entry_sh                            0x0800023b   Thumb Code     0  __rtentry4.o(.ARM.Collect$$rtentry$$00000004)
    __rt_entry_li                            0x08000241   Thumb Code     0  __rtentry2.o(.ARM.Collect$$rtentry$$0000000A)
    __rt_entry_postsh_1                      0x08000241   Thumb Code     0  __rtentry2.o(.ARM.Collect$$rtentry$$00000009)
    __rt_entry_main                          0x08000245   Thumb Code     0  __rtentry2.o(.ARM.Collect$$rtentry$$0000000D)
    __rt_entry_postli_1                      0x08000245   Thumb Code     0  __rtentry2.o(.ARM.Collect$$rtentry$$0000000C)
    __rt_exit                                0x0800024d   Thumb Code     0  rtexit.o(.ARM.Collect$$rtexit$$00000000)
    __rt_exit_ls                             0x0800024f   Thumb Code     0  rtexit2.o(.ARM.Collect$$rtexit$$00000003)
    __rt_exit_prels_1                        0x0800024f   Thumb Code     0  rtexit2.o(.ARM.Collect$$rtexit$$00000002)
    __rt_exit_exit                           0x08000253   Thumb Code     0  rtexit2.o(.ARM.Collect$$rtexit$$00000004)
    WFI_SET                                  0x08000259   Thumb Code     2  sys.o(.emb_text)
    INTX_DISABLE                             0x0800025b   Thumb Code     4  sys.o(.emb_text)
    INTX_ENABLE                              0x0800025f   Thumb Code     4  sys.o(.emb_text)
    MSR_MSP                                  0x08000263   Thumb Code     6  sys.o(.emb_text)
    Reset_Handler                            0x08000269   Thumb Code     8  startup_stm32f40_41xxx.o(.text)
    ADC_IRQHandler                           0x08000283   Thumb Code     0  startup_stm32f40_41xxx.o(.text)
    CAN1_RX0_IRQHandler                      0x08000283   Thumb Code     0  startup_stm32f40_41xxx.o(.text)
    CAN1_RX1_IRQHandler                      0x08000283   Thumb Code     0  startup_stm32f40_41xxx.o(.text)
    CAN1_SCE_IRQHandler                      0x08000283   Thumb Code     0  startup_stm32f40_41xxx.o(.text)
    CAN1_TX_IRQHandler                       0x08000283   Thumb Code     0  startup_stm32f40_41xxx.o(.text)
    CAN2_RX0_IRQHandler                      0x08000283   Thumb Code     0  startup_stm32f40_41xxx.o(.text)
    CAN2_RX1_IRQHandler                      0x08000283   Thumb Code     0  startup_stm32f40_41xxx.o(.text)
    CAN2_SCE_IRQHandler                      0x08000283   Thumb Code     0  startup_stm32f40_41xxx.o(.text)
    CAN2_TX_IRQHandler                       0x08000283   Thumb Code     0  startup_stm32f40_41xxx.o(.text)
    CRYP_IRQHandler                          0x08000283   Thumb Code     0  startup_stm32f40_41xxx.o(.text)
    DCMI_IRQHandler                          0x08000283   Thumb Code     0  startup_stm32f40_41xxx.o(.text)
    DMA1_Stream0_IRQHandler                  0x08000283   Thumb Code     0  startup_stm32f40_41xxx.o(.text)
    DMA1_Stream1_IRQHandler                  0x08000283   Thumb Code     0  startup_stm32f40_41xxx.o(.text)
    DMA1_Stream2_IRQHandler                  0x08000283   Thumb Code     0  startup_stm32f40_41xxx.o(.text)
    DMA1_Stream3_IRQHandler                  0x08000283   Thumb Code     0  startup_stm32f40_41xxx.o(.text)
    DMA1_Stream4_IRQHandler                  0x08000283   Thumb Code     0  startup_stm32f40_41xxx.o(.text)
    DMA1_Stream5_IRQHandler                  0x08000283   Thumb Code     0  startup_stm32f40_41xxx.o(.text)
    DMA1_Stream6_IRQHandler                  0x08000283   Thumb Code     0  startup_stm32f40_41xxx.o(.text)
    DMA1_Stream7_IRQHandler                  0x08000283   Thumb Code     0  startup_stm32f40_41xxx.o(.text)
    DMA2_Stream0_IRQHandler                  0x08000283   Thumb Code     0  startup_stm32f40_41xxx.o(.text)
    DMA2_Stream1_IRQHandler                  0x08000283   Thumb Code     0  startup_stm32f40_41xxx.o(.text)
    DMA2_Stream2_IRQHandler                  0x08000283   Thumb Code     0  startup_stm32f40_41xxx.o(.text)
    DMA2_Stream3_IRQHandler                  0x08000283   Thumb Code     0  startup_stm32f40_41xxx.o(.text)
    DMA2_Stream4_IRQHandler                  0x08000283   Thumb Code     0  startup_stm32f40_41xxx.o(.text)
    DMA2_Stream5_IRQHandler                  0x08000283   Thumb Code     0  startup_stm32f40_41xxx.o(.text)
    DMA2_Stream6_IRQHandler                  0x08000283   Thumb Code     0  startup_stm32f40_41xxx.o(.text)
    DMA2_Stream7_IRQHandler                  0x08000283   Thumb Code     0  startup_stm32f40_41xxx.o(.text)
    ETH_IRQHandler                           0x08000283   Thumb Code     0  startup_stm32f40_41xxx.o(.text)
    ETH_WKUP_IRQHandler                      0x08000283   Thumb Code     0  startup_stm32f40_41xxx.o(.text)
    EXTI0_IRQHandler                         0x08000283   Thumb Code     0  startup_stm32f40_41xxx.o(.text)
    EXTI15_10_IRQHandler                     0x08000283   Thumb Code     0  startup_stm32f40_41xxx.o(.text)
    EXTI1_IRQHandler                         0x08000283   Thumb Code     0  startup_stm32f40_41xxx.o(.text)
    EXTI2_IRQHandler                         0x08000283   Thumb Code     0  startup_stm32f40_41xxx.o(.text)
    EXTI3_IRQHandler                         0x08000283   Thumb Code     0  startup_stm32f40_41xxx.o(.text)
    EXTI4_IRQHandler                         0x08000283   Thumb Code     0  startup_stm32f40_41xxx.o(.text)
    EXTI9_5_IRQHandler                       0x08000283   Thumb Code     0  startup_stm32f40_41xxx.o(.text)
    FLASH_IRQHandler                         0x08000283   Thumb Code     0  startup_stm32f40_41xxx.o(.text)
    FPU_IRQHandler                           0x08000283   Thumb Code     0  startup_stm32f40_41xxx.o(.text)
    FSMC_IRQHandler                          0x08000283   Thumb Code     0  startup_stm32f40_41xxx.o(.text)
    HASH_RNG_IRQHandler                      0x08000283   Thumb Code     0  startup_stm32f40_41xxx.o(.text)
    I2C1_ER_IRQHandler                       0x08000283   Thumb Code     0  startup_stm32f40_41xxx.o(.text)
    I2C1_EV_IRQHandler                       0x08000283   Thumb Code     0  startup_stm32f40_41xxx.o(.text)
    I2C2_ER_IRQHandler                       0x08000283   Thumb Code     0  startup_stm32f40_41xxx.o(.text)
    I2C2_EV_IRQHandler                       0x08000283   Thumb Code     0  startup_stm32f40_41xxx.o(.text)
    I2C3_ER_IRQHandler                       0x08000283   Thumb Code     0  startup_stm32f40_41xxx.o(.text)
    I2C3_EV_IRQHandler                       0x08000283   Thumb Code     0  startup_stm32f40_41xxx.o(.text)
    OTG_FS_IRQHandler                        0x08000283   Thumb Code     0  startup_stm32f40_41xxx.o(.text)
    OTG_FS_WKUP_IRQHandler                   0x08000283   Thumb Code     0  startup_stm32f40_41xxx.o(.text)
    OTG_HS_EP1_IN_IRQHandler                 0x08000283   Thumb Code     0  startup_stm32f40_41xxx.o(.text)
    OTG_HS_EP1_OUT_IRQHandler                0x08000283   Thumb Code     0  startup_stm32f40_41xxx.o(.text)
    OTG_HS_IRQHandler                        0x08000283   Thumb Code     0  startup_stm32f40_41xxx.o(.text)
    OTG_HS_WKUP_IRQHandler                   0x08000283   Thumb Code     0  startup_stm32f40_41xxx.o(.text)
    PVD_IRQHandler                           0x08000283   Thumb Code     0  startup_stm32f40_41xxx.o(.text)
    RCC_IRQHandler                           0x08000283   Thumb Code     0  startup_stm32f40_41xxx.o(.text)
    SPI1_IRQHandler                          0x08000283   Thumb Code     0  startup_stm32f40_41xxx.o(.text)
    SPI2_IRQHandler                          0x08000283   Thumb Code     0  startup_stm32f40_41xxx.o(.text)
    SPI3_IRQHandler                          0x08000283   Thumb Code     0  startup_stm32f40_41xxx.o(.text)
    TAMP_STAMP_IRQHandler                    0x08000283   Thumb Code     0  startup_stm32f40_41xxx.o(.text)
    TIM1_BRK_TIM9_IRQHandler                 0x08000283   Thumb Code     0  startup_stm32f40_41xxx.o(.text)
    TIM1_CC_IRQHandler                       0x08000283   Thumb Code     0  startup_stm32f40_41xxx.o(.text)
    TIM1_TRG_COM_TIM11_IRQHandler            0x08000283   Thumb Code     0  startup_stm32f40_41xxx.o(.text)
    TIM1_UP_TIM10_IRQHandler                 0x08000283   Thumb Code     0  startup_stm32f40_41xxx.o(.text)
    TIM2_IRQHandler                          0x08000283   Thumb Code     0  startup_stm32f40_41xxx.o(.text)
    TIM3_IRQHandler                          0x08000283   Thumb Code     0  startup_stm32f40_41xxx.o(.text)
    TIM4_IRQHandler                          0x08000283   Thumb Code     0  startup_stm32f40_41xxx.o(.text)
    TIM5_IRQHandler                          0x08000283   Thumb Code     0  startup_stm32f40_41xxx.o(.text)
    TIM6_DAC_IRQHandler                      0x08000283   Thumb Code     0  startup_stm32f40_41xxx.o(.text)
    TIM8_BRK_TIM12_IRQHandler                0x08000283   Thumb Code     0  startup_stm32f40_41xxx.o(.text)
    TIM8_CC_IRQHandler                       0x08000283   Thumb Code     0  startup_stm32f40_41xxx.o(.text)
    TIM8_TRG_COM_TIM14_IRQHandler            0x08000283   Thumb Code     0  startup_stm32f40_41xxx.o(.text)
    TIM8_UP_TIM13_IRQHandler                 0x08000283   Thumb Code     0  startup_stm32f40_41xxx.o(.text)
    UART4_IRQHandler                         0x08000283   Thumb Code     0  startup_stm32f40_41xxx.o(.text)
    UART5_IRQHandler                         0x08000283   Thumb Code     0  startup_stm32f40_41xxx.o(.text)
    USART2_IRQHandler                        0x08000283   Thumb Code     0  startup_stm32f40_41xxx.o(.text)
    USART6_IRQHandler                        0x08000283   Thumb Code     0  startup_stm32f40_41xxx.o(.text)
    WWDG_IRQHandler                          0x08000283   Thumb Code     0  startup_stm32f40_41xxx.o(.text)
    __user_initial_stackheap                 0x08000285   Thumb Code     0  startup_stm32f40_41xxx.o(.text)
    __use_no_semihosting                     0x080002a9   Thumb Code     2  use_no_semi_2.o(.text)
    __2printf                                0x080002ad   Thumb Code    20  __2printf.o(.text)
    __2sprintf                               0x080002c5   Thumb Code    38  __2sprintf.o(.text)
    _printf_pre_padding                      0x080002f1   Thumb Code    44  _printf_pad.o(.text)
    _printf_post_padding                     0x0800031d   Thumb Code    34  _printf_pad.o(.text)
    _printf_str                              0x0800033f   Thumb Code    82  _printf_str.o(.text)
    _printf_int_dec                          0x08000391   Thumb Code   104  _printf_dec.o(.text)
    _printf_longlong_hex                     0x08000409   Thumb Code    86  _printf_hex_int_ll_ptr.o(.text)
    _printf_int_hex                          0x0800045f   Thumb Code    28  _printf_hex_int_ll_ptr.o(.text)
    _printf_ll_hex                           0x0800047b   Thumb Code    12  _printf_hex_int_ll_ptr.o(.text)
    _printf_hex_ptr                          0x08000487   Thumb Code    18  _printf_hex_int_ll_ptr.o(.text)
    __printf                                 0x0800049d   Thumb Code   388  __printf_flags_ss_wp.o(.text)
    strstr                                   0x08000625   Thumb Code    36  strstr.o(.text)
    __aeabi_memcpy                           0x08000649   Thumb Code     0  rt_memcpy_v6.o(.text)
    __rt_memcpy                              0x08000649   Thumb Code   138  rt_memcpy_v6.o(.text)
    _memcpy_lastbytes                        0x080006af   Thumb Code     0  rt_memcpy_v6.o(.text)
    __use_two_region_memory                  0x080006d3   Thumb Code     2  heapauxi.o(.text)
    __rt_heap_escrow$2region                 0x080006d5   Thumb Code     2  heapauxi.o(.text)
    __rt_heap_expand$2region                 0x080006d7   Thumb Code     2  heapauxi.o(.text)
    __I$use$semihosting                      0x080006d9   Thumb Code     0  use_no_semi.o(.text)
    __use_no_semihosting_swi                 0x080006d9   Thumb Code     2  use_no_semi.o(.text)
    _printf_int_common                       0x080006db   Thumb Code   178  _printf_intcommon.o(.text)
    __lib_sel_fp_printf                      0x0800078d   Thumb Code     2  _printf_fp_dec.o(.text)
    _printf_fp_dec_real                      0x0800093b   Thumb Code   620  _printf_fp_dec.o(.text)
    _printf_char_common                      0x08000bb3   Thumb Code    32  _printf_char_common.o(.text)
    _sputc                                   0x08000bd9   Thumb Code    10  _sputc.o(.text)
    _printf_cs_common                        0x08000be3   Thumb Code    20  _printf_char.o(.text)
    _printf_char                             0x08000bf7   Thumb Code    16  _printf_char.o(.text)
    _printf_string                           0x08000c07   Thumb Code     8  _printf_char.o(.text)
    _printf_char_file                        0x08000c11   Thumb Code    32  _printf_char_file.o(.text)
    __aeabi_memcpy4                          0x08000c35   Thumb Code     0  rt_memcpy_w.o(.text)
    __aeabi_memcpy8                          0x08000c35   Thumb Code     0  rt_memcpy_w.o(.text)
    __rt_memcpy_w                            0x08000c35   Thumb Code   100  rt_memcpy_w.o(.text)
    _memcpy_lastbytes_aligned                0x08000c7d   Thumb Code     0  rt_memcpy_w.o(.text)
    __rt_locale                              0x08000c99   Thumb Code     8  rt_locale_intlibspace.o(.text)
    _ll_udiv10                               0x08000ca1   Thumb Code   138  lludiv10.o(.text)
    _printf_fp_infnan                        0x08000d2d   Thumb Code   112  _printf_fp_infnan.o(.text)
    _btod_etento                             0x08000dad   Thumb Code   216  bigflt0.o(.text)
    ferror                                   0x08000e89   Thumb Code     8  ferror.o(.text)
    __user_libspace                          0x08000e91   Thumb Code     8  libspace.o(.text)
    __user_perproc_libspace                  0x08000e91   Thumb Code     0  libspace.o(.text)
    __user_perthread_libspace                0x08000e91   Thumb Code     0  libspace.o(.text)
    __user_setup_stackheap                   0x08000e99   Thumb Code    74  sys_stackheap_outer.o(.text)
    exit                                     0x08000ee3   Thumb Code    12  exit.o(.text)
    strcmp                                   0x08000ef1   Thumb Code   128  strcmpv7m.o(.text)
    _btod_d2e                                0x08000f71   Thumb Code    62  btod.o(CL$$btod_d2e)
    _d2e_denorm_low                          0x08000faf   Thumb Code    70  btod.o(CL$$btod_d2e_denorm_low)
    _d2e_norm_op1                            0x08000ff5   Thumb Code    96  btod.o(CL$$btod_d2e_norm_op1)
    __btod_div_common                        0x08001055   Thumb Code   696  btod.o(CL$$btod_div_common)
    _e2e                                     0x0800138d   Thumb Code   198  btod.o(CL$$btod_e2e)
    _btod_ediv                               0x08001453   Thumb Code    40  btod.o(CL$$btod_ediv)
    _btod_emul                               0x0800147b   Thumb Code    40  btod.o(CL$$btod_emul)
    __btod_mult_common                       0x080014a3   Thumb Code   580  btod.o(CL$$btod_mult_common)
    ADC_Cmd                                  0x080016e7   Thumb Code    22  stm32f4xx_adc.o(i.ADC_Cmd)
    ADC_CommonInit                           0x080016fd   Thumb Code    34  stm32f4xx_adc.o(i.ADC_CommonInit)
    ADC_GetConversionValue                   0x0800172d   Thumb Code     8  stm32f4xx_adc.o(i.ADC_GetConversionValue)
    ADC_GetFlagStatus                        0x08001735   Thumb Code    18  stm32f4xx_adc.o(i.ADC_GetFlagStatus)
    ADC_Init                                 0x08001749   Thumb Code    74  stm32f4xx_adc.o(i.ADC_Init)
    ADC_RegularChannelConfig                 0x0800179d   Thumb Code   184  stm32f4xx_adc.o(i.ADC_RegularChannelConfig)
    ADC_SoftwareStartConv                    0x08001855   Thumb Code    10  stm32f4xx_adc.o(i.ADC_SoftwareStartConv)
    ADC_TempSensorVrefintCmd                 0x08001861   Thumb Code    34  stm32f4xx_adc.o(i.ADC_TempSensorVrefintCmd)
    Adc_Init                                 0x0800188d   Thumb Code   154  adc.o(i.Adc_Init)
    BusFault_Handler                         0x08001931   Thumb Code     4  stm32f4xx_it.o(i.BusFault_Handler)
    CmdError                                 0x08001935   Thumb Code    48  sdio_sdcard.o(i.CmdError)
    CmdResp1Error                            0x08001965   Thumb Code    94  sdio_sdcard.o(i.CmdResp1Error)
    CmdResp2Error                            0x080019c9   Thumb Code    80  sdio_sdcard.o(i.CmdResp2Error)
    CmdResp3Error                            0x08001a1d   Thumb Code    50  sdio_sdcard.o(i.CmdResp3Error)
    CmdResp6Error                            0x08001a55   Thumb Code   144  sdio_sdcard.o(i.CmdResp6Error)
    CmdResp7Error                            0x08001ae9   Thumb Code    70  sdio_sdcard.o(i.CmdResp7Error)
    DMA_Cmd                                  0x08001b35   Thumb Code    22  stm32f4xx_dma.o(i.DMA_Cmd)
    DMA_DeInit                               0x08001b4d   Thumb Code   324  stm32f4xx_dma.o(i.DMA_DeInit)
    DMA_FlowControllerConfig                 0x08001ca5   Thumb Code    22  stm32f4xx_dma.o(i.DMA_FlowControllerConfig)
    DMA_GetCmdStatus                         0x08001cbb   Thumb Code    20  stm32f4xx_dma.o(i.DMA_GetCmdStatus)
    DMA_Init                                 0x08001cd1   Thumb Code    82  stm32f4xx_dma.o(i.DMA_Init)
    DebugMon_Handler                         0x08001d29   Thumb Code     2  stm32f4xx_it.o(i.DebugMon_Handler)
    EXTI_ClearITPendingBit                   0x08001d2d   Thumb Code     6  stm32f4xx_exti.o(i.EXTI_ClearITPendingBit)
    FSMC_NORSRAMCmd                          0x08001d39   Thumb Code    46  stm32f4xx_fsmc.o(i.FSMC_NORSRAMCmd)
    FSMC_NORSRAMInit                         0x08001d6d   Thumb Code   230  stm32f4xx_fsmc.o(i.FSMC_NORSRAMInit)
    FindSCR                                  0x08001e55   Thumb Code   388  sdio_sdcard.o(i.FindSCR)
    GPIO_Init                                0x08001fe9   Thumb Code   144  stm32f4xx_gpio.o(i.GPIO_Init)
    GPIO_PinAFConfig                         0x08002079   Thumb Code    70  stm32f4xx_gpio.o(i.GPIO_PinAFConfig)
    GPIO_ReadInputDataBit                    0x080020bf   Thumb Code    18  stm32f4xx_gpio.o(i.GPIO_ReadInputDataBit)
    GPIO_SetBits                             0x080020d1   Thumb Code     4  stm32f4xx_gpio.o(i.GPIO_SetBits)
    GPS_Analysis                             0x080020d5   Thumb Code    48  gps.o(i.GPS_Analysis)
    Get_Adc                                  0x08002105   Thumb Code    44  adc.o(i.Get_Adc)
    Get_Adc_Average                          0x08002135   Thumb Code    46  adc.o(i.Get_Adc_Average)
    Get_Temprate                             0x08002165   Thumb Code   140  adc.o(i.Get_Temprate)
    Gps_Msg_Show                             0x08002219   Thumb Code   574  main.o(i.Gps_Msg_Show)
    HardFault_Handler                        0x0800253d   Thumb Code     4  stm32f4xx_it.o(i.HardFault_Handler)
    KEY_Init                                 0x08002541   Thumb Code    60  key.o(i.KEY_Init)
    KEY_Scan                                 0x08002585   Thumb Code   188  key.o(i.KEY_Scan)
    LCD_Clear                                0x0800264d   Thumb Code   100  lcd.o(i.LCD_Clear)
    LCD_Display_Dir                          0x080026b9   Thumb Code    38  lcd.o(i.LCD_Display_Dir)
    LCD_Fast_DrawPoint                       0x080026e5   Thumb Code    88  lcd.o(i.LCD_Fast_DrawPoint)
    LCD_Fill                                 0x08002745   Thumb Code   180  lcd.o(i.LCD_Fill)
    LCD_Init                                 0x080027fd   Thumb Code  1184  lcd.o(i.LCD_Init)
    LCD_Pow                                  0x08002ca1   Thumb Code    22  lcd.o(i.LCD_Pow)
    LCD_RD_DATA                              0x08002cb9   Thumb Code    14  lcd.o(i.LCD_RD_DATA)
    LCD_ReadReg                              0x08002ccd   Thumb Code    22  lcd.o(i.LCD_ReadReg)
    LCD_Scan_Dir                             0x08002ce5   Thumb Code   176  lcd.o(i.LCD_Scan_Dir)
    LCD_SetCursor                            0x08002d99   Thumb Code    58  lcd.o(i.LCD_SetCursor)
    LCD_ShowChar                             0x08002dd9   Thumb Code   272  lcd.o(i.LCD_ShowChar)
    LCD_ShowNum                              0x08002f01   Thumb Code   148  lcd.o(i.LCD_ShowNum)
    LCD_ShowString                           0x08002f95   Thumb Code   102  lcd.o(i.LCD_ShowString)
    LCD_ShowxNum                             0x08002ffb   Thumb Code   190  lcd.o(i.LCD_ShowxNum)
    LCD_WR_DATA                              0x080030b9   Thumb Code    18  lcd.o(i.LCD_WR_DATA)
    LCD_WR_REG                               0x080030d1   Thumb Code    18  lcd.o(i.LCD_WR_REG)
    LCD_WriteRAM_Prepare                     0x080030e9   Thumb Code    10  lcd.o(i.LCD_WriteRAM_Prepare)
    LCD_WriteReg                             0x080030fd   Thumb Code    14  lcd.o(i.LCD_WriteReg)
    LED_Init                                 0x08003111   Thumb Code    60  led.o(i.LED_Init)
    MemManage_Handler                        0x08003151   Thumb Code     4  stm32f4xx_it.o(i.MemManage_Handler)
    NMEA_Comma_Pos                           0x08003155   Thumb Code    50  gps.o(i.NMEA_Comma_Pos)
    NMEA_GPGGA_Analysis                      0x08003189   Thumb Code    96  gps.o(i.NMEA_GPGGA_Analysis)
    NMEA_GPGSA_Analysis                      0x080031f1   Thumb Code   176  gps.o(i.NMEA_GPGSA_Analysis)
    NMEA_GPGSV_Analysis                      0x080032a9   Thumb Code   290  gps.o(i.NMEA_GPGSV_Analysis)
    NMEA_GPRMC_Analysis                      0x080033d5   Thumb Code   532  gps.o(i.NMEA_GPRMC_Analysis)
    NMEA_GPVTG_Analysis                      0x080035f5   Thumb Code    78  gps.o(i.NMEA_GPVTG_Analysis)
    NMEA_Pow                                 0x0800364d   Thumb Code    22  gps.o(i.NMEA_Pow)
    NMEA_Str2num                             0x08003663   Thumb Code   234  gps.o(i.NMEA_Str2num)
    NMI_Handler                              0x0800374d   Thumb Code     2  stm32f4xx_it.o(i.NMI_Handler)
    NVIC_Init                                0x08003751   Thumb Code   106  misc.o(i.NVIC_Init)
    NVIC_PriorityGroupConfig                 0x080037c9   Thumb Code    10  misc.o(i.NVIC_PriorityGroupConfig)
    PendSV_Handler                           0x080037dd   Thumb Code     2  stm32f4xx_it.o(i.PendSV_Handler)
    RCC_AHB1PeriphClockCmd                   0x080037e1   Thumb Code    26  stm32f4xx_rcc.o(i.RCC_AHB1PeriphClockCmd)
    RCC_AHB3PeriphClockCmd                   0x08003801   Thumb Code    26  stm32f4xx_rcc.o(i.RCC_AHB3PeriphClockCmd)
    RCC_APB1PeriphClockCmd                   0x08003821   Thumb Code    26  stm32f4xx_rcc.o(i.RCC_APB1PeriphClockCmd)
    RCC_APB1PeriphResetCmd                   0x08003841   Thumb Code    26  stm32f4xx_rcc.o(i.RCC_APB1PeriphResetCmd)
    RCC_APB2PeriphClockCmd                   0x08003861   Thumb Code    26  stm32f4xx_rcc.o(i.RCC_APB2PeriphClockCmd)
    RCC_APB2PeriphResetCmd                   0x08003881   Thumb Code    26  stm32f4xx_rcc.o(i.RCC_APB2PeriphResetCmd)
    RCC_GetClocksFreq                        0x080038a1   Thumb Code   214  stm32f4xx_rcc.o(i.RCC_GetClocksFreq)
    RTC_Alarm_IRQHandler                     0x08003989   Thumb Code    36  rtc.o(i.RTC_Alarm_IRQHandler)
    RTC_ClearFlag                            0x080039b9   Thumb Code    24  stm32f4xx_rtc.o(i.RTC_ClearFlag)
    RTC_GetFlagStatus                        0x080039d5   Thumb Code    32  stm32f4xx_rtc.o(i.RTC_GetFlagStatus)
    RTC_WKUP_IRQHandler                      0x080039fd   Thumb Code    46  rtc.o(i.RTC_WKUP_IRQHandler)
    SDEnWideBus                              0x08003a31   Thumb Code   158  sdio_sdcard.o(i.SDEnWideBus)
    SDIO_ClearFlag                           0x08003add   Thumb Code     6  stm32f4xx_sdio.o(i.SDIO_ClearFlag)
    SDIO_Clock_Set                           0x08003ae9   Thumb Code    16  sdio_sdcard.o(i.SDIO_Clock_Set)
    SDIO_DataConfig                          0x08003afd   Thumb Code    46  stm32f4xx_sdio.o(i.SDIO_DataConfig)
    SDIO_GetFlagStatus                       0x08003b31   Thumb Code    20  stm32f4xx_sdio.o(i.SDIO_GetFlagStatus)
    SDIO_GetPowerState                       0x08003b49   Thumb Code    10  stm32f4xx_sdio.o(i.SDIO_GetPowerState)
    SDIO_IRQHandler                          0x08003b59   Thumb Code     8  sdio_sdcard.o(i.SDIO_IRQHandler)
    SDIO_Init                                0x08003b61   Thumb Code    42  stm32f4xx_sdio.o(i.SDIO_Init)
    SDIO_Register_Deinit                     0x08003b91   Thumb Code    48  sdio_sdcard.o(i.SDIO_Register_Deinit)
    SDIO_SendCommand                         0x08003bc9   Thumb Code    40  stm32f4xx_sdio.o(i.SDIO_SendCommand)
    SDIO_SetPowerState                       0x08003bf5   Thumb Code     6  stm32f4xx_sdio.o(i.SDIO_SetPowerState)
    SD_DMA_Config                            0x08003c01   Thumb Code   118  sdio_sdcard.o(i.SD_DMA_Config)
    SD_EnableWideBusOperation                0x08003c81   Thumb Code    94  sdio_sdcard.o(i.SD_EnableWideBusOperation)
    SD_GetCardInfo                           0x08003ce9   Thumb Code   772  sdio_sdcard.o(i.SD_GetCardInfo)
    SD_Init                                  0x08003ffd   Thumb Code   284  sdio_sdcard.o(i.SD_Init)
    SD_InitializeCards                       0x0800412d   Thumb Code   330  sdio_sdcard.o(i.SD_InitializeCards)
    SD_PowerON                               0x08004291   Thumb Code   460  sdio_sdcard.o(i.SD_PowerON)
    SD_ProcessIRQSrc                         0x08004475   Thumb Code   318  sdio_sdcard.o(i.SD_ProcessIRQSrc)
    SD_ReadBlock                             0x080045c9   Thumb Code   574  sdio_sdcard.o(i.SD_ReadBlock)
    SD_ReadDisk                              0x08004831   Thumb Code   148  sdio_sdcard.o(i.SD_ReadDisk)
    SD_ReadMultiBlocks                       0x080048c9   Thumb Code   710  sdio_sdcard.o(i.SD_ReadMultiBlocks)
    SD_SelectDeselect                        0x08004bbd   Thumb Code    42  sdio_sdcard.o(i.SD_SelectDeselect)
    SD_SetDeviceMode                         0x08004bed   Thumb Code    20  sdio_sdcard.o(i.SD_SetDeviceMode)
    SVC_Handler                              0x08004c05   Thumb Code     2  stm32f4xx_it.o(i.SVC_Handler)
    SysTick_CLKSourceConfig                  0x08004cf5   Thumb Code    40  misc.o(i.SysTick_CLKSourceConfig)
    SysTick_Handler                          0x08004d1d   Thumb Code     2  stm32f4xx_it.o(i.SysTick_Handler)
    SystemInit                               0x08004d21   Thumb Code    88  system_stm32f4xx.o(i.SystemInit)
    TIM7_IRQHandler                          0x08004d89   Thumb Code    42  timer.o(i.TIM7_IRQHandler)
    TIM7_Int_Init                            0x08004dbd   Thumb Code    88  timer.o(i.TIM7_Int_Init)
    TIM_ClearITPendingBit                    0x08004e19   Thumb Code     6  stm32f4xx_tim.o(i.TIM_ClearITPendingBit)
    TIM_Cmd                                  0x08004e1f   Thumb Code    24  stm32f4xx_tim.o(i.TIM_Cmd)
    TIM_GetITStatus                          0x08004e37   Thumb Code    34  stm32f4xx_tim.o(i.TIM_GetITStatus)
    TIM_ITConfig                             0x08004e59   Thumb Code    18  stm32f4xx_tim.o(i.TIM_ITConfig)
    TIM_SetCounter                           0x08004e6b   Thumb Code     4  stm32f4xx_tim.o(i.TIM_SetCounter)
    TIM_TimeBaseInit                         0x08004e71   Thumb Code   104  stm32f4xx_tim.o(i.TIM_TimeBaseInit)
    USART1_IRQHandler                        0x08004ef5   Thumb Code   122  usart.o(i.USART1_IRQHandler)
    USART3_IRQHandler                        0x08004f7d   Thumb Code    94  usart3.o(i.USART3_IRQHandler)
    USART_Cmd                                0x08004fed   Thumb Code    24  stm32f4xx_usart.o(i.USART_Cmd)
    USART_DeInit                             0x08005005   Thumb Code   206  stm32f4xx_usart.o(i.USART_DeInit)
    USART_GetITStatus                        0x080050f5   Thumb Code    84  stm32f4xx_usart.o(i.USART_GetITStatus)
    USART_ITConfig                           0x08005149   Thumb Code    74  stm32f4xx_usart.o(i.USART_ITConfig)
    USART_Init                               0x08005195   Thumb Code   204  stm32f4xx_usart.o(i.USART_Init)
    USART_ReceiveData                        0x08005269   Thumb Code    10  stm32f4xx_usart.o(i.USART_ReceiveData)
    Ublox_Cfg_Ack_Check                      0x08005275   Thumb Code   104  gps.o(i.Ublox_Cfg_Ack_Check)
    Ublox_Cfg_Cfg_Save                       0x080052e5   Thumb Code   100  gps.o(i.Ublox_Cfg_Cfg_Save)
    Ublox_Cfg_Prt                            0x0800534d   Thumb Code    94  gps.o(i.Ublox_Cfg_Prt)
    Ublox_Cfg_Rate                           0x080053b1   Thumb Code    68  gps.o(i.Ublox_Cfg_Rate)
    Ublox_Cfg_Tp                             0x080053f9   Thumb Code    90  gps.o(i.Ublox_Cfg_Tp)
    Ublox_CheckSum                           0x08005459   Thumb Code    40  gps.o(i.Ublox_CheckSum)
    Ublox_Send_Date                          0x08005481   Thumb Code    40  gps.o(i.Ublox_Send_Date)
    UsageFault_Handler                       0x080054ad   Thumb Code     4  stm32f4xx_it.o(i.UsageFault_Handler)
    __ARM_fpclassify                         0x080054b1   Thumb Code    48  fpclassify.o(i.__ARM_fpclassify)
    _is_digit                                0x080054e1   Thumb Code    14  __printf_wp.o(i._is_digit)
    _sys_exit                                0x080054ef   Thumb Code     6  usart.o(i._sys_exit)
    convert_from_bytes_to_power_of_two       0x080054f5   Thumb Code    18  sdio_sdcard.o(i.convert_from_bytes_to_power_of_two)
    delay_init                               0x08005509   Thumb Code    52  delay.o(i.delay_init)
    delay_ms                                 0x08005545   Thumb Code    56  delay.o(i.delay_ms)
    delay_us                                 0x0800557d   Thumb Code    72  delay.o(i.delay_us)
    delay_xms                                0x080055c9   Thumb Code    72  delay.o(i.delay_xms)
    fputc                                    0x08005615   Thumb Code    22  usart.o(i.fputc)
    main                                     0x08005631   Thumb Code  1600  main.o(i.main)
    my_mem_free                              0x08005c8d   Thumb Code    96  malloc.o(i.my_mem_free)
    my_mem_init                              0x08005cf9   Thumb Code    54  malloc.o(i.my_mem_init)
    my_mem_malloc                            0x08005d3d   Thumb Code   156  malloc.o(i.my_mem_malloc)
    my_mem_perused                           0x08005de5   Thumb Code    54  malloc.o(i.my_mem_perused)
    myfree                                   0x08005e25   Thumb Code    30  malloc.o(i.myfree)
    mymalloc                                 0x08005e49   Thumb Code    34  malloc.o(i.mymalloc)
    mymemset                                 0x08005e71   Thumb Code    20  malloc.o(i.mymemset)
    show_sdcard_info                         0x08005e85   Thumb Code   112  main.o(i.show_sdcard_info)
    uart_init                                0x08005fb5   Thumb Code   164  usart.o(i.uart_init)
    usart3_init                              0x08006061   Thumb Code   194  usart3.o(i.usart3_init)
    _get_lc_numeric                          0x08006135   Thumb Code    44  lc_numeric_c.o(locale$$code)
    __aeabi_dadd                             0x08006161   Thumb Code     0  daddsub_clz.o(x$fpl$dadd)
    _dadd                                    0x08006161   Thumb Code   332  daddsub_clz.o(x$fpl$dadd)
    __aeabi_ddiv                             0x080062b1   Thumb Code     0  ddiv.o(x$fpl$ddiv)
    _ddiv                                    0x080062b1   Thumb Code   552  ddiv.o(x$fpl$ddiv)
    __aeabi_d2iz                             0x08006561   Thumb Code     0  dfix.o(x$fpl$dfix)
    _dfix                                    0x08006561   Thumb Code    94  dfix.o(x$fpl$dfix)
    __aeabi_dmul                             0x080065c1   Thumb Code     0  dmul.o(x$fpl$dmul)
    _dmul                                    0x080065c1   Thumb Code   332  dmul.o(x$fpl$dmul)
    __fpl_dnaninf                            0x08006715   Thumb Code   156  dnaninf.o(x$fpl$dnaninf)
    __fpl_dretinf                            0x080067b1   Thumb Code    12  dretinf.o(x$fpl$dretinf)
    __aeabi_dsub                             0x080067bd   Thumb Code     0  daddsub_clz.o(x$fpl$dsub)
    _dsub                                    0x080067bd   Thumb Code   464  daddsub_clz.o(x$fpl$dsub)
    __aeabi_f2d                              0x08006991   Thumb Code     0  f2d.o(x$fpl$f2d)
    _f2d                                     0x08006991   Thumb Code    86  f2d.o(x$fpl$f2d)
    __fpl_fnaninf                            0x080069e7   Thumb Code   140  fnaninf.o(x$fpl$fnaninf)
    _fp_init                                 0x08006a73   Thumb Code    10  fpinit.o(x$fpl$fpinit)
    __fplib_config_fpu_vfp                   0x08006a7b   Thumb Code     0  fpinit.o(x$fpl$fpinit)
    __fplib_config_pureend_doubles           0x08006a7b   Thumb Code     0  fpinit.o(x$fpl$fpinit)
    _printf_fp_dec                           0x08006a7d   Thumb Code     4  printf1.o(x$fpl$printf1)
    __I$use$fp                               0x08006a80   Number         0  usenofp.o(x$fpl$usenofp)
    asc2_1206                                0x08006a80   Data        1140  lcd.o(.constdata)
    asc2_1608                                0x08006ef4   Data        1520  lcd.o(.constdata)
    asc2_2412                                0x080074e4   Data        3420  lcd.o(.constdata)
    memtblsize                               0x08008240   Data          12  malloc.o(.constdata)
    memblksize                               0x0800824c   Data          12  malloc.o(.constdata)
    memsize                                  0x08008258   Data          12  malloc.o(.constdata)
    Region$$Table$$Base                      0x0800834c   Number         0  anon$$obj.o(Region$$Table)
    Region$$Table$$Limit                     0x0800836c   Number         0  anon$$obj.o(Region$$Table)
    mem3base                                 0x10000000   Data       61440  malloc.o(.ARM.__AT_0x10000000)
    mem3mapbase                              0x1000f000   Data        3840  malloc.o(.ARM.__AT_0x1000F000)
    fixmode_tbl                              0x20000000   Data          16  main.o(.data)
    __stdout                                 0x20000024   Data           4  usart.o(.data)
    USART_RX_STA                             0x20000028   Data           2  usart.o(.data)
    POINT_COLOR                              0x2000002c   Data           2  lcd.o(.data)
    BACK_COLOR                               0x2000002e   Data           2  lcd.o(.data)
    TransferError                            0x2000003a   Data           1  sdio_sdcard.o(.data)
    TransferEnd                              0x2000003b   Data           1  sdio_sdcard.o(.data)
    tempbuff                                 0x2000003c   Data           4  sdio_sdcard.o(.data)
    USART3_RX_STA                            0x20000040   Data           2  usart3.o(.data)
    mallco_dev                               0x20000044   Data          36  malloc.o(.data)
    USART1_TX_BUF                            0x20000068   Data         800  main.o(.bss)
    gpsx                                     0x20000388   Data         105  main.o(.bss)
    dtbuf                                    0x200003f4   Data          50  main.o(.bss)
    USART_RX_BUF                             0x20000426   Data         200  usart.o(.bss)
    lcddev                                   0x200004ee   Data          14  lcd.o(.bss)
    SDIO_InitStructure                       0x20000500   Data          24  sdio_sdcard.o(.bss)
    SDIO_CmdInitStructure                    0x20000518   Data          20  sdio_sdcard.o(.bss)
    SDIO_DataInitStructure                   0x2000052c   Data          24  sdio_sdcard.o(.bss)
    SDCardInfo                               0x20000568   Data          88  sdio_sdcard.o(.bss)
    SDIO_DATA_BUFFER                         0x200005c0   Data         512  sdio_sdcard.o(.bss)
    USART3_TX_BUF                            0x200007c0   Data         800  usart3.o(.bss)
    USART3_RX_BUF                            0x20000ae0   Data         800  usart3.o(.bss)
    mem1base                                 0x20000e00   Data       102400  malloc.o(.bss)
    mem1mapbase                              0x20019e00   Data        6400  malloc.o(.bss)
    __libspace_start                         0x2001b700   Data          96  libspace.o(.bss)
    __temporary_stack_top$libspace           0x2001b760   Data           0  libspace.o(.bss)
    mem2base                                 0x68000000   Data       983040  malloc.o(.ARM.__AT_0x68000000)
    mem2mapbase                              0x680f0000   Data       61440  malloc.o(.ARM.__AT_0x680F0000)



==============================================================================

Memory Map of the image

  Image Entry point : 0x08000189

  Load Region LR_IROM1 (Base: 0x08000000, Size: 0x000083f0, Max: 0x00080000, ABSOLUTE)

    Execution Region ER_IROM1 (Base: 0x08000000, Size: 0x00008388, Max: 0x00080000, ABSOLUTE)

    Base Addr    Size         Type   Attr      Idx    E Section Name        Object

    0x08000000   0x00000188   Data   RO         6271    RESET               startup_stm32f40_41xxx.o
    0x08000188   0x00000008   Code   RO         6433  * !!!main             c_w.l(__main.o)
    0x08000190   0x00000034   Code   RO         6729    !!!scatter          c_w.l(__scatter.o)
    0x080001c4   0x0000001a   Code   RO         6731    !!handler_copy      c_w.l(__scatter_copy.o)
    0x080001de   0x00000002   PAD
    0x080001e0   0x0000001c   Code   RO         6733    !!handler_zi        c_w.l(__scatter_zi.o)
    0x080001fc   0x00000000   Code   RO         6424    .ARM.Collect$$_printf_percent$$00000000  c_w.l(_printf_percent.o)
    0x080001fc   0x00000006   Code   RO         6423    .ARM.Collect$$_printf_percent$$00000003  c_w.l(_printf_f.o)
    0x08000202   0x00000006   Code   RO         6422    .ARM.Collect$$_printf_percent$$00000009  c_w.l(_printf_d.o)
    0x08000208   0x00000006   Code   RO         6421    .ARM.Collect$$_printf_percent$$0000000C  c_w.l(_printf_x.o)
    0x0800020e   0x00000006   Code   RO         6419    .ARM.Collect$$_printf_percent$$00000013  c_w.l(_printf_c.o)
    0x08000214   0x00000006   Code   RO         6420    .ARM.Collect$$_printf_percent$$00000014  c_w.l(_printf_s.o)
    0x0800021a   0x00000004   Code   RO         6503    .ARM.Collect$$_printf_percent$$00000017  c_w.l(_printf_percent_end.o)
    0x0800021e   0x00000002   Code   RO         6604    .ARM.Collect$$libinit$$00000000  c_w.l(libinit.o)
    0x08000220   0x00000004   Code   RO         6605    .ARM.Collect$$libinit$$00000001  c_w.l(libinit2.o)
    0x08000224   0x00000000   Code   RO         6608    .ARM.Collect$$libinit$$00000004  c_w.l(libinit2.o)
    0x08000224   0x00000000   Code   RO         6611    .ARM.Collect$$libinit$$0000000A  c_w.l(libinit2.o)
    0x08000224   0x00000000   Code   RO         6613    .ARM.Collect$$libinit$$0000000C  c_w.l(libinit2.o)
    0x08000224   0x00000000   Code   RO         6615    .ARM.Collect$$libinit$$0000000E  c_w.l(libinit2.o)
    0x08000224   0x00000006   Code   RO         6616    .ARM.Collect$$libinit$$0000000F  c_w.l(libinit2.o)
    0x0800022a   0x00000000   Code   RO         6618    .ARM.Collect$$libinit$$00000011  c_w.l(libinit2.o)
    0x0800022a   0x00000000   Code   RO         6620    .ARM.Collect$$libinit$$00000013  c_w.l(libinit2.o)
    0x0800022a   0x00000000   Code   RO         6622    .ARM.Collect$$libinit$$00000015  c_w.l(libinit2.o)
    0x0800022a   0x0000000a   Code   RO         6623    .ARM.Collect$$libinit$$00000016  c_w.l(libinit2.o)
    0x08000234   0x00000000   Code   RO         6624    .ARM.Collect$$libinit$$00000017  c_w.l(libinit2.o)
    0x08000234   0x00000000   Code   RO         6626    .ARM.Collect$$libinit$$00000019  c_w.l(libinit2.o)
    0x08000234   0x00000000   Code   RO         6628    .ARM.Collect$$libinit$$0000001B  c_w.l(libinit2.o)
    0x08000234   0x00000000   Code   RO         6630    .ARM.Collect$$libinit$$0000001D  c_w.l(libinit2.o)
    0x08000234   0x00000000   Code   RO         6632    .ARM.Collect$$libinit$$0000001F  c_w.l(libinit2.o)
    0x08000234   0x00000000   Code   RO         6634    .ARM.Collect$$libinit$$00000021  c_w.l(libinit2.o)
    0x08000234   0x00000000   Code   RO         6636    .ARM.Collect$$libinit$$00000023  c_w.l(libinit2.o)
    0x08000234   0x00000000   Code   RO         6638    .ARM.Collect$$libinit$$00000025  c_w.l(libinit2.o)
    0x08000234   0x00000000   Code   RO         6642    .ARM.Collect$$libinit$$0000002C  c_w.l(libinit2.o)
    0x08000234   0x00000000   Code   RO         6644    .ARM.Collect$$libinit$$0000002E  c_w.l(libinit2.o)
    0x08000234   0x00000000   Code   RO         6646    .ARM.Collect$$libinit$$00000030  c_w.l(libinit2.o)
    0x08000234   0x00000000   Code   RO         6648    .ARM.Collect$$libinit$$00000032  c_w.l(libinit2.o)
    0x08000234   0x00000002   Code   RO         6649    .ARM.Collect$$libinit$$00000033  c_w.l(libinit2.o)
    0x08000236   0x00000002   Code   RO         6680    .ARM.Collect$$libshutdown$$00000000  c_w.l(libshutdown.o)
    0x08000238   0x00000000   Code   RO         6690    .ARM.Collect$$libshutdown$$00000003  c_w.l(libshutdown2.o)
    0x08000238   0x00000000   Code   RO         6693    .ARM.Collect$$libshutdown$$00000006  c_w.l(libshutdown2.o)
    0x08000238   0x00000000   Code   RO         6696    .ARM.Collect$$libshutdown$$00000009  c_w.l(libshutdown2.o)
    0x08000238   0x00000000   Code   RO         6698    .ARM.Collect$$libshutdown$$0000000B  c_w.l(libshutdown2.o)
    0x08000238   0x00000000   Code   RO         6701    .ARM.Collect$$libshutdown$$0000000E  c_w.l(libshutdown2.o)
    0x08000238   0x00000002   Code   RO         6702    .ARM.Collect$$libshutdown$$0000000F  c_w.l(libshutdown2.o)
    0x0800023a   0x00000000   Code   RO         6467    .ARM.Collect$$rtentry$$00000000  c_w.l(__rtentry.o)
    0x0800023a   0x00000000   Code   RO         6523    .ARM.Collect$$rtentry$$00000002  c_w.l(__rtentry2.o)
    0x0800023a   0x00000006   Code   RO         6535    .ARM.Collect$$rtentry$$00000004  c_w.l(__rtentry4.o)
    0x08000240   0x00000000   Code   RO         6525    .ARM.Collect$$rtentry$$00000009  c_w.l(__rtentry2.o)
    0x08000240   0x00000004   Code   RO         6526    .ARM.Collect$$rtentry$$0000000A  c_w.l(__rtentry2.o)
    0x08000244   0x00000000   Code   RO         6528    .ARM.Collect$$rtentry$$0000000C  c_w.l(__rtentry2.o)
    0x08000244   0x00000008   Code   RO         6529    .ARM.Collect$$rtentry$$0000000D  c_w.l(__rtentry2.o)
    0x0800024c   0x00000002   Code   RO         6650    .ARM.Collect$$rtexit$$00000000  c_w.l(rtexit.o)
    0x0800024e   0x00000000   Code   RO         6660    .ARM.Collect$$rtexit$$00000002  c_w.l(rtexit2.o)
    0x0800024e   0x00000004   Code   RO         6661    .ARM.Collect$$rtexit$$00000003  c_w.l(rtexit2.o)
    0x08000252   0x00000006   Code   RO         6662    .ARM.Collect$$rtexit$$00000004  c_w.l(rtexit2.o)
    0x08000258   0x00000010   Code   RO         5102    .emb_text           sys.o
    0x08000268   0x00000040   Code   RO         6272    .text               startup_stm32f40_41xxx.o
    0x080002a8   0x00000002   Code   RO         6358    .text               c_w.l(use_no_semi_2.o)
    0x080002aa   0x00000002   PAD
    0x080002ac   0x00000018   Code   RO         6362    .text               c_w.l(__2printf.o)
    0x080002c4   0x0000002c   Code   RO         6364    .text               c_w.l(__2sprintf.o)
    0x080002f0   0x0000004e   Code   RO         6372    .text               c_w.l(_printf_pad.o)
    0x0800033e   0x00000052   Code   RO         6374    .text               c_w.l(_printf_str.o)
    0x08000390   0x00000078   Code   RO         6376    .text               c_w.l(_printf_dec.o)
    0x08000408   0x00000094   Code   RO         6396    .text               c_w.l(_printf_hex_int_ll_ptr.o)
    0x0800049c   0x00000188   Code   RO         6416    .text               c_w.l(__printf_flags_ss_wp.o)
    0x08000624   0x00000024   Code   RO         6425    .text               c_w.l(strstr.o)
    0x08000648   0x0000008a   Code   RO         6429    .text               c_w.l(rt_memcpy_v6.o)
    0x080006d2   0x00000006   Code   RO         6431    .text               c_w.l(heapauxi.o)
    0x080006d8   0x00000002   Code   RO         6465    .text               c_w.l(use_no_semi.o)
    0x080006da   0x000000b2   Code   RO         6470    .text               c_w.l(_printf_intcommon.o)
    0x0800078c   0x0000041a   Code   RO         6474    .text               c_w.l(_printf_fp_dec.o)
    0x08000ba6   0x00000002   PAD
    0x08000ba8   0x00000030   Code   RO         6476    .text               c_w.l(_printf_char_common.o)
    0x08000bd8   0x0000000a   Code   RO         6478    .text               c_w.l(_sputc.o)
    0x08000be2   0x0000002c   Code   RO         6480    .text               c_w.l(_printf_char.o)
    0x08000c0e   0x00000002   PAD
    0x08000c10   0x00000024   Code   RO         6482    .text               c_w.l(_printf_char_file.o)
    0x08000c34   0x00000064   Code   RO         6513    .text               c_w.l(rt_memcpy_w.o)
    0x08000c98   0x00000008   Code   RO         6540    .text               c_w.l(rt_locale_intlibspace.o)
    0x08000ca0   0x0000008a   Code   RO         6542    .text               c_w.l(lludiv10.o)
    0x08000d2a   0x00000002   PAD
    0x08000d2c   0x00000080   Code   RO         6544    .text               c_w.l(_printf_fp_infnan.o)
    0x08000dac   0x000000dc   Code   RO         6550    .text               c_w.l(bigflt0.o)
    0x08000e88   0x00000008   Code   RO         6575    .text               c_w.l(ferror.o)
    0x08000e90   0x00000008   Code   RO         6588    .text               c_w.l(libspace.o)
    0x08000e98   0x0000004a   Code   RO         6591    .text               c_w.l(sys_stackheap_outer.o)
    0x08000ee2   0x0000000c   Code   RO         6595    .text               c_w.l(exit.o)
    0x08000eee   0x00000002   PAD
    0x08000ef0   0x00000080   Code   RO         6597    .text               c_w.l(strcmpv7m.o)
    0x08000f70   0x0000003e   Code   RO         6553    CL$$btod_d2e        c_w.l(btod.o)
    0x08000fae   0x00000046   Code   RO         6555    CL$$btod_d2e_denorm_low  c_w.l(btod.o)
    0x08000ff4   0x00000060   Code   RO         6554    CL$$btod_d2e_norm_op1  c_w.l(btod.o)
    0x08001054   0x00000338   Code   RO         6563    CL$$btod_div_common  c_w.l(btod.o)
    0x0800138c   0x000000c6   Code   RO         6560    CL$$btod_e2e        c_w.l(btod.o)
    0x08001452   0x00000028   Code   RO         6557    CL$$btod_ediv       c_w.l(btod.o)
    0x0800147a   0x00000028   Code   RO         6556    CL$$btod_emul       c_w.l(btod.o)
    0x080014a2   0x00000244   Code   RO         6562    CL$$btod_mult_common  c_w.l(btod.o)
    0x080016e6   0x00000016   Code   RO          382    i.ADC_Cmd           stm32f4xx_adc.o
    0x080016fc   0x00000030   Code   RO          383    i.ADC_CommonInit    stm32f4xx_adc.o
    0x0800172c   0x00000008   Code   RO          394    i.ADC_GetConversionValue  stm32f4xx_adc.o
    0x08001734   0x00000012   Code   RO          395    i.ADC_GetFlagStatus  stm32f4xx_adc.o
    0x08001746   0x00000002   PAD
    0x08001748   0x00000054   Code   RO          402    i.ADC_Init          stm32f4xx_adc.o
    0x0800179c   0x000000b8   Code   RO          407    i.ADC_RegularChannelConfig  stm32f4xx_adc.o
    0x08001854   0x0000000a   Code   RO          409    i.ADC_SoftwareStartConv  stm32f4xx_adc.o
    0x0800185e   0x00000002   PAD
    0x08001860   0x0000002c   Code   RO          412    i.ADC_TempSensorVrefintCmd  stm32f4xx_adc.o
    0x0800188c   0x000000a4   Code   RO         5169    i.Adc_Init          adc.o
    0x08001930   0x00000004   Code   RO          198    i.BusFault_Handler  stm32f4xx_it.o
    0x08001934   0x00000030   Code   RO         5838    i.CmdError          sdio_sdcard.o
    0x08001964   0x00000064   Code   RO         5839    i.CmdResp1Error     sdio_sdcard.o
    0x080019c8   0x00000054   Code   RO         5840    i.CmdResp2Error     sdio_sdcard.o
    0x08001a1c   0x00000038   Code   RO         5841    i.CmdResp3Error     sdio_sdcard.o
    0x08001a54   0x00000094   Code   RO         5842    i.CmdResp6Error     sdio_sdcard.o
    0x08001ae8   0x0000004c   Code   RO         5843    i.CmdResp7Error     sdio_sdcard.o
    0x08001b34   0x00000016   Code   RO         1321    i.DMA_Cmd           stm32f4xx_dma.o
    0x08001b4a   0x00000002   PAD
    0x08001b4c   0x00000158   Code   RO         1322    i.DMA_DeInit        stm32f4xx_dma.o
    0x08001ca4   0x00000016   Code   RO         1325    i.DMA_FlowControllerConfig  stm32f4xx_dma.o
    0x08001cba   0x00000014   Code   RO         1326    i.DMA_GetCmdStatus  stm32f4xx_dma.o
    0x08001cce   0x00000002   PAD
    0x08001cd0   0x00000058   Code   RO         1333    i.DMA_Init          stm32f4xx_dma.o
    0x08001d28   0x00000002   Code   RO          199    i.DebugMon_Handler  stm32f4xx_it.o
    0x08001d2a   0x00000002   PAD
    0x08001d2c   0x0000000c   Code   RO         1579    i.EXTI_ClearITPendingBit  stm32f4xx_exti.o
    0x08001d38   0x00000034   Code   RO         1934    i.FSMC_NORSRAMCmd   stm32f4xx_fsmc.o
    0x08001d6c   0x000000e6   Code   RO         1936    i.FSMC_NORSRAMInit  stm32f4xx_fsmc.o
    0x08001e52   0x00000002   PAD
    0x08001e54   0x00000194   Code   RO         5844    i.FindSCR           sdio_sdcard.o
    0x08001fe8   0x00000090   Code   RO         2055    i.GPIO_Init         stm32f4xx_gpio.o
    0x08002078   0x00000046   Code   RO         2056    i.GPIO_PinAFConfig  stm32f4xx_gpio.o
    0x080020be   0x00000012   Code   RO         2059    i.GPIO_ReadInputDataBit  stm32f4xx_gpio.o
    0x080020d0   0x00000004   Code   RO         2063    i.GPIO_SetBits      stm32f4xx_gpio.o
    0x080020d4   0x00000030   Code   RO         5233    i.GPS_Analysis      gps.o
    0x08002104   0x00000030   Code   RO         5170    i.Get_Adc           adc.o
    0x08002134   0x0000002e   Code   RO         5171    i.Get_Adc_Average   adc.o
    0x08002162   0x00000002   PAD
    0x08002164   0x000000b4   Code   RO         5172    i.Get_Temprate      adc.o
    0x08002218   0x00000324   Code   RO            3    i.Gps_Msg_Show      main.o
    0x0800253c   0x00000004   Code   RO          200    i.HardFault_Handler  stm32f4xx_it.o
    0x08002540   0x00000044   Code   RO         5425    i.KEY_Init          key.o
    0x08002584   0x000000c8   Code   RO         5426    i.KEY_Scan          key.o
    0x0800264c   0x0000006c   Code   RO         5453    i.LCD_Clear         lcd.o
    0x080026b8   0x0000002c   Code   RO         5457    i.LCD_Display_Dir   lcd.o
    0x080026e4   0x00000060   Code   RO         5462    i.LCD_Fast_DrawPoint  lcd.o
    0x08002744   0x000000b8   Code   RO         5463    i.LCD_Fill          lcd.o
    0x080027fc   0x000004a4   Code   RO         5464    i.LCD_Init          lcd.o
    0x08002ca0   0x00000016   Code   RO         5465    i.LCD_Pow           lcd.o
    0x08002cb6   0x00000002   PAD
    0x08002cb8   0x00000014   Code   RO         5466    i.LCD_RD_DATA       lcd.o
    0x08002ccc   0x00000016   Code   RO         5468    i.LCD_ReadReg       lcd.o
    0x08002ce2   0x00000002   PAD
    0x08002ce4   0x000000b4   Code   RO         5470    i.LCD_Scan_Dir      lcd.o
    0x08002d98   0x00000040   Code   RO         5471    i.LCD_SetCursor     lcd.o
    0x08002dd8   0x00000128   Code   RO         5473    i.LCD_ShowChar      lcd.o
    0x08002f00   0x00000094   Code   RO         5474    i.LCD_ShowNum       lcd.o
    0x08002f94   0x00000066   Code   RO         5475    i.LCD_ShowString    lcd.o
    0x08002ffa   0x000000be   Code   RO         5476    i.LCD_ShowxNum      lcd.o
    0x080030b8   0x00000018   Code   RO         5477    i.LCD_WR_DATA       lcd.o
    0x080030d0   0x00000018   Code   RO         5478    i.LCD_WR_REG        lcd.o
    0x080030e8   0x00000014   Code   RO         5480    i.LCD_WriteRAM_Prepare  lcd.o
    0x080030fc   0x00000014   Code   RO         5481    i.LCD_WriteReg      lcd.o
    0x08003110   0x00000040   Code   RO         5670    i.LED_Init          led.o
    0x08003150   0x00000004   Code   RO          201    i.MemManage_Handler  stm32f4xx_it.o
    0x08003154   0x00000032   Code   RO         5234    i.NMEA_Comma_Pos    gps.o
    0x08003186   0x00000002   PAD
    0x08003188   0x00000068   Code   RO         5235    i.NMEA_GPGGA_Analysis  gps.o
    0x080031f0   0x000000b8   Code   RO         5236    i.NMEA_GPGSA_Analysis  gps.o
    0x080032a8   0x0000012c   Code   RO         5237    i.NMEA_GPGSV_Analysis  gps.o
    0x080033d4   0x00000220   Code   RO         5238    i.NMEA_GPRMC_Analysis  gps.o
    0x080035f4   0x00000058   Code   RO         5239    i.NMEA_GPVTG_Analysis  gps.o
    0x0800364c   0x00000016   Code   RO         5240    i.NMEA_Pow          gps.o
    0x08003662   0x000000ea   Code   RO         5241    i.NMEA_Str2num      gps.o
    0x0800374c   0x00000002   Code   RO          202    i.NMI_Handler       stm32f4xx_it.o
    0x0800374e   0x00000002   PAD
    0x08003750   0x00000078   Code   RO          332    i.NVIC_Init         misc.o
    0x080037c8   0x00000014   Code   RO          333    i.NVIC_PriorityGroupConfig  misc.o
    0x080037dc   0x00000002   Code   RO          203    i.PendSV_Handler    stm32f4xx_it.o
    0x080037de   0x00000002   PAD
    0x080037e0   0x00000020   Code   RO         2919    i.RCC_AHB1PeriphClockCmd  stm32f4xx_rcc.o
    0x08003800   0x00000020   Code   RO         2925    i.RCC_AHB3PeriphClockCmd  stm32f4xx_rcc.o
    0x08003820   0x00000020   Code   RO         2928    i.RCC_APB1PeriphClockCmd  stm32f4xx_rcc.o
    0x08003840   0x00000020   Code   RO         2930    i.RCC_APB1PeriphResetCmd  stm32f4xx_rcc.o
    0x08003860   0x00000020   Code   RO         2931    i.RCC_APB2PeriphClockCmd  stm32f4xx_rcc.o
    0x08003880   0x00000020   Code   RO         2933    i.RCC_APB2PeriphResetCmd  stm32f4xx_rcc.o
    0x080038a0   0x000000e8   Code   RO         2940    i.RCC_GetClocksFreq  stm32f4xx_rcc.o
    0x08003988   0x00000030   Code   RO         5780    i.RTC_Alarm_IRQHandler  rtc.o
    0x080039b8   0x0000001c   Code   RO         3323    i.RTC_ClearFlag     stm32f4xx_rtc.o
    0x080039d4   0x00000028   Code   RO         3335    i.RTC_GetFlagStatus  stm32f4xx_rtc.o
    0x080039fc   0x00000034   Code   RO         5785    i.RTC_WKUP_IRQHandler  rtc.o
    0x08003a30   0x000000ac   Code   RO         5846    i.SDEnWideBus       sdio_sdcard.o
    0x08003adc   0x0000000c   Code   RO         3837    i.SDIO_ClearFlag    stm32f4xx_sdio.o
    0x08003ae8   0x00000014   Code   RO         5847    i.SDIO_Clock_Set    sdio_sdcard.o
    0x08003afc   0x00000034   Code   RO         3843    i.SDIO_DataConfig   stm32f4xx_sdio.o
    0x08003b30   0x00000018   Code   RO         3849    i.SDIO_GetFlagStatus  stm32f4xx_sdio.o
    0x08003b48   0x00000010   Code   RO         3851    i.SDIO_GetPowerState  stm32f4xx_sdio.o
    0x08003b58   0x00000008   Code   RO         5848    i.SDIO_IRQHandler   sdio_sdcard.o
    0x08003b60   0x00000030   Code   RO         3854    i.SDIO_Init         stm32f4xx_sdio.o
    0x08003b90   0x00000038   Code   RO         5849    i.SDIO_Register_Deinit  sdio_sdcard.o
    0x08003bc8   0x0000002c   Code   RO         3857    i.SDIO_SendCommand  stm32f4xx_sdio.o
    0x08003bf4   0x0000000c   Code   RO         3859    i.SDIO_SetPowerState  stm32f4xx_sdio.o
    0x08003c00   0x00000080   Code   RO         5850    i.SD_DMA_Config     sdio_sdcard.o
    0x08003c80   0x00000068   Code   RO         5851    i.SD_EnableWideBusOperation  sdio_sdcard.o
    0x08003ce8   0x00000314   Code   RO         5852    i.SD_GetCardInfo    sdio_sdcard.o
    0x08003ffc   0x00000130   Code   RO         5854    i.SD_Init           sdio_sdcard.o
    0x0800412c   0x00000164   Code   RO         5855    i.SD_InitializeCards  sdio_sdcard.o
    0x08004290   0x000001e4   Code   RO         5857    i.SD_PowerON        sdio_sdcard.o
    0x08004474   0x00000154   Code   RO         5858    i.SD_ProcessIRQSrc  sdio_sdcard.o
    0x080045c8   0x00000268   Code   RO         5859    i.SD_ReadBlock      sdio_sdcard.o
    0x08004830   0x00000098   Code   RO         5860    i.SD_ReadDisk       sdio_sdcard.o
    0x080048c8   0x000002f4   Code   RO         5861    i.SD_ReadMultiBlocks  sdio_sdcard.o
    0x08004bbc   0x00000030   Code   RO         5862    i.SD_SelectDeselect  sdio_sdcard.o
    0x08004bec   0x00000018   Code   RO         5864    i.SD_SetDeviceMode  sdio_sdcard.o
    0x08004c04   0x00000002   Code   RO          204    i.SVC_Handler       stm32f4xx_it.o
    0x08004c06   0x00000002   PAD
    0x08004c08   0x000000ec   Code   RO          295    i.SetSysClock       system_stm32f4xx.o
    0x08004cf4   0x00000028   Code   RO          336    i.SysTick_CLKSourceConfig  misc.o
    0x08004d1c   0x00000002   Code   RO          205    i.SysTick_Handler   stm32f4xx_it.o
    0x08004d1e   0x00000002   PAD
    0x08004d20   0x00000068   Code   RO          297    i.SystemInit        system_stm32f4xx.o
    0x08004d88   0x00000034   Code   RO         6084    i.TIM7_IRQHandler   timer.o
    0x08004dbc   0x0000005c   Code   RO         6085    i.TIM7_Int_Init     timer.o
    0x08004e18   0x00000006   Code   RO         4261    i.TIM_ClearITPendingBit  stm32f4xx_tim.o
    0x08004e1e   0x00000018   Code   RO         4266    i.TIM_Cmd           stm32f4xx_tim.o
    0x08004e36   0x00000022   Code   RO         4287    i.TIM_GetITStatus   stm32f4xx_tim.o
    0x08004e58   0x00000012   Code   RO         4291    i.TIM_ITConfig      stm32f4xx_tim.o
    0x08004e6a   0x00000004   Code   RO         4332    i.TIM_SetCounter    stm32f4xx_tim.o
    0x08004e6e   0x00000002   PAD
    0x08004e70   0x00000084   Code   RO         4338    i.TIM_TimeBaseInit  stm32f4xx_tim.o
    0x08004ef4   0x00000088   Code   RO         5120    i.USART1_IRQHandler  usart.o
    0x08004f7c   0x00000070   Code   RO         6114    i.USART3_IRQHandler  usart3.o
    0x08004fec   0x00000018   Code   RO         4816    i.USART_Cmd         stm32f4xx_usart.o
    0x08005004   0x000000f0   Code   RO         4818    i.USART_DeInit      stm32f4xx_usart.o
    0x080050f4   0x00000054   Code   RO         4820    i.USART_GetITStatus  stm32f4xx_usart.o
    0x08005148   0x0000004a   Code   RO         4822    i.USART_ITConfig    stm32f4xx_usart.o
    0x08005192   0x00000002   PAD
    0x08005194   0x000000d4   Code   RO         4823    i.USART_Init        stm32f4xx_usart.o
    0x08005268   0x0000000a   Code   RO         4830    i.USART_ReceiveData  stm32f4xx_usart.o
    0x08005272   0x00000002   PAD
    0x08005274   0x00000070   Code   RO         5242    i.Ublox_Cfg_Ack_Check  gps.o
    0x080052e4   0x00000068   Code   RO         5243    i.Ublox_Cfg_Cfg_Save  gps.o
    0x0800534c   0x00000064   Code   RO         5245    i.Ublox_Cfg_Prt     gps.o
    0x080053b0   0x00000048   Code   RO         5246    i.Ublox_Cfg_Rate    gps.o
    0x080053f8   0x00000060   Code   RO         5247    i.Ublox_Cfg_Tp      gps.o
    0x08005458   0x00000028   Code   RO         5248    i.Ublox_CheckSum    gps.o
    0x08005480   0x0000002c   Code   RO         5249    i.Ublox_Send_Date   gps.o
    0x080054ac   0x00000004   Code   RO          206    i.UsageFault_Handler  stm32f4xx_it.o
    0x080054b0   0x00000030   Code   RO         6586    i.__ARM_fpclassify  m_wm.l(fpclassify.o)
    0x080054e0   0x0000000e   Code   RO         6409    i._is_digit         c_w.l(__printf_wp.o)
    0x080054ee   0x00000006   Code   RO         5121    i._sys_exit         usart.o
    0x080054f4   0x00000012   Code   RO         5868    i.convert_from_bytes_to_power_of_two  sdio_sdcard.o
    0x08005506   0x00000002   PAD
    0x08005508   0x0000003c   Code   RO         5062    i.delay_init        delay.o
    0x08005544   0x00000038   Code   RO         5063    i.delay_ms          delay.o
    0x0800557c   0x0000004c   Code   RO         5064    i.delay_us          delay.o
    0x080055c8   0x0000004c   Code   RO         5065    i.delay_xms         delay.o
    0x08005614   0x0000001c   Code   RO         5122    i.fputc             usart.o
    0x08005630   0x0000065c   Code   RO            4    i.main              main.o
    0x08005c8c   0x0000006c   Code   RO         6278    i.my_mem_free       malloc.o
    0x08005cf8   0x00000044   Code   RO         6279    i.my_mem_init       malloc.o
    0x08005d3c   0x000000a8   Code   RO         6280    i.my_mem_malloc     malloc.o
    0x08005de4   0x00000040   Code   RO         6281    i.my_mem_perused    malloc.o
    0x08005e24   0x00000024   Code   RO         6282    i.myfree            malloc.o
    0x08005e48   0x00000028   Code   RO         6283    i.mymalloc          malloc.o
    0x08005e70   0x00000014   Code   RO         6285    i.mymemset          malloc.o
    0x08005e84   0x00000130   Code   RO            5    i.show_sdcard_info  main.o
    0x08005fb4   0x000000ac   Code   RO         5123    i.uart_init         usart.o
    0x08006060   0x000000d4   Code   RO         6116    i.usart3_init       usart3.o
    0x08006134   0x0000002c   Code   RO         6582    locale$$code        c_w.l(lc_numeric_c.o)
    0x08006160   0x00000150   Code   RO         6435    x$fpl$dadd          fz_wm.l(daddsub_clz.o)
    0x080062b0   0x000002b0   Code   RO         6442    x$fpl$ddiv          fz_wm.l(ddiv.o)
    0x08006560   0x0000005e   Code   RO         6445    x$fpl$dfix          fz_wm.l(dfix.o)
    0x080065be   0x00000002   PAD
    0x080065c0   0x00000154   Code   RO         6459    x$fpl$dmul          fz_wm.l(dmul.o)
    0x08006714   0x0000009c   Code   RO         6515    x$fpl$dnaninf       fz_wm.l(dnaninf.o)
    0x080067b0   0x0000000c   Code   RO         6517    x$fpl$dretinf       fz_wm.l(dretinf.o)
    0x080067bc   0x000001d4   Code   RO         6437    x$fpl$dsub          fz_wm.l(daddsub_clz.o)
    0x08006990   0x00000056   Code   RO         6461    x$fpl$f2d           fz_wm.l(f2d.o)
    0x080069e6   0x0000008c   Code   RO         6519    x$fpl$fnaninf       fz_wm.l(fnaninf.o)
    0x08006a72   0x0000000a   Code   RO         6657    x$fpl$fpinit        fz_wm.l(fpinit.o)
    0x08006a7c   0x00000004   Code   RO         6463    x$fpl$printf1       fz_wm.l(printf1.o)
    0x08006a80   0x00000000   Code   RO         6521    x$fpl$usenofp       fz_wm.l(usenofp.o)
    0x08006a80   0x000017c0   Data   RO         5484    .constdata          lcd.o
    0x08008240   0x00000024   Data   RO         6292    .constdata          malloc.o
    0x08008264   0x00000028   Data   RO         6397    .constdata          c_w.l(_printf_hex_int_ll_ptr.o)
    0x0800828c   0x00000011   Data   RO         6417    .constdata          c_w.l(__printf_flags_ss_wp.o)
    0x0800829d   0x00000003   PAD
    0x080082a0   0x00000094   Data   RO         6551    .constdata          c_w.l(bigflt0.o)
    0x08008334   0x00000015   Data   RO            7    .conststring        main.o
    0x08008349   0x00000003   PAD
    0x0800834c   0x00000020   Data   RO         6727    Region$$Table       anon$$obj.o
    0x0800836c   0x0000001c   Data   RO         6581    locale$$data        c_w.l(lc_numeric_c.o)


    Execution Region RW_IRAM1 (Base: 0x20000000, Size: 0x0001bd60, Max: 0x00020000, ABSOLUTE)

    Base Addr    Size         Type   Attr      Idx    E Section Name        Object

    0x20000000   0x00000010   Data   RW            8    .data               main.o
    0x20000010   0x00000010   Data   RW         2972    .data               stm32f4xx_rcc.o
    0x20000020   0x00000004   Data   RW         5066    .data               delay.o
    0x20000024   0x00000006   Data   RW         5125    .data               usart.o
    0x2000002a   0x00000001   Data   RW         5427    .data               key.o
    0x2000002b   0x00000001   PAD
    0x2000002c   0x00000004   Data   RW         5485    .data               lcd.o
    0x20000030   0x00000010   Data   RW         5870    .data               sdio_sdcard.o
    0x20000040   0x00000002   Data   RW         6118    .data               usart3.o
    0x20000042   0x00000002   PAD
    0x20000044   0x00000024   Data   RW         6293    .data               malloc.o
    0x20000068   0x000003be   Zero   RW            6    .bss                main.o
    0x20000426   0x000000c8   Zero   RW         5124    .bss                usart.o
    0x200004ee   0x0000000e   Zero   RW         5483    .bss                lcd.o
    0x200004fc   0x00000004   PAD
    0x20000500   0x000002c0   Zero   RW         5869    .bss                sdio_sdcard.o
    0x200007c0   0x00000640   Zero   RW         6117    .bss                usart3.o
    0x20000e00   0x0001a900   Zero   RW         6291    .bss                malloc.o
    0x2001b700   0x00000060   Zero   RW         6589    .bss                c_w.l(libspace.o)
    0x2001b760   0x00000200   Zero   RW         6270    HEAP                startup_stm32f40_41xxx.o
    0x2001b960   0x00000400   Zero   RW         6269    STACK               startup_stm32f40_41xxx.o



  Load Region LR$$.ARM.__AT_0x10000000 (Base: 0x10000000, Size: 0x00000000, Max: 0x0000f000, ABSOLUTE)

    Execution Region ER$$.ARM.__AT_0x10000000 (Base: 0x10000000, Size: 0x0000f000, Max: 0x0000f000, ABSOLUTE, UNINIT)

    Base Addr    Size         Type   Attr      Idx    E Section Name        Object

    0x10000000   0x0000f000   Zero   RW         6287    .ARM.__AT_0x10000000  malloc.o



  Load Region LR$$.ARM.__AT_0x1000F000 (Base: 0x1000f000, Size: 0x00000000, Max: 0x00000f00, ABSOLUTE)

    Execution Region ER$$.ARM.__AT_0x1000F000 (Base: 0x1000f000, Size: 0x00000f00, Max: 0x00000f00, ABSOLUTE, UNINIT)

    Base Addr    Size         Type   Attr      Idx    E Section Name        Object

    0x1000f000   0x00000f00   Zero   RW         6288    .ARM.__AT_0x1000F000  malloc.o



  Load Region LR$$.ARM.__AT_0x68000000 (Base: 0x68000000, Size: 0x00000000, Max: 0x000f0000, ABSOLUTE)

    Execution Region ER$$.ARM.__AT_0x68000000 (Base: 0x68000000, Size: 0x000f0000, Max: 0x000f0000, ABSOLUTE, UNINIT)

    Base Addr    Size         Type   Attr      Idx    E Section Name        Object

    0x68000000   0x000f0000   Zero   RW         6289    .ARM.__AT_0x68000000  malloc.o



  Load Region LR$$.ARM.__AT_0x680F0000 (Base: 0x680f0000, Size: 0x00000000, Max: 0x0000f000, ABSOLUTE)

    Execution Region ER$$.ARM.__AT_0x680F0000 (Base: 0x680f0000, Size: 0x0000f000, Max: 0x0000f000, ABSOLUTE, UNINIT)

    Base Addr    Size         Type   Attr      Idx    E Section Name        Object

    0x680f0000   0x0000f000   Zero   RW         6290    .ARM.__AT_0x680F0000  malloc.o


==============================================================================

Image component sizes


      Code (inc. data)   RO Data    RW Data    ZI Data      Debug   Object Name

       438         54          0          0          0       2614   adc.o
       268         16          0          4          0       2551   delay.o
      2142         80          0          0          0      12266   gps.o
       268         20          0          1          0       1278   key.o
      2752        150       6080          4         14      15550   lcd.o
        64          4          0          0          0        551   led.o
      2736        870         21         16        958     330764   main.o
       504         60         36         36    1218560       6558   malloc.o
       180         24          0          0          0       2129   misc.o
       100         18          0          0          0       1069   rtc.o
      5290        298          0         16        704      29384   sdio_sdcard.o
        64         26        392          0       1536        860   startup_stm32f40_41xxx.o
       418         34          0          0          0       6173   stm32f4xx_adc.o
       496         26          0          0          0       4348   stm32f4xx_dma.o
        12          6          0          0          0        553   stm32f4xx_exti.o
       282          6          0          0          0       1861   stm32f4xx_fsmc.o
       236          0          0          0          0       3014   stm32f4xx_gpio.o
        26          0          0          0          0       4202   stm32f4xx_it.o
       424         54          0         16          0       6518   stm32f4xx_rcc.o
        68         12          0          0          0       1180   stm32f4xx_rtc.o
       208         38          0          0          0       5773   stm32f4xx_sdio.o
       218         28          0          0          0       4311   stm32f4xx_tim.o
       644         42          0          0          0       4977   stm32f4xx_usart.o
        16          0          0          0          0        516   sys.o
       340         32          0          0          0       1521   system_stm32f4xx.o
       144         14          0          0          0       1218   timer.o
       342         28          0          6        200       4360   usart.o
       324         36          0          2       1600       2210   usart3.o

    ----------------------------------------------------------------------
     19040       1976       6564        104    1223576     458309   Object Totals
         0          0         32          0          0          0   (incl. Generated)
        36          0          3          3          4          0   (incl. Padding)

    ----------------------------------------------------------------------

      Code (inc. data)   RO Data    RW Data    ZI Data      Debug   Library Member Name

        24          4          0          0          0         84   __2printf.o
        44          6          0          0          0         84   __2sprintf.o
         8          0          0          0          0         68   __main.o
       392          4         17          0          0         92   __printf_flags_ss_wp.o
        14          0          0          0          0         68   __printf_wp.o
         0          0          0          0          0          0   __rtentry.o
        12          0          0          0          0          0   __rtentry2.o
         6          0          0          0          0          0   __rtentry4.o
        52          8          0          0          0          0   __scatter.o
        26          0          0          0          0          0   __scatter_copy.o
        28          0          0          0          0          0   __scatter_zi.o
         6          0          0          0          0          0   _printf_c.o
        44          0          0          0          0        108   _printf_char.o
        48          6          0          0          0         96   _printf_char_common.o
        36          4          0          0          0         80   _printf_char_file.o
         6          0          0          0          0          0   _printf_d.o
       120         16          0          0          0         92   _printf_dec.o
         6          0          0          0          0          0   _printf_f.o
      1050          0          0          0          0        216   _printf_fp_dec.o
       128         16          0          0          0         84   _printf_fp_infnan.o
       148          4         40          0          0        160   _printf_hex_int_ll_ptr.o
       178          0          0          0          0         88   _printf_intcommon.o
        78          0          0          0          0        108   _printf_pad.o
         0          0          0          0          0          0   _printf_percent.o
         4          0          0          0          0          0   _printf_percent_end.o
         6          0          0          0          0          0   _printf_s.o
        82          0          0          0          0         80   _printf_str.o
         6          0          0          0          0          0   _printf_x.o
        10          0          0          0          0         68   _sputc.o
       220          4        148          0          0         96   bigflt0.o
      1910        128          0          0          0        672   btod.o
        12          0          0          0          0         72   exit.o
         8          0          0          0          0         68   ferror.o
         6          0          0          0          0        152   heapauxi.o
        44         10         28          0          0         76   lc_numeric_c.o
         2          0          0          0          0          0   libinit.o
        22          0          0          0          0          0   libinit2.o
         2          0          0          0          0          0   libshutdown.o
         2          0          0          0          0          0   libshutdown2.o
         8          4          0          0         96         68   libspace.o
       138          0          0          0          0         80   lludiv10.o
         8          4          0          0          0         68   rt_locale_intlibspace.o
       138          0          0          0          0         68   rt_memcpy_v6.o
       100          0          0          0          0         80   rt_memcpy_w.o
         2          0          0          0          0          0   rtexit.o
        10          0          0          0          0          0   rtexit2.o
       128          0          0          0          0         68   strcmpv7m.o
        36          0          0          0          0         80   strstr.o
        74          0          0          0          0         80   sys_stackheap_outer.o
         2          0          0          0          0         68   use_no_semi.o
         2          0          0          0          0         68   use_no_semi_2.o
       804         16          0          0          0        368   daddsub_clz.o
       688        140          0          0          0        256   ddiv.o
        94          4          0          0          0        140   dfix.o
       340         12          0          0          0        152   dmul.o
       156          4          0          0          0        140   dnaninf.o
        12          0          0          0          0        116   dretinf.o
        86          4          0          0          0        132   f2d.o
       140          4          0          0          0        132   fnaninf.o
        10          0          0          0          0        116   fpinit.o
         4          0          0          0          0        116   printf1.o
         0          0          0          0          0          0   usenofp.o
        48          0          0          0          0        124   fpclassify.o

    ----------------------------------------------------------------------
      7832        402        236          0         96       5232   Library Totals
        14          0          3          0          0          0   (incl. Padding)

    ----------------------------------------------------------------------

      Code (inc. data)   RO Data    RW Data    ZI Data      Debug   Library Name

      5436        218        233          0         96       3440   c_w.l
      2334        184          0          0          0       1668   fz_wm.l
        48          0          0          0          0        124   m_wm.l

    ----------------------------------------------------------------------
      7832        402        236          0         96       5232   Library Totals

    ----------------------------------------------------------------------

==============================================================================


      Code (inc. data)   RO Data    RW Data    ZI Data      Debug   

     26872       2378       6800        104    1223672     446169   Grand Totals
     26872       2378       6800        104    1223672     446169   ELF Image Totals
     26872       2378       6800        104          0          0   ROM Totals

==============================================================================

    Total RO  Size (Code + RO Data)                33672 (  32.88kB)
    Total RW  Size (RW Data + ZI Data)           1223776 (1195.09kB)
    Total ROM Size (Code + RO Data + RW Data)      33776 (  32.98kB)

==============================================================================

