Component: ARM Compiler 5.05 update 1 (build 106) Tool: armlink [4d0efa]

==============================================================================

Section Cross References

    main.o(.text) refers to _printf_pad.o(.text) for _printf_pre_padding
    main.o(.text) refers to _printf_percent.o(.ARM.Collect$$_printf_percent$$00000000) for _printf_percent
    main.o(.text) refers to _printf_x.o(.ARM.Collect$$_printf_percent$$0000000C) for _printf_x
    main.o(.text) refers to _printf_hex_int.o(.text) for _printf_longlong_hex
    main.o(.text) refers to misc.o(.text) for NVIC_PriorityGroupConfig
    main.o(.text) refers to delay.o(.text) for delay_init
    main.o(.text) refers to usart.o(.text) for uart_init
    main.o(.text) refers to led.o(.text) for LED_Init
    main.o(.text) refers to lcd.o(.text) for LCD_Init
    main.o(.text) refers to adc.o(.text) for Adc_Init
    main.o(.text) refers to noretval__2sprintf.o(.text) for __2sprintf
    main.o(.text) refers to lcd.o(.data) for POINT_COLOR
    main.o(.text) refers to lcd.o(.bss) for lcddev
    system_stm32f4xx.o(.text) refers to system_stm32f4xx.o(.data) for SystemCoreClock
    startup_stm32f40_41xxx.o(STACK) refers (Special) to heapauxi.o(.text) for __use_two_region_memory
    startup_stm32f40_41xxx.o(HEAP) refers (Special) to heapauxi.o(.text) for __use_two_region_memory
    startup_stm32f40_41xxx.o(RESET) refers (Special) to heapauxi.o(.text) for __use_two_region_memory
    startup_stm32f40_41xxx.o(RESET) refers to startup_stm32f40_41xxx.o(STACK) for __initial_sp
    startup_stm32f40_41xxx.o(RESET) refers to startup_stm32f40_41xxx.o(.text) for Reset_Handler
    startup_stm32f40_41xxx.o(RESET) refers to stm32f4xx_it.o(.text) for NMI_Handler
    startup_stm32f40_41xxx.o(RESET) refers to rtc.o(.text) for RTC_WKUP_IRQHandler
    startup_stm32f40_41xxx.o(RESET) refers to usart.o(.text) for USART1_IRQHandler
    startup_stm32f40_41xxx.o(.text) refers (Special) to heapauxi.o(.text) for __use_two_region_memory
    startup_stm32f40_41xxx.o(.text) refers to system_stm32f4xx.o(.text) for SystemInit
    startup_stm32f40_41xxx.o(.text) refers to __main.o(!!!main) for __main
    startup_stm32f40_41xxx.o(.text) refers to startup_stm32f40_41xxx.o(HEAP) for Heap_Mem
    startup_stm32f40_41xxx.o(.text) refers to startup_stm32f40_41xxx.o(STACK) for Stack_Mem
    stm32f4xx_adc.o(.text) refers to stm32f4xx_rcc.o(.text) for RCC_APB2PeriphResetCmd
    stm32f4xx_can.o(.text) refers to stm32f4xx_rcc.o(.text) for RCC_APB1PeriphResetCmd
    stm32f4xx_cryp.o(.text) refers to stm32f4xx_rcc.o(.text) for RCC_AHB2PeriphResetCmd
    stm32f4xx_cryp_aes.o(.text) refers to stm32f4xx_cryp.o(.text) for CRYP_KeyStructInit
    stm32f4xx_cryp_des.o(.text) refers to stm32f4xx_cryp.o(.text) for CRYP_KeyStructInit
    stm32f4xx_cryp_tdes.o(.text) refers to stm32f4xx_cryp.o(.text) for CRYP_KeyStructInit
    stm32f4xx_dac.o(.text) refers to stm32f4xx_rcc.o(.text) for RCC_APB1PeriphResetCmd
    stm32f4xx_dma2d.o(.text) refers to stm32f4xx_rcc.o(.text) for RCC_AHB1PeriphResetCmd
    stm32f4xx_fsmc.o(.text) refers to stm32f4xx_fsmc.o(.constdata) for FSMC_DefaultTimingStruct
    stm32f4xx_gpio.o(.text) refers to stm32f4xx_rcc.o(.text) for RCC_AHB1PeriphResetCmd
    stm32f4xx_hash.o(.text) refers to stm32f4xx_rcc.o(.text) for RCC_AHB2PeriphResetCmd
    stm32f4xx_hash_md5.o(.text) refers to stm32f4xx_hash.o(.text) for HASH_DeInit
    stm32f4xx_hash_sha1.o(.text) refers to stm32f4xx_hash.o(.text) for HASH_DeInit
    stm32f4xx_i2c.o(.text) refers to stm32f4xx_rcc.o(.text) for RCC_APB1PeriphResetCmd
    stm32f4xx_ltdc.o(.text) refers to stm32f4xx_rcc.o(.text) for RCC_APB2PeriphResetCmd
    stm32f4xx_pwr.o(.text) refers to stm32f4xx_rcc.o(.text) for RCC_APB1PeriphResetCmd
    stm32f4xx_rcc.o(.text) refers to stm32f4xx_rcc.o(.data) for APBAHBPrescTable
    stm32f4xx_rng.o(.text) refers to stm32f4xx_rcc.o(.text) for RCC_AHB2PeriphResetCmd
    stm32f4xx_sai.o(.text) refers to stm32f4xx_rcc.o(.text) for RCC_APB2PeriphResetCmd
    stm32f4xx_sdio.o(.text) refers to stm32f4xx_rcc.o(.text) for RCC_APB2PeriphResetCmd
    stm32f4xx_spi.o(.text) refers to stm32f4xx_rcc.o(.text) for RCC_APB2PeriphResetCmd
    stm32f4xx_syscfg.o(.text) refers to stm32f4xx_rcc.o(.text) for RCC_APB2PeriphResetCmd
    stm32f4xx_tim.o(.text) refers to stm32f4xx_rcc.o(.text) for RCC_APB2PeriphResetCmd
    stm32f4xx_usart.o(.text) refers to stm32f4xx_rcc.o(.text) for RCC_APB2PeriphResetCmd
    stm32f4xx_wwdg.o(.text) refers to stm32f4xx_rcc.o(.text) for RCC_APB1PeriphResetCmd
    delay.o(.text) refers to misc.o(.text) for SysTick_CLKSourceConfig
    delay.o(.text) refers to delay.o(.data) for fac_us
    usart.o(.rev16_text) refers (Special) to use_no_semi_2.o(.text) for __use_no_semihosting
    usart.o(.revsh_text) refers (Special) to use_no_semi_2.o(.text) for __use_no_semihosting
    usart.o(.text) refers (Special) to use_no_semi_2.o(.text) for __use_no_semihosting
[...]
    ..\FWLIB\src\stm32f4xx_syscfg.c          0x00000000   Number         0  stm32f4xx_syscfg.o ABSOLUTE
    ..\FWLIB\src\stm32f4xx_tim.c             0x00000000   Number         0  stm32f4xx_tim.o ABSOLUTE
    ..\FWLIB\src\stm32f4xx_usart.c           0x00000000   Number         0  stm32f4xx_usart.o ABSOLUTE
    ..\FWLIB\src\stm32f4xx_wwdg.c            0x00000000   Number         0  stm32f4xx_wwdg.o ABSOLUTE
    ..\HAREWARE\ADC\adc.c                    0x00000000   Number         0  adc.o ABSOLUTE
    ..\HAREWARE\BEEP\beep.c                  0x00000000   Number         0  beep.o ABSOLUTE
    ..\HAREWARE\IIC\iic.c                    0x00000000   Number         0  iic.o ABSOLUTE
    ..\HAREWARE\KEY\key.c                    0x00000000   Number         0  key.o ABSOLUTE
    ..\HAREWARE\LCD\lcd.c                    0x00000000   Number         0  lcd.o ABSOLUTE
    ..\HAREWARE\LED\LED.c                    0x00000000   Number         0  led.o ABSOLUTE
    ..\HAREWARE\RTC\rtc.c                    0x00000000   Number         0  rtc.o ABSOLUTE
    ..\SYSTEM\delay\delay.c                  0x00000000   Number         0  delay.o ABSOLUTE
    ..\SYSTEM\sys\sys.c                      0x00000000   Number         0  sys.o ABSOLUTE
    ..\SYSTEM\usart\usart.c                  0x00000000   Number         0  usart.o ABSOLUTE
    ..\\FWLIB\\src\\misc.c                   0x00000000   Number         0  misc.o ABSOLUTE
    ..\\FWLIB\\src\\stm32f4xx_adc.c          0x00000000   Number         0  stm32f4xx_adc.o ABSOLUTE
    ..\\FWLIB\\src\\stm32f4xx_can.c          0x00000000   Number         0  stm32f4xx_can.o ABSOLUTE
    ..\\FWLIB\\src\\stm32f4xx_crc.c          0x00000000   Number         0  stm32f4xx_crc.o ABSOLUTE
    ..\\FWLIB\\src\\stm32f4xx_cryp.c         0x00000000   Number         0  stm32f4xx_cryp.o ABSOLUTE
    ..\\FWLIB\\src\\stm32f4xx_cryp_aes.c     0x00000000   Number         0  stm32f4xx_cryp_aes.o ABSOLUTE
    ..\\FWLIB\\src\\stm32f4xx_cryp_des.c     0x00000000   Number         0  stm32f4xx_cryp_des.o ABSOLUTE
    ..\\FWLIB\\src\\stm32f4xx_cryp_tdes.c    0x00000000   Number         0  stm32f4xx_cryp_tdes.o ABSOLUTE
    ..\\FWLIB\\src\\stm32f4xx_dac.c          0x00000000   Number         0  stm32f4xx_dac.o ABSOLUTE
    ..\\FWLIB\\src\\stm32f4xx_dbgmcu.c       0x00000000   Number         0  stm32f4xx_dbgmcu.o ABSOLUTE
    ..\\FWLIB\\src\\stm32f4xx_dcmi.c         0x00000000   Number         0  stm32f4xx_dcmi.o ABSOLUTE
    ..\\FWLIB\\src\\stm32f4xx_dma.c          0x00000000   Number         0  stm32f4xx_dma.o ABSOLUTE
    ..\\FWLIB\\src\\stm32f4xx_dma2d.c        0x00000000   Number         0  stm32f4xx_dma2d.o ABSOLUTE
    ..\\FWLIB\\src\\stm32f4xx_exti.c         0x00000000   Number         0  stm32f4xx_exti.o ABSOLUTE
    ..\\FWLIB\\src\\stm32f4xx_flash.c        0x00000000   Number         0  stm32f4xx_flash.o ABSOLUTE
    ..\\FWLIB\\src\\stm32f4xx_flash_ramfunc.c 0x00000000   Number         0  stm32f4xx_flash_ramfunc.o ABSOLUTE
    ..\\FWLIB\\src\\stm32f4xx_fsmc.c         0x00000000   Number         0  stm32f4xx_fsmc.o ABSOLUTE
    ..\\FWLIB\\src\\stm32f4xx_gpio.c         0x00000000   Number         0  stm32f4xx_gpio.o ABSOLUTE
    ..\\FWLIB\\src\\stm32f4xx_hash.c         0x00000000   Number         0  stm32f4xx_hash.o ABSOLUTE
    ..\\FWLIB\\src\\stm32f4xx_hash_md5.c     0x00000000   Number         0  stm32f4xx_hash_md5.o ABSOLUTE
    ..\\FWLIB\\src\\stm32f4xx_hash_sha1.c    0x00000000   Number         0  stm32f4xx_hash_sha1.o ABSOLUTE
    ..\\FWLIB\\src\\stm32f4xx_i2c.c          0x00000000   Number         0  stm32f4xx_i2c.o ABSOLUTE
    ..\\FWLIB\\src\\stm32f4xx_iwdg.c         0x00000000   Number         0  stm32f4xx_iwdg.o ABSOLUTE
    ..\\FWLIB\\src\\stm32f4xx_ltdc.c         0x00000000   Number         0  stm32f4xx_ltdc.o ABSOLUTE
    ..\\FWLIB\\src\\stm32f4xx_pwr.c          0x00000000   Number         0  stm32f4xx_pwr.o ABSOLUTE
    ..\\FWLIB\\src\\stm32f4xx_rcc.c          0x00000000   Number         0  stm32f4xx_rcc.o ABSOLUTE
    ..\\FWLIB\\src\\stm32f4xx_rng.c          0x00000000   Number         0  stm32f4xx_rng.o ABSOLUTE
    ..\\FWLIB\\src\\stm32f4xx_rtc.c          0x00000000   Number         0  stm32f4xx_rtc.o ABSOLUTE
    ..\\FWLIB\\src\\stm32f4xx_sai.c          0x00000000   Number         0  stm32f4xx_sai.o ABSOLUTE
    ..\\FWLIB\\src\\stm32f4xx_sdio.c         0x00000000   Number         0  stm32f4xx_sdio.o ABSOLUTE
    ..\\FWLIB\\src\\stm32f4xx_spi.c          0x00000000   Number         0  stm32f4xx_spi.o ABSOLUTE
    ..\\FWLIB\\src\\stm32f4xx_syscfg.c       0x00000000   Number         0  stm32f4xx_syscfg.o ABSOLUTE
    ..\\FWLIB\\src\\stm32f4xx_tim.c          0x00000000   Number         0  stm32f4xx_tim.o ABSOLUTE
    ..\\FWLIB\\src\\stm32f4xx_usart.c        0x00000000   Number         0  stm32f4xx_usart.o ABSOLUTE
    ..\\FWLIB\\src\\stm32f4xx_wwdg.c         0x00000000   Number         0  stm32f4xx_wwdg.o ABSOLUTE
    ..\\HAREWARE\\ADC\\adc.c                 0x00000000   Number         0  adc.o ABSOLUTE
    ..\\HAREWARE\\BEEP\\beep.c               0x00000000   Number         0  beep.o ABSOLUTE
    ..\\HAREWARE\\IIC\\iic.c                 0x00000000   Number         0  iic.o ABSOLUTE
    ..\\HAREWARE\\KEY\\key.c                 0x00000000   Number         0  key.o ABSOLUTE
    ..\\HAREWARE\\LCD\\lcd.c                 0x00000000   Number         0  lcd.o ABSOLUTE
    ..\\HAREWARE\\LED\\LED.c                 0x00000000   Number         0  led.o ABSOLUTE
    ..\\HAREWARE\\RTC\\rtc.c                 0x00000000   Number         0  rtc.o ABSOLUTE
    ..\\SYSTEM\\delay\\delay.c               0x00000000   Number         0  delay.o ABSOLUTE
    ..\\SYSTEM\\sys\\sys.c                   0x00000000   Number         0  sys.o ABSOLUTE
    ..\\SYSTEM\\usart\\usart.c               0x00000000   Number         0  usart.o ABSOLUTE
    dc.s                                     0x00000000   Number         0  dc.o ABSOLUTE
    main.c                                   0x00000000   Number         0  main.o ABSOLUTE
    main.c                                   0x00000000   Number         0  main.o ABSOLUTE
    stm32f4xx_it.c                           0x00000000   Number         0  stm32f4xx_it.o ABSOLUTE
    stm32f4xx_it.c                           0x00000000   Number         0  stm32f4xx_it.o ABSOLUTE
    system_stm32f4xx.c                       0x00000000   Number         0  system_stm32f4xx.o ABSOLUTE
    system_stm32f4xx.c                       0x00000000   Number         0  system_stm32f4xx.o ABSOLUTE
    RESET                                    0x08000000   Section      392  startup_stm32f40_41xxx.o(RESET)
    !!!main                                  0x08000188   Section        8  __main.o(!!!main)
    !!!scatter                               0x08000190   Section       52  __scatter.o(!!!scatter)
    !!handler_copy                           0x080001c4   Section       26  __scatter_copy.o(!!handler_copy)
    !!handler_zi                             0x080001e0   Section       28  __scatter_zi.o(!!handler_zi)
    .ARM.Collect$$_printf_percent$$00000000  0x080001fc   Section        0  _printf_percent.o(.ARM.Collect$$_printf_percent$$00000000)
    .ARM.Collect$$_printf_percent$$0000000C  0x080001fc   Section        6  _printf_x.o(.ARM.Collect$$_printf_percent$$0000000C)
    .ARM.Collect$$_printf_percent$$00000017  0x08000202   Section        4  _printf_percent_end.o(.ARM.Collect$$_printf_percent$$00000017)
    .ARM.Collect$$libinit$$00000000          0x08000206   Section        2  libinit.o(.ARM.Collect$$libinit$$00000000)
    .ARM.Collect$$libinit$$00000001          0x08000208   Section        4  libinit2.o(.ARM.Collect$$libinit$$00000001)
    .ARM.Collect$$libinit$$00000004          0x0800020c   Section        0  libinit2.o(.ARM.Collect$$libinit$$00000004)
    .ARM.Collect$$libinit$$0000000A          0x0800020c   Section        0  libinit2.o(.ARM.Collect$$libinit$$0000000A)
    .ARM.Collect$$libinit$$0000000C          0x0800020c   Section        0  libinit2.o(.ARM.Collect$$libinit$$0000000C)
    .ARM.Collect$$libinit$$0000000E          0x0800020c   Section        0  libinit2.o(.ARM.Collect$$libinit$$0000000E)
    .ARM.Collect$$libinit$$00000011          0x0800020c   Section        0  libinit2.o(.ARM.Collect$$libinit$$00000011)
    .ARM.Collect$$libinit$$00000013          0x0800020c   Section        0  libinit2.o(.ARM.Collect$$libinit$$00000013)
    .ARM.Collect$$libinit$$00000015          0x0800020c   Section        0  libinit2.o(.ARM.Collect$$libinit$$00000015)
    .ARM.Collect$$libinit$$00000017          0x0800020c   Section        0  libinit2.o(.ARM.Collect$$libinit$$00000017)
    .ARM.Collect$$libinit$$00000019          0x0800020c   Section        0  libinit2.o(.ARM.Collect$$libinit$$00000019)
    .ARM.Collect$$libinit$$0000001B          0x0800020c   Section        0  libinit2.o(.ARM.Collect$$libinit$$0000001B)
    .ARM.Collect$$libinit$$0000001D          0x0800020c   Section        0  libinit2.o(.ARM.Collect$$libinit$$0000001D)
    .ARM.Collect$$libinit$$0000001F          0x0800020c   Section        0  libinit2.o(.ARM.Collect$$libinit$$0000001F)
    .ARM.Collect$$libinit$$00000021          0x0800020c   Section        0  libinit2.o(.ARM.Collect$$libinit$$00000021)
    .ARM.Collect$$libinit$$00000023          0x0800020c   Section        0  libinit2.o(.ARM.Collect$$libinit$$00000023)
    .ARM.Collect$$libinit$$00000025          0x0800020c   Section        0  libinit2.o(.ARM.Collect$$libinit$$00000025)
    .ARM.Collect$$libinit$$0000002C          0x0800020c   Section        0  libinit2.o(.ARM.Collect$$libinit$$0000002C)
    .ARM.Collect$$libinit$$0000002E          0x0800020c   Section        0  libinit2.o(.ARM.Collect$$libinit$$0000002E)
    .ARM.Collect$$libinit$$00000030          0x0800020c   Section        0  libinit2.o(.ARM.Collect$$libinit$$00000030)
    .ARM.Collect$$libinit$$00000032          0x0800020c   Section        0  libinit2.o(.ARM.Collect$$libinit$$00000032)
    .ARM.Collect$$libinit$$00000033          0x0800020c   Section        2  libinit2.o(.ARM.Collect$$libinit$$00000033)
    .ARM.Collect$$libshutdown$$00000000      0x0800020e   Section        2  libshutdown.o(.ARM.Collect$$libshutdown$$00000000)
    .ARM.Collect$$libshutdown$$00000003      0x08000210   Section        0  libshutdown2.o(.ARM.Collect$$libshutdown$$00000003)
    .ARM.Collect$$libshutdown$$00000006      0x08000210   Section        0  libshutdown2.o(.ARM.Collect$$libshutdown$$00000006)
    .ARM.Collect$$libshutdown$$00000009      0x08000210   Section        0  libshutdown2.o(.ARM.Collect$$libshutdown$$00000009)
    .ARM.Collect$$libshutdown$$0000000B      0x08000210   Section        0  libshutdown2.o(.ARM.Collect$$libshutdown$$0000000B)
    .ARM.Collect$$libshutdown$$0000000E      0x08000210   Section        0  libshutdown2.o(.ARM.Collect$$libshutdown$$0000000E)
    .ARM.Collect$$libshutdown$$0000000F      0x08000210   Section        2  libshutdown2.o(.ARM.Collect$$libshutdown$$0000000F)
    .ARM.Collect$$rtentry$$00000000          0x08000212   Section        0  __rtentry.o(.ARM.Collect$$rtentry$$00000000)
    .ARM.Collect$$rtentry$$00000002          0x08000212   Section        0  __rtentry2.o(.ARM.Collect$$rtentry$$00000002)
    .ARM.Collect$$rtentry$$00000004          0x08000212   Section        6  __rtentry4.o(.ARM.Collect$$rtentry$$00000004)
    .ARM.Collect$$rtentry$$00000009          0x08000218   Section        0  __rtentry2.o(.ARM.Collect$$rtentry$$00000009)
    .ARM.Collect$$rtentry$$0000000A          0x08000218   Section        4  __rtentry2.o(.ARM.Collect$$rtentry$$0000000A)
    .ARM.Collect$$rtentry$$0000000C          0x0800021c   Section        0  __rtentry2.o(.ARM.Collect$$rtentry$$0000000C)
    .ARM.Collect$$rtentry$$0000000D          0x0800021c   Section        8  __rtentry2.o(.ARM.Collect$$rtentry$$0000000D)
    .ARM.Collect$$rtexit$$00000000           0x08000224   Section        2  rtexit.o(.ARM.Collect$$rtexit$$00000000)
    .ARM.Collect$$rtexit$$00000002           0x08000226   Section        0  rtexit2.o(.ARM.Collect$$rtexit$$00000002)
    .ARM.Collect$$rtexit$$00000003           0x08000226   Section        4  rtexit2.o(.ARM.Collect$$rtexit$$00000003)
    .ARM.Collect$$rtexit$$00000004           0x0800022a   Section        6  rtexit2.o(.ARM.Collect$$rtexit$$00000004)
    .text                                    0x08000230   Section        0  main.o(.text)
    .text                                    0x08000464   Section        0  stm32f4xx_it.o(.text)
    .text                                    0x08000480   Section        0  system_stm32f4xx.o(.text)
    SetSysClock                              0x08000481   Thumb Code   220  system_stm32f4xx.o(.text)
    .text                                    0x08000690   Section       64  startup_stm32f40_41xxx.o(.text)
    $v0                                      0x08000690   Number         0  startup_stm32f40_41xxx.o(.text)
    .text                                    0x080006d0   Section        0  misc.o(.text)
    .text                                    0x080007b0   Section        0  stm32f4xx_adc.o(.text)
    .text                                    0x08000c14   Section        0  stm32f4xx_exti.o(.text)
    .text                                    0x08000d24   Section        0  stm32f4xx_fsmc.o(.text)
    .text                                    0x080012ec   Section        0  stm32f4xx_gpio.o(.text)
    .text                                    0x08001580   Section        0  stm32f4xx_pwr.o(.text)
    .text                                    0x080016ec   Section        0  stm32f4xx_rcc.o(.text)
    .text                                    0x08001d48   Section        0  stm32f4xx_rtc.o(.text)
    RTC_ByteToBcd2                           0x08001fdb   Thumb Code    28  stm32f4xx_rtc.o(.text)
    RTC_Bcd2ToByte                           0x08001ff7   Thumb Code    22  stm32f4xx_rtc.o(.text)
    .text                                    0x08002ab0   Section        0  stm32f4xx_usart.o(.text)
    .text                                    0x08002f04   Section        0  delay.o(.text)
    .text                                    0x08003008   Section        0  usart.o(.text)
    .text                                    0x08003154   Section        0  led.o(.text)
    .text                                    0x08003194   Section        0  lcd.o(.text)
    .text                                    0x08003fc0   Section        0  adc.o(.text)
    .text                                    0x08004170   Section        0  rtc.o(.text)
    .text                                    0x080043b4   Section        2  use_no_semi_2.o(.text)
    .text                                    0x080043b8   Section        0  noretval__2printf.o(.text)
    .text                                    0x080043d0   Section        0  noretval__2sprintf.o(.text)
    .text                                    0x080043f8   Section        0  _printf_pad.o(.text)
    .text                                    0x08004448   Section        0  _printf_hex_int.o(.text)
    .text                                    0x080044a0   Section        0  __printf_flags_wp.o(.text)
    .text                                    0x080045d8   Section        0  heapauxi.o(.text)
    .text                                    0x080045de   Section        2  use_no_semi.o(.text)
    .text                                    0x080045e0   Section        0  _printf_intcommon.o(.text)
    .text                                    0x08004694   Section        0  _printf_char_common.o(.text)
    _printf_input_char                       0x08004695   Thumb Code    10  _printf_char_common.o(.text)
    .text                                    0x080046c4   Section        0  _sputc.o(.text)
    .text                                    0x080046d0   Section        0  _printf_char_file.o(.text)
    .text                                    0x080046f4   Section        0  ferror.o(.text)
    .text                                    0x080046fc   Section       74  sys_stackheap_outer.o(.text)
    .text                                    0x08004746   Section        0  exit.o(.text)
    .text                                    0x08004754   Section        8  libspace.o(.text)
    i._is_digit                              0x0800475c   Section        0  __printf_wp.o(i._is_digit)
    x$fpl$dadd                               0x0800476c   Section      336  daddsub_clz.o(x$fpl$dadd)
    $v0                                      0x0800476c   Number         0  daddsub_clz.o(x$fpl$dadd)
    _dadd1                                   0x0800477d   Thumb Code     0  daddsub_clz.o(x$fpl$dadd)
    x$fpl$ddiv                               0x080048bc   Section      688  ddiv.o(x$fpl$ddiv)
    $v0                                      0x080048bc   Number         0  ddiv.o(x$fpl$ddiv)
    ddiv_entry                               0x080048c3   Thumb Code     0  ddiv.o(x$fpl$ddiv)
    x$fpl$dfix                               0x08004b6c   Section       94  dfix.o(x$fpl$dfix)
    $v0                                      0x08004b6c   Number         0  dfix.o(x$fpl$dfix)
    x$fpl$dfixu                              0x08004bcc   Section       90  dfixu.o(x$fpl$dfixu)
    $v0                                      0x08004bcc   Number         0  dfixu.o(x$fpl$dfixu)
    x$fpl$dfltu                              0x08004c26   Section       38  dflt_clz.o(x$fpl$dfltu)
    $v0                                      0x08004c26   Number         0  dflt_clz.o(x$fpl$dfltu)
    x$fpl$dmul                               0x08004c4c   Section      340  dmul.o(x$fpl$dmul)
    $v0                                      0x08004c4c   Number         0  dmul.o(x$fpl$dmul)
    x$fpl$dnaninf                            0x08004da0   Section      156  dnaninf.o(x$fpl$dnaninf)
    $v0                                      0x08004da0   Number         0  dnaninf.o(x$fpl$dnaninf)
    x$fpl$dretinf                            0x08004e3c   Section       12  dretinf.o(x$fpl$dretinf)
    $v0                                      0x08004e3c   Number         0  dretinf.o(x$fpl$dretinf)
    x$fpl$dsub                               0x08004e48   Section      468  daddsub_clz.o(x$fpl$dsub)
    $v0                                      0x08004e48   Number         0  daddsub_clz.o(x$fpl$dsub)
    _dsub1                                   0x08004e59   Thumb Code     0  daddsub_clz.o(x$fpl$dsub)
    x$fpl$f2d                                0x0800501c   Section       86  f2d.o(x$fpl$f2d)
    $v0                                      0x0800501c   Number         0  f2d.o(x$fpl$f2d)
    x$fpl$fnaninf                            0x08005072   Section      140  fnaninf.o(x$fpl$fnaninf)
    $v0                                      0x08005072   Number         0  fnaninf.o(x$fpl$fnaninf)
    x$fpl$fpinit                             0x080050fe   Section       10  fpinit.o(x$fpl$fpinit)
    $v0                                      0x080050fe   Number         0  fpinit.o(x$fpl$fpinit)
    .constdata                               0x08005108   Section       28  stm32f4xx_fsmc.o(.constdata)
    x$fpl$usenofp                            0x08005108   Section        0  usenofp.o(x$fpl$usenofp)
    .constdata                               0x08005124   Section     6080  lcd.o(.constdata)
    .constdata                               0x080068e4   Section       40  _printf_hex_int.o(.constdata)
    uc_hextab                                0x080068e4   Data          20  _printf_hex_int.o(.constdata)
    lc_hextab                                0x080068f8   Data          20  _printf_hex_int.o(.constdata)
    .constdata                               0x0800690c   Section       17  __printf_flags_wp.o(.constdata)
    maptable                                 0x0800690c   Data          17  __printf_flags_wp.o(.constdata)
    .data                                    0x20000000   Section       20  system_stm32f4xx.o(.data)
    .data                                    0x20000014   Section       16  stm32f4xx_rcc.o(.data)
    APBAHBPrescTable                         0x20000014   Data          16  stm32f4xx_rcc.o(.data)
    .data                                    0x20000024   Section        4  delay.o(.data)
    fac_us                                   0x20000024   Data           1  delay.o(.data)
    fac_ms                                   0x20000026   Data           2  delay.o(.data)
    .data                                    0x20000028   Section        6  usart.o(.data)
    .data                                    0x2000002e   Section        4  lcd.o(.data)
    .data                                    0x20000032   Section        4  rtc.o(.data)
    .bss                                     0x20000038   Section      200  usart.o(.bss)
    .bss                                     0x20000100   Section       14  lcd.o(.bss)
    .bss                                     0x20000110   Section       96  libspace.o(.bss)
    HEAP                                     0x20000170   Section      512  startup_stm32f40_41xxx.o(HEAP)
    Heap_Mem                                 0x20000170   Data         512  startup_stm32f40_41xxx.o(HEAP)
    STACK                                    0x20000370   Section     1024  startup_stm32f40_41xxx.o(STACK)
    Stack_Mem                                0x20000370   Data        1024  startup_stm32f40_41xxx.o(STACK)
    __initial_sp                             0x20000770   Data           0  startup_stm32f40_41xxx.o(STACK)

    Global Symbols

    Symbol Name                              Value     Ov Type        Size  Object(Section)

    BuildAttributes$$THM_ISAv4$E$P$D$K$B$S$7EM$VFPi3$EXTD16$VFPS$VFMA$PE$A:L22UL41UL21$X:L11$S22US41US21$IEEE1$IW$USESV6$~STKCKD$USESV7$~SHL$OSPACE$ROPI$EBA8$UX$STANDARDLIB$REQ8$PRES8$EABIv2 0x00000000   Number         0  anon$$obj.o ABSOLUTE
    __ARM_use_no_argv                        0x00000000   Number         0  main.o ABSOLUTE
    _printf_flags                            0x00000000   Number         0  printf_stubs.o ABSOLUTE
    _printf_return_value                     0x00000000   Number         0  printf_stubs.o ABSOLUTE
    _printf_sizespec                         0x00000000   Number         0  printf_stubs.o ABSOLUTE
    _printf_widthprec                        0x00000000   Number         0  printf_stubs.o ABSOLUTE
    __ARM_exceptions_init                     - Undefined Weak Reference
    __alloca_initialize                       - Undefined Weak Reference
    __arm_preinit_                            - Undefined Weak Reference
    __cpp_initialize__aeabi_                  - Undefined Weak Reference
    __cxa_finalize                            - Undefined Weak Reference
    __rt_locale                               - Undefined Weak Reference
    __sigvec_lookup                           - Undefined Weak Reference
    _atexit_init                              - Undefined Weak Reference
    _call_atexit_fns                          - Undefined Weak Reference
    _clock_init                               - Undefined Weak Reference
    _fp_trap_init                             - Undefined Weak Reference
    _fp_trap_shutdown                         - Undefined Weak Reference
    _get_lc_collate                           - Undefined Weak Reference
    _get_lc_ctype                             - Undefined Weak Reference
    _get_lc_monetary                          - Undefined Weak Reference
    _get_lc_numeric                           - Undefined Weak Reference
    _get_lc_time                              - Undefined Weak Reference
    _getenv_init                              - Undefined Weak Reference
    _handle_redirection                       - Undefined Weak Reference
    _init_alloc                               - Undefined Weak Reference
    _init_user_alloc                          - Undefined Weak Reference
    _initio                                   - Undefined Weak Reference
    _mutex_acquire                            - Undefined Weak Reference
    _mutex_release                            - Undefined Weak Reference
    _printf_truncate_unsigned                 - Undefined Weak Reference
    _rand_init                                - Undefined Weak Reference
    _signal_finish                            - Undefined Weak Reference
    _signal_init                              - Undefined Weak Reference
    _terminate_alloc                          - Undefined Weak Reference
    _terminate_user_alloc                     - Undefined Weak Reference
    _terminateio                              - Undefined Weak Reference
    __Vectors_Size                           0x00000188   Number         0  startup_stm32f40_41xxx.o ABSOLUTE
    __Vectors                                0x08000000   Data           4  startup_stm32f40_41xxx.o(RESET)
    __Vectors_End                            0x08000188   Data           0  startup_stm32f40_41xxx.o(RESET)
    __main                                   0x08000189   Thumb Code     8  __main.o(!!!main)
    __scatterload                            0x08000191   Thumb Code     0  __scatter.o(!!!scatter)
    __scatterload_rt2                        0x08000191   Thumb Code    44  __scatter.o(!!!scatter)
    __scatterload_rt2_thumb_only             0x08000191   Thumb Code     0  __scatter.o(!!!scatter)
    __scatterload_null                       0x0800019f   Thumb Code     0  __scatter.o(!!!scatter)
    __scatterload_copy                       0x080001c5   Thumb Code    26  __scatter_copy.o(!!handler_copy)
    __scatterload_zeroinit                   0x080001e1   Thumb Code    28  __scatter_zi.o(!!handler_zi)
    _printf_percent                          0x080001fd   Thumb Code     0  _printf_percent.o(.ARM.Collect$$_printf_percent$$00000000)
    _printf_x                                0x080001fd   Thumb Code     0  _printf_x.o(.ARM.Collect$$_printf_percent$$0000000C)
    _printf_percent_end                      0x08000203   Thumb Code     0  _printf_percent_end.o(.ARM.Collect$$_printf_percent$$00000017)
    __rt_lib_init                            0x08000207   Thumb Code     0  libinit.o(.ARM.Collect$$libinit$$00000000)
    __rt_lib_init_fp_1                       0x08000209   Thumb Code     0  libinit2.o(.ARM.Collect$$libinit$$00000001)
    __rt_lib_init_alloca_1                   0x0800020d   Thumb Code     0  libinit2.o(.ARM.Collect$$libinit$$0000002E)
    __rt_lib_init_argv_1                     0x0800020d   Thumb Code     0  libinit2.o(.ARM.Collect$$libinit$$0000002C)
    __rt_lib_init_atexit_1                   0x0800020d   Thumb Code     0  libinit2.o(.ARM.Collect$$libinit$$0000001B)
    __rt_lib_init_clock_1                    0x0800020d   Thumb Code     0  libinit2.o(.ARM.Collect$$libinit$$00000021)
    __rt_lib_init_cpp_1                      0x0800020d   Thumb Code     0  libinit2.o(.ARM.Collect$$libinit$$00000032)
    __rt_lib_init_exceptions_1               0x0800020d   Thumb Code     0  libinit2.o(.ARM.Collect$$libinit$$00000030)
    __rt_lib_init_fp_trap_1                  0x0800020d   Thumb Code     0  libinit2.o(.ARM.Collect$$libinit$$0000001F)
    __rt_lib_init_getenv_1                   0x0800020d   Thumb Code     0  libinit2.o(.ARM.Collect$$libinit$$00000023)
    __rt_lib_init_heap_1                     0x0800020d   Thumb Code     0  libinit2.o(.ARM.Collect$$libinit$$0000000A)
    __rt_lib_init_lc_collate_1               0x0800020d   Thumb Code     0  libinit2.o(.ARM.Collect$$libinit$$00000011)
    __rt_lib_init_lc_ctype_1                 0x0800020d   Thumb Code     0  libinit2.o(.ARM.Collect$$libinit$$00000013)
    __rt_lib_init_lc_monetary_1              0x0800020d   Thumb Code     0  libinit2.o(.ARM.Collect$$libinit$$00000015)
    __rt_lib_init_lc_numeric_1               0x0800020d   Thumb Code     0  libinit2.o(.ARM.Collect$$libinit$$00000017)
    __rt_lib_init_lc_time_1                  0x0800020d   Thumb Code     0  libinit2.o(.ARM.Collect$$libinit$$00000019)
    __rt_lib_init_preinit_1                  0x0800020d   Thumb Code     0  libinit2.o(.ARM.Collect$$libinit$$00000004)
    __rt_lib_init_rand_1                     0x0800020d   Thumb Code     0  libinit2.o(.ARM.Collect$$libinit$$0000000E)
    __rt_lib_init_return                     0x0800020d   Thumb Code     0  libinit2.o(.ARM.Collect$$libinit$$00000033)
    __rt_lib_init_signal_1                   0x0800020d   Thumb Code     0  libinit2.o(.ARM.Collect$$libinit$$0000001D)
    __rt_lib_init_stdio_1                    0x0800020d   Thumb Code     0  libinit2.o(.ARM.Collect$$libinit$$00000025)
    __rt_lib_init_user_alloc_1               0x0800020d   Thumb Code     0  libinit2.o(.ARM.Collect$$libinit$$0000000C)
    __rt_lib_shutdown                        0x0800020f   Thumb Code     0  libshutdown.o(.ARM.Collect$$libshutdown$$00000000)
    __rt_lib_shutdown_fp_trap_1              0x08000211   Thumb Code     0  libshutdown2.o(.ARM.Collect$$libshutdown$$00000006)
    __rt_lib_shutdown_heap_1                 0x08000211   Thumb Code     0  libshutdown2.o(.ARM.Collect$$libshutdown$$0000000E)
    __rt_lib_shutdown_return                 0x08000211   Thumb Code     0  libshutdown2.o(.ARM.Collect$$libshutdown$$0000000F)
    __rt_lib_shutdown_signal_1               0x08000211   Thumb Code     0  libshutdown2.o(.ARM.Collect$$libshutdown$$00000009)
    __rt_lib_shutdown_stdio_1                0x08000211   Thumb Code     0  libshutdown2.o(.ARM.Collect$$libshutdown$$00000003)
    __rt_lib_shutdown_user_alloc_1           0x08000211   Thumb Code     0  libshutdown2.o(.ARM.Collect$$libshutdown$$0000000B)
    __rt_entry                               0x08000213   Thumb Code     0  __rtentry.o(.ARM.Collect$$rtentry$$00000000)
    __rt_entry_presh_1                       0x08000213   Thumb Code     0  __rtentry2.o(.ARM.Collect$$rtentry$$00000002)
    __rt_entry_sh                            0x08000213   Thumb Code     0  __rtentry4.o(.ARM.Collect$$rtentry$$00000004)
    __rt_entry_li                            0x08000219   Thumb Code     0  __rtentry2.o(.ARM.Collect$$rtentry$$0000000A)
    __rt_entry_postsh_1                      0x08000219   Thumb Code     0  __rtentry2.o(.ARM.Collect$$rtentry$$00000009)
    __rt_entry_main                          0x0800021d   Thumb Code     0  __rtentry2.o(.ARM.Collect$$rtentry$$0000000D)
    __rt_entry_postli_1                      0x0800021d   Thumb Code     0  __rtentry2.o(.ARM.Collect$$rtentry$$0000000C)
    __rt_exit                                0x08000225   Thumb Code     0  rtexit.o(.ARM.Collect$$rtexit$$00000000)
    __rt_exit_ls                             0x08000227   Thumb Code     0  rtexit2.o(.ARM.Collect$$rtexit$$00000003)
    __rt_exit_prels_1                        0x08000227   Thumb Code     0  rtexit2.o(.ARM.Collect$$rtexit$$00000002)
    __rt_exit_exit                           0x0800022b   Thumb Code     0  rtexit2.o(.ARM.Collect$$rtexit$$00000004)
    main                                     0x08000231   Thumb Code   464  main.o(.text)
    NMI_Handler                              0x08000465   Thumb Code     2  stm32f4xx_it.o(.text)
    HardFault_Handler                        0x08000467   Thumb Code     4  stm32f4xx_it.o(.text)
    MemManage_Handler                        0x0800046b   Thumb Code     4  stm32f4xx_it.o(.text)
    BusFault_Handler                         0x0800046f   Thumb Code     4  stm32f4xx_it.o(.text)
    UsageFault_Handler                       0x08000473   Thumb Code     4  stm32f4xx_it.o(.text)
    SVC_Handler                              0x08000477   Thumb Code     2  stm32f4xx_it.o(.text)
    DebugMon_Handler                         0x08000479   Thumb Code     2  stm32f4xx_it.o(.text)
    PendSV_Handler                           0x0800047b   Thumb Code     2  stm32f4xx_it.o(.text)
    SysTick_Handler                          0x0800047d   Thumb Code     2  stm32f4xx_it.o(.text)
    SystemInit                               0x0800055d   Thumb Code    88  system_stm32f4xx.o(.text)
    SystemCoreClockUpdate                    0x080005b5   Thumb Code   174  system_stm32f4xx.o(.text)
    Reset_Handler                            0x08000691   Thumb Code     8  startup_stm32f40_41xxx.o(.text)
    ADC_IRQHandler                           0x080006ab   Thumb Code     0  startup_stm32f40_41xxx.o(.text)
    CAN1_RX0_IRQHandler                      0x080006ab   Thumb Code     0  startup_stm32f40_41xxx.o(.text)
    CAN1_RX1_IRQHandler                      0x080006ab   Thumb Code     0  startup_stm32f40_41xxx.o(.text)
    CAN1_SCE_IRQHandler                      0x080006ab   Thumb Code     0  startup_stm32f40_41xxx.o(.text)
    CAN1_TX_IRQHandler                       0x080006ab   Thumb Code     0  startup_stm32f40_41xxx.o(.text)
    CAN2_RX0_IRQHandler                      0x080006ab   Thumb Code     0  startup_stm32f40_41xxx.o(.text)
    CAN2_RX1_IRQHandler                      0x080006ab   Thumb Code     0  startup_stm32f40_41xxx.o(.text)
    CAN2_SCE_IRQHandler                      0x080006ab   Thumb Code     0  startup_stm32f40_41xxx.o(.text)
    CAN2_TX_IRQHandler                       0x080006ab   Thumb Code     0  startup_stm32f40_41xxx.o(.text)
    CRYP_IRQHandler                          0x080006ab   Thumb Code     0  startup_stm32f40_41xxx.o(.text)
    DCMI_IRQHandler                          0x080006ab   Thumb Code     0  startup_stm32f40_41xxx.o(.text)
    DMA1_Stream0_IRQHandler                  0x080006ab   Thumb Code     0  startup_stm32f40_41xxx.o(.text)
    DMA1_Stream1_IRQHandler                  0x080006ab   Thumb Code     0  startup_stm32f40_41xxx.o(.text)
    DMA1_Stream2_IRQHandler                  0x080006ab   Thumb Code     0  startup_stm32f40_41xxx.o(.text)
    DMA1_Stream3_IRQHandler                  0x080006ab   Thumb Code     0  startup_stm32f40_41xxx.o(.text)
    DMA1_Stream4_IRQHandler                  0x080006ab   Thumb Code     0  startup_stm32f40_41xxx.o(.text)
    DMA1_Stream5_IRQHandler                  0x080006ab   Thumb Code     0  startup_stm32f40_41xxx.o(.text)
    DMA1_Stream6_IRQHandler                  0x080006ab   Thumb Code     0  startup_stm32f40_41xxx.o(.text)
    DMA1_Stream7_IRQHandler                  0x080006ab   Thumb Code     0  startup_stm32f40_41xxx.o(.text)
    DMA2_Stream0_IRQHandler                  0x080006ab   Thumb Code     0  startup_stm32f40_41xxx.o(.text)
    DMA2_Stream1_IRQHandler                  0x080006ab   Thumb Code     0  startup_stm32f40_41xxx.o(.text)
    DMA2_Stream2_IRQHandler                  0x080006ab   Thumb Code     0  startup_stm32f40_41xxx.o(.text)
    DMA2_Stream3_IRQHandler                  0x080006ab   Thumb Code     0  startup_stm32f40_41xxx.o(.text)
    DMA2_Stream4_IRQHandler                  0x080006ab   Thumb Code     0  startup_stm32f40_41xxx.o(.text)
    DMA2_Stream5_IRQHandler                  0x080006ab   Thumb Code     0  startup_stm32f40_41xxx.o(.text)
    DMA2_Stream6_IRQHandler                  0x080006ab   Thumb Code     0  startup_stm32f40_41xxx.o(.text)
    DMA2_Stream7_IRQHandler                  0x080006ab   Thumb Code     0  startup_stm32f40_41xxx.o(.text)
    ETH_IRQHandler                           0x080006ab   Thumb Code     0  startup_stm32f40_41xxx.o(.text)
    ETH_WKUP_IRQHandler                      0x080006ab   Thumb Code     0  startup_stm32f40_41xxx.o(.text)
    EXTI0_IRQHandler                         0x080006ab   Thumb Code     0  startup_stm32f40_41xxx.o(.text)
    EXTI15_10_IRQHandler                     0x080006ab   Thumb Code     0  startup_stm32f40_41xxx.o(.text)
    EXTI1_IRQHandler                         0x080006ab   Thumb Code     0  startup_stm32f40_41xxx.o(.text)
    EXTI2_IRQHandler                         0x080006ab   Thumb Code     0  startup_stm32f40_41xxx.o(.text)
    EXTI3_IRQHandler                         0x080006ab   Thumb Code     0  startup_stm32f40_41xxx.o(.text)
    EXTI4_IRQHandler                         0x080006ab   Thumb Code     0  startup_stm32f40_41xxx.o(.text)
    EXTI9_5_IRQHandler                       0x080006ab   Thumb Code     0  startup_stm32f40_41xxx.o(.text)
    FLASH_IRQHandler                         0x080006ab   Thumb Code     0  startup_stm32f40_41xxx.o(.text)
    FPU_IRQHandler                           0x080006ab   Thumb Code     0  startup_stm32f40_41xxx.o(.text)
    FSMC_IRQHandler                          0x080006ab   Thumb Code     0  startup_stm32f40_41xxx.o(.text)
    HASH_RNG_IRQHandler                      0x080006ab   Thumb Code     0  startup_stm32f40_41xxx.o(.text)
    I2C1_ER_IRQHandler                       0x080006ab   Thumb Code     0  startup_stm32f40_41xxx.o(.text)
    I2C1_EV_IRQHandler                       0x080006ab   Thumb Code     0  startup_stm32f40_41xxx.o(.text)
    I2C2_ER_IRQHandler                       0x080006ab   Thumb Code     0  startup_stm32f40_41xxx.o(.text)
    I2C2_EV_IRQHandler                       0x080006ab   Thumb Code     0  startup_stm32f40_41xxx.o(.text)
    I2C3_ER_IRQHandler                       0x080006ab   Thumb Code     0  startup_stm32f40_41xxx.o(.text)
    I2C3_EV_IRQHandler                       0x080006ab   Thumb Code     0  startup_stm32f40_41xxx.o(.text)
    OTG_FS_IRQHandler                        0x080006ab   Thumb Code     0  startup_stm32f40_41xxx.o(.text)
    OTG_FS_WKUP_IRQHandler                   0x080006ab   Thumb Code     0  startup_stm32f40_41xxx.o(.text)
    OTG_HS_EP1_IN_IRQHandler                 0x080006ab   Thumb Code     0  startup_stm32f40_41xxx.o(.text)
    OTG_HS_EP1_OUT_IRQHandler                0x080006ab   Thumb Code     0  startup_stm32f40_41xxx.o(.text)
    OTG_HS_IRQHandler                        0x080006ab   Thumb Code     0  startup_stm32f40_41xxx.o(.text)
    OTG_HS_WKUP_IRQHandler                   0x080006ab   Thumb Code     0  startup_stm32f40_41xxx.o(.text)
    PVD_IRQHandler                           0x080006ab   Thumb Code     0  startup_stm32f40_41xxx.o(.text)
    RCC_IRQHandler                           0x080006ab   Thumb Code     0  startup_stm32f40_41xxx.o(.text)
    SDIO_IRQHandler                          0x080006ab   Thumb Code     0  startup_stm32f40_41xxx.o(.text)
    SPI1_IRQHandler                          0x080006ab   Thumb Code     0  startup_stm32f40_41xxx.o(.text)
    SPI2_IRQHandler                          0x080006ab   Thumb Code     0  startup_stm32f40_41xxx.o(.text)
    SPI3_IRQHandler                          0x080006ab   Thumb Code     0  startup_stm32f40_41xxx.o(.text)
    TAMP_STAMP_IRQHandler                    0x080006ab   Thumb Code     0  startup_stm32f40_41xxx.o(.text)
    TIM1_BRK_TIM9_IRQHandler                 0x080006ab   Thumb Code     0  startup_stm32f40_41xxx.o(.text)
    TIM1_CC_IRQHandler                       0x080006ab   Thumb Code     0  startup_stm32f40_41xxx.o(.text)
    TIM1_TRG_COM_TIM11_IRQHandler            0x080006ab   Thumb Code     0  startup_stm32f40_41xxx.o(.text)
    TIM1_UP_TIM10_IRQHandler                 0x080006ab   Thumb Code     0  startup_stm32f40_41xxx.o(.text)
    TIM2_IRQHandler                          0x080006ab   Thumb Code     0  startup_stm32f40_41xxx.o(.text)
    TIM3_IRQHandler                          0x080006ab   Thumb Code     0  startup_stm32f40_41xxx.o(.text)
    TIM4_IRQHandler                          0x080006ab   Thumb Code     0  startup_stm32f40_41xxx.o(.text)
    TIM5_IRQHandler                          0x080006ab   Thumb Code     0  startup_stm32f40_41xxx.o(.text)
    TIM6_DAC_IRQHandler                      0x080006ab   Thumb Code     0  startup_stm32f40_41xxx.o(.text)
    TIM7_IRQHandler                          0x080006ab   Thumb Code     0  startup_stm32f40_41xxx.o(.text)
    TIM8_BRK_TIM12_IRQHandler                0x080006ab   Thumb Code     0  startup_stm32f40_41xxx.o(.text)
    TIM8_CC_IRQHandler                       0x080006ab   Thumb Code     0  startup_stm32f40_41xxx.o(.text)
    TIM8_TRG_COM_TIM14_IRQHandler            0x080006ab   Thumb Code     0  startup_stm32f40_41xxx.o(.text)
    TIM8_UP_TIM13_IRQHandler                 0x080006ab   Thumb Code     0  startup_stm32f40_41xxx.o(.text)
    UART4_IRQHandler                         0x080006ab   Thumb Code     0  startup_stm32f40_41xxx.o(.text)
    UART5_IRQHandler                         0x080006ab   Thumb Code     0  startup_stm32f40_41xxx.o(.text)
    USART2_IRQHandler                        0x080006ab   Thumb Code     0  startup_stm32f40_41xxx.o(.text)
    USART3_IRQHandler                        0x080006ab   Thumb Code     0  startup_stm32f40_41xxx.o(.text)
    USART6_IRQHandler                        0x080006ab   Thumb Code     0  startup_stm32f40_41xxx.o(.text)
    WWDG_IRQHandler                          0x080006ab   Thumb Code     0  startup_stm32f40_41xxx.o(.text)
    __user_initial_stackheap                 0x080006ad   Thumb Code     0  startup_stm32f40_41xxx.o(.text)
    NVIC_PriorityGroupConfig                 0x080006d1   Thumb Code    10  misc.o(.text)
    NVIC_Init                                0x080006db   Thumb Code   106  misc.o(.text)
    NVIC_SetVectorTable                      0x08000745   Thumb Code    14  misc.o(.text)
    NVIC_SystemLPConfig                      0x08000753   Thumb Code    34  misc.o(.text)
    SysTick_CLKSourceConfig                  0x08000775   Thumb Code    40  misc.o(.text)
    ADC_DeInit                               0x080007b1   Thumb Code    22  stm32f4xx_adc.o(.text)
    ADC_Init                                 0x080007c7   Thumb Code    74  stm32f4xx_adc.o(.text)
    ADC_StructInit                           0x08000811   Thumb Code    20  stm32f4xx_adc.o(.text)
    ADC_CommonInit                           0x08000825   Thumb Code    34  stm32f4xx_adc.o(.text)
    ADC_CommonStructInit                     0x08000847   Thumb Code    12  stm32f4xx_adc.o(.text)
    ADC_Cmd                                  0x08000853   Thumb Code    22  stm32f4xx_adc.o(.text)
    ADC_AnalogWatchdogCmd                    0x08000869   Thumb Code    16  stm32f4xx_adc.o(.text)
    ADC_AnalogWatchdogThresholdsConfig       0x08000879   Thumb Code     6  stm32f4xx_adc.o(.text)
    ADC_AnalogWatchdogSingleChannelConfig    0x0800087f   Thumb Code    16  stm32f4xx_adc.o(.text)
    ADC_TempSensorVrefintCmd                 0x0800088f   Thumb Code    34  stm32f4xx_adc.o(.text)
    ADC_VBATCmd                              0x080008b1   Thumb Code    34  stm32f4xx_adc.o(.text)
    ADC_RegularChannelConfig                 0x080008d3   Thumb Code   184  stm32f4xx_adc.o(.text)
    ADC_SoftwareStartConv                    0x0800098b   Thumb Code    10  stm32f4xx_adc.o(.text)
    ADC_GetSoftwareStartConvStatus           0x08000995   Thumb Code    20  stm32f4xx_adc.o(.text)
    ADC_EOCOnEachRegularChannelCmd           0x080009a9   Thumb Code    22  stm32f4xx_adc.o(.text)
    ADC_ContinuousModeCmd                    0x080009bf   Thumb Code    22  stm32f4xx_adc.o(.text)
    ADC_DiscModeChannelCountConfig           0x080009d5   Thumb Code    24  stm32f4xx_adc.o(.text)
    ADC_DiscModeCmd                          0x080009ed   Thumb Code    22  stm32f4xx_adc.o(.text)
    ADC_GetConversionValue                   0x08000a03   Thumb Code     8  stm32f4xx_adc.o(.text)
    ADC_GetMultiModeConversionValue          0x08000a0b   Thumb Code     8  stm32f4xx_adc.o(.text)
    ADC_DMACmd                               0x08000a13   Thumb Code    22  stm32f4xx_adc.o(.text)
    ADC_DMARequestAfterLastTransferCmd       0x08000a29   Thumb Code    22  stm32f4xx_adc.o(.text)
    ADC_MultiModeDMARequestAfterLastTransferCmd 0x08000a3f   Thumb Code    34  stm32f4xx_adc.o(.text)
    ADC_InjectedChannelConfig                0x08000a61   Thumb Code   130  stm32f4xx_adc.o(.text)
    ADC_InjectedSequencerLengthConfig        0x08000ae3   Thumb Code    24  stm32f4xx_adc.o(.text)
    ADC_SetInjectedOffset                    0x08000afb   Thumb Code    20  stm32f4xx_adc.o(.text)
    ADC_ExternalTrigInjectedConvConfig       0x08000b0f   Thumb Code    16  stm32f4xx_adc.o(.text)
    ADC_ExternalTrigInjectedConvEdgeConfig   0x08000b1f   Thumb Code    16  stm32f4xx_adc.o(.text)
    ADC_SoftwareStartInjectedConv            0x08000b2f   Thumb Code    10  stm32f4xx_adc.o(.text)
    ADC_GetSoftwareStartInjectedConvCmdStatus 0x08000b39   Thumb Code    20  stm32f4xx_adc.o(.text)
    ADC_AutoInjectedConvCmd                  0x08000b4d   Thumb Code    22  stm32f4xx_adc.o(.text)
    ADC_InjectedDiscModeCmd                  0x08000b63   Thumb Code    22  stm32f4xx_adc.o(.text)
    ADC_GetInjectedConversionValue           0x08000b79   Thumb Code    28  stm32f4xx_adc.o(.text)
    ADC_ITConfig                             0x08000b95   Thumb Code    56  stm32f4xx_adc.o(.text)
    ADC_GetFlagStatus                        0x08000bcd   Thumb Code    18  stm32f4xx_adc.o(.text)
    ADC_ClearFlag                            0x08000bdf   Thumb Code     6  stm32f4xx_adc.o(.text)
    ADC_GetITStatus                          0x08000be5   Thumb Code    38  stm32f4xx_adc.o(.text)
    ADC_ClearITPendingBit                    0x08000c0b   Thumb Code    10  stm32f4xx_adc.o(.text)
    EXTI_DeInit                              0x08000c15   Thumb Code    28  stm32f4xx_exti.o(.text)
    EXTI_Init                                0x08000c31   Thumb Code   142  stm32f4xx_exti.o(.text)
    EXTI_StructInit                          0x08000cbf   Thumb Code    16  stm32f4xx_exti.o(.text)
    EXTI_GenerateSWInterrupt                 0x08000ccf   Thumb Code    16  stm32f4xx_exti.o(.text)
    EXTI_GetFlagStatus                       0x08000cdf   Thumb Code    22  stm32f4xx_exti.o(.text)
    EXTI_ClearFlag                           0x08000cf5   Thumb Code     8  stm32f4xx_exti.o(.text)
    EXTI_GetITStatus                         0x08000cfd   Thumb Code    22  stm32f4xx_exti.o(.text)
    EXTI_ClearITPendingBit                   0x08000d13   Thumb Code     8  stm32f4xx_exti.o(.text)
    FSMC_NORSRAMDeInit                       0x08000d25   Thumb Code    54  stm32f4xx_fsmc.o(.text)
    FSMC_NORSRAMInit                         0x08000d5b   Thumb Code   230  stm32f4xx_fsmc.o(.text)
    FSMC_NORSRAMStructInit                   0x08000e41   Thumb Code    48  stm32f4xx_fsmc.o(.text)
    FSMC_NORSRAMCmd                          0x08000e71   Thumb Code    46  stm32f4xx_fsmc.o(.text)
    FSMC_NANDDeInit                          0x08000e9f   Thumb Code    62  stm32f4xx_fsmc.o(.text)
    FSMC_NANDInit                            0x08000edd   Thumb Code   132  stm32f4xx_fsmc.o(.text)
    FSMC_NANDStructInit                      0x08000f61   Thumb Code    54  stm32f4xx_fsmc.o(.text)
    FSMC_NANDCmd                             0x08000f97   Thumb Code    86  stm32f4xx_fsmc.o(.text)
    FSMC_NANDECCCmd                          0x08000fed   Thumb Code    86  stm32f4xx_fsmc.o(.text)
    FSMC_GetECC                              0x08001043   Thumb Code    24  stm32f4xx_fsmc.o(.text)
    FSMC_PCCARDDeInit                        0x0800105b   Thumb Code    36  stm32f4xx_fsmc.o(.text)
    FSMC_PCCARDInit                          0x0800107f   Thumb Code   130  stm32f4xx_fsmc.o(.text)
    FSMC_PCCARDStructInit                    0x08001101   Thumb Code    60  stm32f4xx_fsmc.o(.text)
    FSMC_PCCARDCmd                           0x0800113d   Thumb Code    44  stm32f4xx_fsmc.o(.text)
    FSMC_ITConfig                            0x08001169   Thumb Code   128  stm32f4xx_fsmc.o(.text)
    FSMC_GetFlagStatus                       0x080011e9   Thumb Code    54  stm32f4xx_fsmc.o(.text)
    FSMC_ClearFlag                           0x0800121f   Thumb Code    74  stm32f4xx_fsmc.o(.text)
    FSMC_GetITStatus                         0x08001269   Thumb Code    62  stm32f4xx_fsmc.o(.text)
    FSMC_ClearITPendingBit                   0x080012a7   Thumb Code    66  stm32f4xx_fsmc.o(.text)
    GPIO_DeInit                              0x080012ed   Thumb Code   268  stm32f4xx_gpio.o(.text)
    GPIO_Init                                0x080013f9   Thumb Code   144  stm32f4xx_gpio.o(.text)
    GPIO_StructInit                          0x08001489   Thumb Code    18  stm32f4xx_gpio.o(.text)
    GPIO_PinLockConfig                       0x0800149b   Thumb Code    34  stm32f4xx_gpio.o(.text)
    GPIO_ReadInputDataBit                    0x080014bd   Thumb Code    18  stm32f4xx_gpio.o(.text)
    GPIO_ReadInputData                       0x080014cf   Thumb Code     8  stm32f4xx_gpio.o(.text)
    GPIO_ReadOutputDataBit                   0x080014d7   Thumb Code    18  stm32f4xx_gpio.o(.text)
    GPIO_ReadOutputData                      0x080014e9   Thumb Code     8  stm32f4xx_gpio.o(.text)
    GPIO_SetBits                             0x080014f1   Thumb Code     4  stm32f4xx_gpio.o(.text)
    GPIO_ResetBits                           0x080014f5   Thumb Code     4  stm32f4xx_gpio.o(.text)
    GPIO_WriteBit                            0x080014f9   Thumb Code    10  stm32f4xx_gpio.o(.text)
    GPIO_Write                               0x08001503   Thumb Code     4  stm32f4xx_gpio.o(.text)
    GPIO_ToggleBits                          0x08001507   Thumb Code     8  stm32f4xx_gpio.o(.text)
    GPIO_PinAFConfig                         0x0800150f   Thumb Code    70  stm32f4xx_gpio.o(.text)
    PWR_DeInit                               0x08001581   Thumb Code    22  stm32f4xx_pwr.o(.text)
    PWR_BackupAccessCmd                      0x08001597   Thumb Code     6  stm32f4xx_pwr.o(.text)
    PWR_PVDLevelConfig                       0x0800159d   Thumb Code    18  stm32f4xx_pwr.o(.text)
    PWR_PVDCmd                               0x080015af   Thumb Code     6  stm32f4xx_pwr.o(.text)
    PWR_WakeUpPinCmd                         0x080015b5   Thumb Code     8  stm32f4xx_pwr.o(.text)
    PWR_BackupRegulatorCmd                   0x080015bd   Thumb Code     8  stm32f4xx_pwr.o(.text)
    PWR_MainRegulatorModeConfig              0x080015c5   Thumb Code    18  stm32f4xx_pwr.o(.text)
    PWR_OverDriveCmd                         0x080015d7   Thumb Code     6  stm32f4xx_pwr.o(.text)
    PWR_OverDriveSWCmd                       0x080015dd   Thumb Code     6  stm32f4xx_pwr.o(.text)
    PWR_UnderDriveCmd                        0x080015e3   Thumb Code    30  stm32f4xx_pwr.o(.text)
    PWR_MainRegulatorLowVoltageCmd           0x08001601   Thumb Code    18  stm32f4xx_pwr.o(.text)
    PWR_LowRegulatorLowVoltageCmd            0x08001613   Thumb Code    18  stm32f4xx_pwr.o(.text)
    PWR_FlashPowerDownCmd                    0x08001625   Thumb Code     6  stm32f4xx_pwr.o(.text)
    PWR_EnterSTOPMode                        0x0800162b   Thumb Code    58  stm32f4xx_pwr.o(.text)
    PWR_EnterUnderDriveSTOPMode              0x08001665   Thumb Code    58  stm32f4xx_pwr.o(.text)
    PWR_EnterSTANDBYMode                     0x0800169f   Thumb Code    32  stm32f4xx_pwr.o(.text)
    PWR_GetFlagStatus                        0x080016bf   Thumb Code    20  stm32f4xx_pwr.o(.text)
    PWR_ClearFlag                            0x080016d3   Thumb Code    14  stm32f4xx_pwr.o(.text)
    RCC_DeInit                               0x080016ed   Thumb Code    82  stm32f4xx_rcc.o(.text)
    RCC_HSEConfig                            0x0800173f   Thumb Code    14  stm32f4xx_rcc.o(.text)
    RCC_GetFlagStatus                        0x0800174d   Thumb Code    60  stm32f4xx_rcc.o(.text)
    RCC_WaitForHSEStartUp                    0x08001789   Thumb Code    56  stm32f4xx_rcc.o(.text)
    RCC_AdjustHSICalibrationValue            0x080017c1   Thumb Code    20  stm32f4xx_rcc.o(.text)
    RCC_HSICmd                               0x080017d5   Thumb Code     6  stm32f4xx_rcc.o(.text)
    RCC_LSEConfig                            0x080017db   Thumb Code    46  stm32f4xx_rcc.o(.text)
    RCC_LSICmd                               0x08001809   Thumb Code     6  stm32f4xx_rcc.o(.text)
    RCC_PLLConfig                            0x0800180f   Thumb Code    32  stm32f4xx_rcc.o(.text)
    RCC_PLLCmd                               0x0800182f   Thumb Code     6  stm32f4xx_rcc.o(.text)
    RCC_PLLI2SConfig                         0x08001835   Thumb Code    14  stm32f4xx_rcc.o(.text)
    RCC_PLLI2SCmd                            0x08001843   Thumb Code     6  stm32f4xx_rcc.o(.text)
    RCC_PLLSAIConfig                         0x08001849   Thumb Code    20  stm32f4xx_rcc.o(.text)
    RCC_PLLSAICmd                            0x0800185d   Thumb Code     6  stm32f4xx_rcc.o(.text)
    RCC_ClockSecuritySystemCmd               0x08001863   Thumb Code     6  stm32f4xx_rcc.o(.text)
    RCC_MCO1Config                           0x08001869   Thumb Code    28  stm32f4xx_rcc.o(.text)
    RCC_MCO2Config                           0x08001885   Thumb Code    28  stm32f4xx_rcc.o(.text)
    RCC_SYSCLKConfig                         0x080018a1   Thumb Code    20  stm32f4xx_rcc.o(.text)
    RCC_GetSYSCLKSource                      0x080018b5   Thumb Code    12  stm32f4xx_rcc.o(.text)
    RCC_HCLKConfig                           0x080018c1   Thumb Code    20  stm32f4xx_rcc.o(.text)
    RCC_PCLK1Config                          0x080018d5   Thumb Code    20  stm32f4xx_rcc.o(.text)
    RCC_PCLK2Config                          0x080018e9   Thumb Code    22  stm32f4xx_rcc.o(.text)
    RCC_GetClocksFreq                        0x080018ff   Thumb Code   222  stm32f4xx_rcc.o(.text)
    RCC_RTCCLKConfig                         0x080019dd   Thumb Code    54  stm32f4xx_rcc.o(.text)
    RCC_RTCCLKCmd                            0x08001a13   Thumb Code     8  stm32f4xx_rcc.o(.text)
    RCC_BackupResetCmd                       0x08001a1b   Thumb Code     8  stm32f4xx_rcc.o(.text)
    RCC_I2SCLKConfig                         0x08001a23   Thumb Code     6  stm32f4xx_rcc.o(.text)
    RCC_SAIPLLI2SClkDivConfig                0x08001a29   Thumb Code    26  stm32f4xx_rcc.o(.text)
    RCC_SAIPLLSAIClkDivConfig                0x08001a43   Thumb Code    28  stm32f4xx_rcc.o(.text)
    RCC_SAIBlockACLKConfig                   0x08001a5f   Thumb Code    20  stm32f4xx_rcc.o(.text)
    RCC_SAIBlockBCLKConfig                   0x08001a73   Thumb Code    20  stm32f4xx_rcc.o(.text)
    RCC_LTDCCLKDivConfig                     0x08001a87   Thumb Code    20  stm32f4xx_rcc.o(.text)
    RCC_TIMCLKPresConfig                     0x08001a9b   Thumb Code     6  stm32f4xx_rcc.o(.text)
    RCC_AHB1PeriphClockCmd                   0x08001aa1   Thumb Code    34  stm32f4xx_rcc.o(.text)
    RCC_AHB2PeriphClockCmd                   0x08001ac3   Thumb Code    78  stm32f4xx_rcc.o(.text)
    RCC_AHB3PeriphClockCmd                   0x08001b11   Thumb Code    34  stm32f4xx_rcc.o(.text)
    RCC_APB1PeriphClockCmd                   0x08001b33   Thumb Code    34  stm32f4xx_rcc.o(.text)
    RCC_APB2PeriphClockCmd                   0x08001b55   Thumb Code    34  stm32f4xx_rcc.o(.text)
    RCC_AHB1PeriphResetCmd                   0x08001b77   Thumb Code    34  stm32f4xx_rcc.o(.text)
    RCC_AHB2PeriphResetCmd                   0x08001b99   Thumb Code    34  stm32f4xx_rcc.o(.text)
    RCC_AHB3PeriphResetCmd                   0x08001bbb   Thumb Code    34  stm32f4xx_rcc.o(.text)
    RCC_APB1PeriphResetCmd                   0x08001bdd   Thumb Code    34  stm32f4xx_rcc.o(.text)
    RCC_APB2PeriphResetCmd                   0x08001bff   Thumb Code    34  stm32f4xx_rcc.o(.text)
    RCC_AHB1PeriphClockLPModeCmd             0x08001c21   Thumb Code    34  stm32f4xx_rcc.o(.text)
    RCC_AHB2PeriphClockLPModeCmd             0x08001c43   Thumb Code    34  stm32f4xx_rcc.o(.text)
    RCC_AHB3PeriphClockLPModeCmd             0x08001c65   Thumb Code    34  stm32f4xx_rcc.o(.text)
    RCC_APB1PeriphClockLPModeCmd             0x08001c87   Thumb Code    34  stm32f4xx_rcc.o(.text)
    RCC_APB2PeriphClockLPModeCmd             0x08001ca9   Thumb Code    34  stm32f4xx_rcc.o(.text)
    RCC_LSEModeConfig                        0x08001ccb   Thumb Code    40  stm32f4xx_rcc.o(.text)
    RCC_ITConfig                             0x08001cf3   Thumb Code    34  stm32f4xx_rcc.o(.text)
    RCC_ClearFlag                            0x08001d15   Thumb Code    18  stm32f4xx_rcc.o(.text)
    RCC_GetITStatus                          0x08001d27   Thumb Code    22  stm32f4xx_rcc.o(.text)
    RCC_ClearITPendingBit                    0x08001d3d   Thumb Code     8  stm32f4xx_rcc.o(.text)
    RTC_WaitForSynchro                       0x08001d49   Thumb Code    92  stm32f4xx_rtc.o(.text)
    RTC_EnterInitMode                        0x08001da5   Thumb Code    84  stm32f4xx_rtc.o(.text)
    RTC_DeInit                               0x08001df9   Thumb Code   204  stm32f4xx_rtc.o(.text)
    RTC_ExitInitMode                         0x08001ec5   Thumb Code    18  stm32f4xx_rtc.o(.text)
    RTC_Init                                 0x08001ed7   Thumb Code    94  stm32f4xx_rtc.o(.text)
    RTC_StructInit                           0x08001f35   Thumb Code    14  stm32f4xx_rtc.o(.text)
    RTC_WriteProtectionCmd                   0x08001f43   Thumb Code    22  stm32f4xx_rtc.o(.text)
    RTC_RefClockCmd                          0x08001f59   Thumb Code    76  stm32f4xx_rtc.o(.text)
    RTC_BypassShadowCmd                      0x08001fa5   Thumb Code    54  stm32f4xx_rtc.o(.text)
    RTC_SetTime                              0x0800200d   Thumb Code   200  stm32f4xx_rtc.o(.text)
    RTC_TimeStructInit                       0x080020d5   Thumb Code    12  stm32f4xx_rtc.o(.text)
    RTC_GetTime                              0x080020e1   Thumb Code    74  stm32f4xx_rtc.o(.text)
    RTC_GetSubSecond                         0x0800212b   Thumb Code    30  stm32f4xx_rtc.o(.text)
    RTC_SetDate                              0x08002149   Thumb Code   190  stm32f4xx_rtc.o(.text)
    RTC_DateStructInit                       0x08002207   Thumb Code    14  stm32f4xx_rtc.o(.text)
    RTC_GetDate                              0x08002215   Thumb Code    70  stm32f4xx_rtc.o(.text)
    RTC_SetAlarm                             0x0800225b   Thumb Code   230  stm32f4xx_rtc.o(.text)
    RTC_AlarmStructInit                      0x08002341   Thumb Code    22  stm32f4xx_rtc.o(.text)
    RTC_GetAlarm                             0x08002357   Thumb Code   114  stm32f4xx_rtc.o(.text)
    RTC_AlarmCmd                             0x080023c9   Thumb Code   112  stm32f4xx_rtc.o(.text)
    RTC_AlarmSubSecondConfig                 0x08002439   Thumb Code    46  stm32f4xx_rtc.o(.text)
    RTC_GetAlarmSubSecond                    0x08002467   Thumb Code    34  stm32f4xx_rtc.o(.text)
    RTC_WakeUpClockConfig                    0x08002489   Thumb Code    42  stm32f4xx_rtc.o(.text)
    RTC_SetWakeUpCounter                     0x080024b3   Thumb Code    22  stm32f4xx_rtc.o(.text)
    RTC_GetWakeUpCounter                     0x080024c9   Thumb Code    10  stm32f4xx_rtc.o(.text)
    RTC_WakeUpCmd                            0x080024d3   Thumb Code   116  stm32f4xx_rtc.o(.text)
    RTC_DayLightSavingConfig                 0x08002547   Thumb Code    50  stm32f4xx_rtc.o(.text)
    RTC_GetStoreOperation                    0x08002579   Thumb Code    12  stm32f4xx_rtc.o(.text)
    RTC_OutputConfig                         0x08002585   Thumb Code    60  stm32f4xx_rtc.o(.text)
    RTC_CoarseCalibConfig                    0x080025c1   Thumb Code    52  stm32f4xx_rtc.o(.text)
    RTC_CoarseCalibCmd                       0x080025f5   Thumb Code    76  stm32f4xx_rtc.o(.text)
    RTC_CalibOutputCmd                       0x08002641   Thumb Code    54  stm32f4xx_rtc.o(.text)
    RTC_CalibOutputConfig                    0x08002677   Thumb Code    42  stm32f4xx_rtc.o(.text)
    RTC_SmoothCalibConfig                    0x080026a1   Thumb Code    90  stm32f4xx_rtc.o(.text)
    RTC_TimeStampCmd                         0x080026fb   Thumb Code    54  stm32f4xx_rtc.o(.text)
    RTC_GetTimeStamp                         0x08002731   Thumb Code   144  stm32f4xx_rtc.o(.text)
    RTC_GetTimeStampSubSecond                0x080027c1   Thumb Code     8  stm32f4xx_rtc.o(.text)
    RTC_TamperTriggerConfig                  0x080027c9   Thumb Code    38  stm32f4xx_rtc.o(.text)
    RTC_TamperCmd                            0x080027ef   Thumb Code    34  stm32f4xx_rtc.o(.text)
    RTC_TamperFilterConfig                   0x08002811   Thumb Code    26  stm32f4xx_rtc.o(.text)
    RTC_TamperSamplingFreqConfig             0x0800282b   Thumb Code    26  stm32f4xx_rtc.o(.text)
    RTC_TamperPinsPrechargeDuration          0x08002845   Thumb Code    26  stm32f4xx_rtc.o(.text)
    RTC_TimeStampOnTamperDetectionCmd        0x0800285f   Thumb Code    38  stm32f4xx_rtc.o(.text)
    RTC_TamperPullUpCmd                      0x08002885   Thumb Code    38  stm32f4xx_rtc.o(.text)
    RTC_WriteBackupRegister                  0x080028ab   Thumb Code    26  stm32f4xx_rtc.o(.text)
    RTC_ReadBackupRegister                   0x080028c5   Thumb Code    28  stm32f4xx_rtc.o(.text)
    RTC_TamperPinSelection                   0x080028e1   Thumb Code    26  stm32f4xx_rtc.o(.text)
    RTC_TimeStampPinSelection                0x080028fb   Thumb Code    26  stm32f4xx_rtc.o(.text)
    RTC_OutputTypeConfig                     0x08002915   Thumb Code    26  stm32f4xx_rtc.o(.text)
    RTC_SynchroShiftConfig                   0x0800292f   Thumb Code   130  stm32f4xx_rtc.o(.text)
    RTC_ITConfig                             0x080029b1   Thumb Code    94  stm32f4xx_rtc.o(.text)
    RTC_GetFlagStatus                        0x08002a0f   Thumb Code    34  stm32f4xx_rtc.o(.text)
    RTC_ClearFlag                            0x08002a31   Thumb Code    28  stm32f4xx_rtc.o(.text)
    RTC_GetITStatus                          0x08002a4d   Thumb Code    60  stm32f4xx_rtc.o(.text)
    RTC_ClearITPendingBit                    0x08002a89   Thumb Code    32  stm32f4xx_rtc.o(.text)
    USART_DeInit                             0x08002ab1   Thumb Code   206  stm32f4xx_usart.o(.text)
    USART_Init                               0x08002b7f   Thumb Code   204  stm32f4xx_usart.o(.text)
    USART_StructInit                         0x08002c4b   Thumb Code    24  stm32f4xx_usart.o(.text)
    USART_ClockInit                          0x08002c63   Thumb Code    32  stm32f4xx_usart.o(.text)
    USART_ClockStructInit                    0x08002c83   Thumb Code    12  stm32f4xx_usart.o(.text)
    USART_Cmd                                0x08002c8f   Thumb Code    24  stm32f4xx_usart.o(.text)
    USART_SetPrescaler                       0x08002ca7   Thumb Code    16  stm32f4xx_usart.o(.text)
    USART_OverSampling8Cmd                   0x08002cb7   Thumb Code    22  stm32f4xx_usart.o(.text)
    USART_OneBitMethodCmd                    0x08002ccd   Thumb Code    24  stm32f4xx_usart.o(.text)
    USART_SendData                           0x08002ce5   Thumb Code     8  stm32f4xx_usart.o(.text)
    USART_ReceiveData                        0x08002ced   Thumb Code    10  stm32f4xx_usart.o(.text)
    USART_SetAddress                         0x08002cf7   Thumb Code    18  stm32f4xx_usart.o(.text)
    USART_ReceiverWakeUpCmd                  0x08002d09   Thumb Code    24  stm32f4xx_usart.o(.text)
    USART_WakeUpConfig                       0x08002d21   Thumb Code    18  stm32f4xx_usart.o(.text)
    USART_LINBreakDetectLengthConfig         0x08002d33   Thumb Code    18  stm32f4xx_usart.o(.text)
    USART_LINCmd                             0x08002d45   Thumb Code    24  stm32f4xx_usart.o(.text)
    USART_SendBreak                          0x08002d5d   Thumb Code    10  stm32f4xx_usart.o(.text)
    USART_HalfDuplexCmd                      0x08002d67   Thumb Code    24  stm32f4xx_usart.o(.text)
    USART_SetGuardTime                       0x08002d7f   Thumb Code    16  stm32f4xx_usart.o(.text)
    USART_SmartCardCmd                       0x08002d8f   Thumb Code    24  stm32f4xx_usart.o(.text)
    USART_SmartCardNACKCmd                   0x08002da7   Thumb Code    24  stm32f4xx_usart.o(.text)
    USART_IrDAConfig                         0x08002dbf   Thumb Code    18  stm32f4xx_usart.o(.text)
    USART_IrDACmd                            0x08002dd1   Thumb Code    24  stm32f4xx_usart.o(.text)
    USART_DMACmd                             0x08002de9   Thumb Code    18  stm32f4xx_usart.o(.text)
    USART_ITConfig                           0x08002dfb   Thumb Code    74  stm32f4xx_usart.o(.text)
    USART_GetFlagStatus                      0x08002e45   Thumb Code    26  stm32f4xx_usart.o(.text)
    USART_ClearFlag                          0x08002e5f   Thumb Code    18  stm32f4xx_usart.o(.text)
    USART_GetITStatus                        0x08002e71   Thumb Code   118  stm32f4xx_usart.o(.text)
    USART_ClearITPendingBit                  0x08002ee7   Thumb Code    30  stm32f4xx_usart.o(.text)
    delay_init                               0x08002f05   Thumb Code    52  delay.o(.text)
    delay_us                                 0x08002f39   Thumb Code    72  delay.o(.text)
    delay_xms                                0x08002f81   Thumb Code    72  delay.o(.text)
    delay_ms                                 0x08002fc9   Thumb Code    56  delay.o(.text)
    _sys_exit                                0x08003009   Thumb Code     6  usart.o(.text)
    fputc                                    0x0800300f   Thumb Code    22  usart.o(.text)
    uart_init                                0x08003025   Thumb Code   164  usart.o(.text)
    USART1_IRQHandler                        0x080030c9   Thumb Code   122  usart.o(.text)
    LED_Init                                 0x08003155   Thumb Code    60  led.o(.text)
    LCD_WR_REG                               0x08003195   Thumb Code    18  lcd.o(.text)
    LCD_WR_DATA                              0x080031a7   Thumb Code    20  lcd.o(.text)
    LCD_RD_DATA                              0x080031bb   Thumb Code    16  lcd.o(.text)
    LCD_WriteReg                             0x080031cb   Thumb Code    14  lcd.o(.text)
    LCD_ReadReg                              0x080031d9   Thumb Code    22  lcd.o(.text)
    LCD_WriteRAM_Prepare                     0x080031ef   Thumb Code    10  lcd.o(.text)
    LCD_WriteRAM                             0x080031f9   Thumb Code     8  lcd.o(.text)
    LCD_BGR2RGB                              0x08003201   Thumb Code    26  lcd.o(.text)
    opt_delay                                0x0800321b   Thumb Code    14  lcd.o(.text)
    LCD_SetCursor                            0x08003229   Thumb Code    58  lcd.o(.text)
    LCD_ReadPoint                            0x08003263   Thumb Code    58  lcd.o(.text)
    LCD_DisplayOn                            0x0800329d   Thumb Code    10  lcd.o(.text)
    LCD_DisplayOff                           0x080032a7   Thumb Code    10  lcd.o(.text)
    LCD_Scan_Dir                             0x080032b1   Thumb Code   176  lcd.o(.text)
    LCD_DrawPoint                            0x08003361   Thumb Code    36  lcd.o(.text)
    LCD_Fast_DrawPoint                       0x08003385   Thumb Code    88  lcd.o(.text)
    LCD_SSD_BackLightSet                     0x080033dd   Thumb Code    88  lcd.o(.text)
    LCD_Display_Dir                          0x08003435   Thumb Code    38  lcd.o(.text)
    LCD_Set_Window                           0x0800345b   Thumb Code   178  lcd.o(.text)
    LCD_Clear                                0x0800350d   Thumb Code   102  lcd.o(.text)
    LCD_Init                                 0x08003573   Thumb Code  1208  lcd.o(.text)
    LCD_Fill                                 0x08003a2b   Thumb Code   180  lcd.o(.text)
    LCD_Color_Fill                           0x08003adf   Thumb Code    92  lcd.o(.text)
    LCD_DrawLine                             0x08003b3b   Thumb Code   176  lcd.o(.text)
    LCD_DrawRectangle                        0x08003beb   Thumb Code    60  lcd.o(.text)
    LCD_Draw_Circle                          0x08003c27   Thumb Code   152  lcd.o(.text)
    LCD_ShowChar                             0x08003cbf   Thumb Code   272  lcd.o(.text)
    LCD_Pow                                  0x08003dcf   Thumb Code    22  lcd.o(.text)
    LCD_ShowNum                              0x08003de5   Thumb Code   182  lcd.o(.text)
    LCD_ShowxNum                             0x08003e9b   Thumb Code   190  lcd.o(.text)
    LCD_ShowString                           0x08003f59   Thumb Code   102  lcd.o(.text)
    Adc_Init                                 0x08003fc1   Thumb Code   154  adc.o(.text)
    Get_Adc                                  0x0800405b   Thumb Code    44  adc.o(.text)
    Get_Adc_Average                          0x08004087   Thumb Code    46  adc.o(.text)
    Get_Temprate                             0x080040b5   Thumb Code   140  adc.o(.text)
    RTC_Set_Time                             0x08004171   Thumb Code    36  rtc.o(.text)
    RTC_Set_Date                             0x08004195   Thumb Code    36  rtc.o(.text)
    My_RTC_Init                              0x080041b9   Thumb Code   138  rtc.o(.text)
    RTC_Set_AlarmA                           0x08004243   Thumb Code   158  rtc.o(.text)
    RTC_Set_WakeUp                           0x080042e1   Thumb Code   108  rtc.o(.text)
    RTC_Alarm_IRQHandler                     0x0800434d   Thumb Code    36  rtc.o(.text)
    RTC_WKUP_IRQHandler                      0x08004371   Thumb Code    46  rtc.o(.text)
    __use_no_semihosting                     0x080043b5   Thumb Code     2  use_no_semi_2.o(.text)
    __2printf                                0x080043b9   Thumb Code    20  noretval__2printf.o(.text)
    __2sprintf                               0x080043d1   Thumb Code    34  noretval__2sprintf.o(.text)
    _printf_pre_padding                      0x080043f9   Thumb Code    44  _printf_pad.o(.text)
    _printf_post_padding                     0x08004425   Thumb Code    34  _printf_pad.o(.text)
    _printf_int_hex                          0x08004449   Thumb Code    84  _printf_hex_int.o(.text)
    _printf_longlong_hex                     0x08004449   Thumb Code     0  _printf_hex_int.o(.text)
    __printf                                 0x080044a1   Thumb Code   308  __printf_flags_wp.o(.text)
    __use_two_region_memory                  0x080045d9   Thumb Code     2  heapauxi.o(.text)
    __rt_heap_escrow$2region                 0x080045db   Thumb Code     2  heapauxi.o(.text)
    __rt_heap_expand$2region                 0x080045dd   Thumb Code     2  heapauxi.o(.text)
    __I$use$semihosting                      0x080045df   Thumb Code     0  use_no_semi.o(.text)
    __use_no_semihosting_swi                 0x080045df   Thumb Code     2  use_no_semi.o(.text)
    _printf_int_common                       0x080045e1   Thumb Code   178  _printf_intcommon.o(.text)
    _printf_char_common                      0x0800469f   Thumb Code    32  _printf_char_common.o(.text)
    _sputc                                   0x080046c5   Thumb Code    10  _sputc.o(.text)
    _printf_char_file                        0x080046d1   Thumb Code    32  _printf_char_file.o(.text)
    ferror                                   0x080046f5   Thumb Code     8  ferror.o(.text)
    __user_setup_stackheap                   0x080046fd   Thumb Code    74  sys_stackheap_outer.o(.text)
    exit                                     0x08004747   Thumb Code    12  exit.o(.text)
    __user_libspace                          0x08004755   Thumb Code     8  libspace.o(.text)
    __user_perproc_libspace                  0x08004755   Thumb Code     0  libspace.o(.text)
    __user_perthread_libspace                0x08004755   Thumb Code     0  libspace.o(.text)
    _is_digit                                0x0800475d   Thumb Code    14  __printf_wp.o(i._is_digit)
    __aeabi_dadd                             0x0800476d   Thumb Code     0  daddsub_clz.o(x$fpl$dadd)
    _dadd                                    0x0800476d   Thumb Code   332  daddsub_clz.o(x$fpl$dadd)
    __aeabi_ddiv                             0x080048bd   Thumb Code     0  ddiv.o(x$fpl$ddiv)
    _ddiv                                    0x080048bd   Thumb Code   552  ddiv.o(x$fpl$ddiv)
    __aeabi_d2iz                             0x08004b6d   Thumb Code     0  dfix.o(x$fpl$dfix)
    _dfix                                    0x08004b6d   Thumb Code    94  dfix.o(x$fpl$dfix)
    __aeabi_d2uiz                            0x08004bcd   Thumb Code     0  dfixu.o(x$fpl$dfixu)
    _dfixu                                   0x08004bcd   Thumb Code    90  dfixu.o(x$fpl$dfixu)
    __aeabi_ui2d                             0x08004c27   Thumb Code     0  dflt_clz.o(x$fpl$dfltu)
    _dfltu                                   0x08004c27   Thumb Code    38  dflt_clz.o(x$fpl$dfltu)
    __aeabi_dmul                             0x08004c4d   Thumb Code     0  dmul.o(x$fpl$dmul)
    _dmul                                    0x08004c4d   Thumb Code   332  dmul.o(x$fpl$dmul)
    __fpl_dnaninf                            0x08004da1   Thumb Code   156  dnaninf.o(x$fpl$dnaninf)
    __fpl_dretinf                            0x08004e3d   Thumb Code    12  dretinf.o(x$fpl$dretinf)
    __aeabi_dsub                             0x08004e49   Thumb Code     0  daddsub_clz.o(x$fpl$dsub)
    _dsub                                    0x08004e49   Thumb Code   464  daddsub_clz.o(x$fpl$dsub)
    __aeabi_f2d                              0x0800501d   Thumb Code     0  f2d.o(x$fpl$f2d)
    _f2d                                     0x0800501d   Thumb Code    86  f2d.o(x$fpl$f2d)
    __fpl_fnaninf                            0x08005073   Thumb Code   140  fnaninf.o(x$fpl$fnaninf)
    _fp_init                                 0x080050ff   Thumb Code    10  fpinit.o(x$fpl$fpinit)
    __fplib_config_fpu_vfp                   0x08005107   Thumb Code     0  fpinit.o(x$fpl$fpinit)
    __fplib_config_pureend_doubles           0x08005107   Thumb Code     0  fpinit.o(x$fpl$fpinit)
    FSMC_DefaultTimingStruct                 0x08005108   Data          28  stm32f4xx_fsmc.o(.constdata)
    __I$use$fp                               0x08005108   Number         0  usenofp.o(x$fpl$usenofp)
    asc2_1206                                0x08005124   Data        1140  lcd.o(.constdata)
    asc2_1608                                0x08005598   Data        1520  lcd.o(.constdata)
    asc2_2412                                0x08005b88   Data        3420  lcd.o(.constdata)
    Region$$Table$$Base                      0x08006920   Number         0  anon$$obj.o(Region$$Table)
    Region$$Table$$Limit                     0x08006940   Number         0  anon$$obj.o(Region$$Table)
    SystemCoreClock                          0x20000000   Data           4  system_stm32f4xx.o(.data)
    AHBPrescTable                            0x20000004   Data          16  system_stm32f4xx.o(.data)
    __stdout                                 0x20000028   Data           4  usart.o(.data)
    USART_RX_STA                             0x2000002c   Data           2  usart.o(.data)
    POINT_COLOR                              0x2000002e   Data           2  lcd.o(.data)
    BACK_COLOR                               0x20000030   Data           2  lcd.o(.data)
    NVIC_InitStructure                       0x20000032   Data           4  rtc.o(.data)
    USART_RX_BUF                             0x20000038   Data         200  usart.o(.bss)
    lcddev                                   0x20000100   Data          14  lcd.o(.bss)
    __libspace_start                         0x20000110   Data          96  libspace.o(.bss)
    __temporary_stack_top$libspace           0x20000170   Data           0  libspace.o(.bss)



==============================================================================

Memory Map of the image

  Image Entry point : 0x08000189

  Load Region LR_IROM1 (Base: 0x08000000, Size: 0x00006978, Max: 0x00100000, ABSOLUTE)

    Execution Region ER_IROM1 (Base: 0x08000000, Size: 0x00006940, Max: 0x00100000, ABSOLUTE)

    Base Addr    Size         Type   Attr      Idx    E Section Name        Object

    0x08000000   0x00000188   Data   RO          235    RESET               startup_stm32f40_41xxx.o
    0x08000188   0x00000008   Code   RO         1260  * !!!main             c_w.l(__main.o)
    0x08000190   0x00000034   Code   RO         1464    !!!scatter          c_w.l(__scatter.o)
    0x080001c4   0x0000001a   Code   RO         1466    !!handler_copy      c_w.l(__scatter_copy.o)
    0x080001de   0x00000002   PAD
    0x080001e0   0x0000001c   Code   RO         1468    !!handler_zi        c_w.l(__scatter_zi.o)
    0x080001fc   0x00000000   Code   RO         1257    .ARM.Collect$$_printf_percent$$00000000  c_w.l(_printf_percent.o)
    0x080001fc   0x00000006   Code   RO         1256    .ARM.Collect$$_printf_percent$$0000000C  c_w.l(_printf_x.o)
    0x08000202   0x00000004   Code   RO         1301    .ARM.Collect$$_printf_percent$$00000017  c_w.l(_printf_percent_end.o)
    0x08000206   0x00000002   Code   RO         1339    .ARM.Collect$$libinit$$00000000  c_w.l(libinit.o)
    0x08000208   0x00000004   Code   RO         1345    .ARM.Collect$$libinit$$00000001  c_w.l(libinit2.o)
    0x0800020c   0x00000000   Code   RO         1348    .ARM.Collect$$libinit$$00000004  c_w.l(libinit2.o)
    0x0800020c   0x00000000   Code   RO         1351    .ARM.Collect$$libinit$$0000000A  c_w.l(libinit2.o)
    0x0800020c   0x00000000   Code   RO         1353    .ARM.Collect$$libinit$$0000000C  c_w.l(libinit2.o)
    0x0800020c   0x00000000   Code   RO         1355    .ARM.Collect$$libinit$$0000000E  c_w.l(libinit2.o)
    0x0800020c   0x00000000   Code   RO         1358    .ARM.Collect$$libinit$$00000011  c_w.l(libinit2.o)
    0x0800020c   0x00000000   Code   RO         1360    .ARM.Collect$$libinit$$00000013  c_w.l(libinit2.o)
    0x0800020c   0x00000000   Code   RO         1362    .ARM.Collect$$libinit$$00000015  c_w.l(libinit2.o)
    0x0800020c   0x00000000   Code   RO         1364    .ARM.Collect$$libinit$$00000017  c_w.l(libinit2.o)
    0x0800020c   0x00000000   Code   RO         1366    .ARM.Collect$$libinit$$00000019  c_w.l(libinit2.o)
    0x0800020c   0x00000000   Code   RO         1368    .ARM.Collect$$libinit$$0000001B  c_w.l(libinit2.o)
    0x0800020c   0x00000000   Code   RO         1370    .ARM.Collect$$libinit$$0000001D  c_w.l(libinit2.o)
    0x0800020c   0x00000000   Code   RO         1372    .ARM.Collect$$libinit$$0000001F  c_w.l(libinit2.o)
    0x0800020c   0x00000000   Code   RO         1374    .ARM.Collect$$libinit$$00000021  c_w.l(libinit2.o)
    0x0800020c   0x00000000   Code   RO         1376    .ARM.Collect$$libinit$$00000023  c_w.l(libinit2.o)
    0x0800020c   0x00000000   Code   RO         1378    .ARM.Collect$$libinit$$00000025  c_w.l(libinit2.o)
    0x0800020c   0x00000000   Code   RO         1382    .ARM.Collect$$libinit$$0000002C  c_w.l(libinit2.o)
    0x0800020c   0x00000000   Code   RO         1384    .ARM.Collect$$libinit$$0000002E  c_w.l(libinit2.o)
    0x0800020c   0x00000000   Code   RO         1386    .ARM.Collect$$libinit$$00000030  c_w.l(libinit2.o)
    0x0800020c   0x00000000   Code   RO         1388    .ARM.Collect$$libinit$$00000032  c_w.l(libinit2.o)
    0x0800020c   0x00000002   Code   RO         1389    .ARM.Collect$$libinit$$00000033  c_w.l(libinit2.o)
    0x0800020e   0x00000002   Code   RO         1407    .ARM.Collect$$libshutdown$$00000000  c_w.l(libshutdown.o)
    0x08000210   0x00000000   Code   RO         1418    .ARM.Collect$$libshutdown$$00000003  c_w.l(libshutdown2.o)
    0x08000210   0x00000000   Code   RO         1421    .ARM.Collect$$libshutdown$$00000006  c_w.l(libshutdown2.o)
    0x08000210   0x00000000   Code   RO         1424    .ARM.Collect$$libshutdown$$00000009  c_w.l(libshutdown2.o)
    0x08000210   0x00000000   Code   RO         1426    .ARM.Collect$$libshutdown$$0000000B  c_w.l(libshutdown2.o)
    0x08000210   0x00000000   Code   RO         1429    .ARM.Collect$$libshutdown$$0000000E  c_w.l(libshutdown2.o)
    0x08000210   0x00000002   Code   RO         1430    .ARM.Collect$$libshutdown$$0000000F  c_w.l(libshutdown2.o)
    0x08000212   0x00000000   Code   RO         1292    .ARM.Collect$$rtentry$$00000000  c_w.l(__rtentry.o)
    0x08000212   0x00000000   Code   RO         1310    .ARM.Collect$$rtentry$$00000002  c_w.l(__rtentry2.o)
    0x08000212   0x00000006   Code   RO         1322    .ARM.Collect$$rtentry$$00000004  c_w.l(__rtentry4.o)
    0x08000218   0x00000000   Code   RO         1312    .ARM.Collect$$rtentry$$00000009  c_w.l(__rtentry2.o)
    0x08000218   0x00000004   Code   RO         1313    .ARM.Collect$$rtentry$$0000000A  c_w.l(__rtentry2.o)
    0x0800021c   0x00000000   Code   RO         1315    .ARM.Collect$$rtentry$$0000000C  c_w.l(__rtentry2.o)
    0x0800021c   0x00000008   Code   RO         1316    .ARM.Collect$$rtentry$$0000000D  c_w.l(__rtentry2.o)
    0x08000224   0x00000002   Code   RO         1343    .ARM.Collect$$rtexit$$00000000  c_w.l(rtexit.o)
    0x08000226   0x00000000   Code   RO         1391    .ARM.Collect$$rtexit$$00000002  c_w.l(rtexit2.o)
    0x08000226   0x00000004   Code   RO         1392    .ARM.Collect$$rtexit$$00000003  c_w.l(rtexit2.o)
    0x0800022a   0x00000006   Code   RO         1393    .ARM.Collect$$rtexit$$00000004  c_w.l(rtexit2.o)
    0x08000230   0x00000234   Code   RO            3    .text               main.o
    0x08000464   0x0000001a   Code   RO          160    .text               stm32f4xx_it.o
    0x0800047e   0x00000002   PAD
    0x08000480   0x00000210   Code   RO          209    .text               system_stm32f4xx.o
    0x08000690   0x00000040   Code   RO          236    .text               startup_stm32f40_41xxx.o
    0x080006d0   0x000000e0   Code   RO          242    .text               misc.o
    0x080007b0   0x00000464   Code   RO          262    .text               stm32f4xx_adc.o
    0x08000c14   0x00000110   Code   RO          505    .text               stm32f4xx_exti.o
    0x08000d24   0x000005c8   Code   RO          568    .text               stm32f4xx_fsmc.o
    0x080012ec   0x00000294   Code   RO          591    .text               stm32f4xx_gpio.o
    0x08001580   0x0000016c   Code   RO          734    .text               stm32f4xx_pwr.o
    0x080016ec   0x0000065c   Code   RO          754    .text               stm32f4xx_rcc.o
    0x08001d48   0x00000d68   Code   RO          796    .text               stm32f4xx_rtc.o
    0x08002ab0   0x00000454   Code   RO          919    .text               stm32f4xx_usart.o
    0x08002f04   0x00000104   Code   RO          959    .text               delay.o
    0x08003008   0x0000014c   Code   RO          999    .text               usart.o
    0x08003154   0x00000040   Code   RO         1030    .text               led.o
    0x08003194   0x00000e2a   Code   RO         1074    .text               lcd.o
    0x08003fbe   0x00000002   PAD
    0x08003fc0   0x000001b0   Code   RO         1112    .text               adc.o
    0x08004170   0x00000244   Code   RO         1132    .text               rtc.o
    0x080043b4   0x00000002   Code   RO         1201    .text               c_w.l(use_no_semi_2.o)
    0x080043b6   0x00000002   PAD
    0x080043b8   0x00000018   Code   RO         1207    .text               c_w.l(noretval__2printf.o)
    0x080043d0   0x00000028   Code   RO         1209    .text               c_w.l(noretval__2sprintf.o)
    0x080043f8   0x0000004e   Code   RO         1213    .text               c_w.l(_printf_pad.o)
    0x08004446   0x00000002   PAD
    0x08004448   0x00000058   Code   RO         1218    .text               c_w.l(_printf_hex_int.o)
    0x080044a0   0x00000138   Code   RO         1248    .text               c_w.l(__printf_flags_wp.o)
    0x080045d8   0x00000006   Code   RO         1258    .text               c_w.l(heapauxi.o)
    0x080045de   0x00000002   Code   RO         1290    .text               c_w.l(use_no_semi.o)
    0x080045e0   0x000000b2   Code   RO         1293    .text               c_w.l(_printf_intcommon.o)
    0x08004692   0x00000002   PAD
    0x08004694   0x00000030   Code   RO         1295    .text               c_w.l(_printf_char_common.o)
    0x080046c4   0x0000000a   Code   RO         1297    .text               c_w.l(_sputc.o)
    0x080046ce   0x00000002   PAD
    0x080046d0   0x00000024   Code   RO         1299    .text               c_w.l(_printf_char_file.o)
    0x080046f4   0x00000008   Code   RO         1326    .text               c_w.l(ferror.o)
    0x080046fc   0x0000004a   Code   RO         1330    .text               c_w.l(sys_stackheap_outer.o)
    0x08004746   0x0000000c   Code   RO         1332    .text               c_w.l(exit.o)
    0x08004752   0x00000002   PAD
    0x08004754   0x00000008   Code   RO         1340    .text               c_w.l(libspace.o)
    0x0800475c   0x0000000e   Code   RO         1246    i._is_digit         c_w.l(__printf_wp.o)
    0x0800476a   0x00000002   PAD
    0x0800476c   0x00000150   Code   RO         1262    x$fpl$dadd          fz_wm.l(daddsub_clz.o)
    0x080048bc   0x000002b0   Code   RO         1269    x$fpl$ddiv          fz_wm.l(ddiv.o)
    0x08004b6c   0x0000005e   Code   RO         1272    x$fpl$dfix          fz_wm.l(dfix.o)
    0x08004bca   0x00000002   PAD
    0x08004bcc   0x0000005a   Code   RO         1276    x$fpl$dfixu         fz_wm.l(dfixu.o)
    0x08004c26   0x00000026   Code   RO         1280    x$fpl$dfltu         fz_wm.l(dflt_clz.o)
    0x08004c4c   0x00000154   Code   RO         1286    x$fpl$dmul          fz_wm.l(dmul.o)
    0x08004da0   0x0000009c   Code   RO         1302    x$fpl$dnaninf       fz_wm.l(dnaninf.o)
    0x08004e3c   0x0000000c   Code   RO         1304    x$fpl$dretinf       fz_wm.l(dretinf.o)
    0x08004e48   0x000001d4   Code   RO         1264    x$fpl$dsub          fz_wm.l(daddsub_clz.o)
    0x0800501c   0x00000056   Code   RO         1288    x$fpl$f2d           fz_wm.l(f2d.o)
    0x08005072   0x0000008c   Code   RO         1306    x$fpl$fnaninf       fz_wm.l(fnaninf.o)
    0x080050fe   0x0000000a   Code   RO         1399    x$fpl$fpinit        fz_wm.l(fpinit.o)
    0x08005108   0x00000000   Code   RO         1308    x$fpl$usenofp       fz_wm.l(usenofp.o)
    0x08005108   0x0000001c   Data   RO          569    .constdata          stm32f4xx_fsmc.o
    0x08005124   0x000017c0   Data   RO         1076    .constdata          lcd.o
    0x080068e4   0x00000028   Data   RO         1219    .constdata          c_w.l(_printf_hex_int.o)
    0x0800690c   0x00000011   Data   RO         1249    .constdata          c_w.l(__printf_flags_wp.o)
    0x0800691d   0x00000003   PAD
    0x08006920   0x00000020   Data   RO         1462    Region$$Table       anon$$obj.o


    Execution Region RW_IRAM1 (Base: 0x20000000, Size: 0x00000770, Max: 0x00020000, ABSOLUTE)

    Base Addr    Size         Type   Attr      Idx    E Section Name        Object

    0x20000000   0x00000014   Data   RW          210    .data               system_stm32f4xx.o
    0x20000014   0x00000010   Data   RW          755    .data               stm32f4xx_rcc.o
    0x20000024   0x00000004   Data   RW          960    .data               delay.o
    0x20000028   0x00000006   Data   RW         1001    .data               usart.o
    0x2000002e   0x00000004   Data   RW         1077    .data               lcd.o
    0x20000032   0x00000004   Data   RW         1133    .data               rtc.o
    0x20000036   0x00000002   PAD
    0x20000038   0x000000c8   Zero   RW         1000    .bss                usart.o
    0x20000100   0x0000000e   Zero   RW         1075    .bss                lcd.o
    0x2000010e   0x00000002   PAD
    0x20000110   0x00000060   Zero   RW         1341    .bss                c_w.l(libspace.o)
    0x20000170   0x00000200   Zero   RW          234    HEAP                startup_stm32f40_41xxx.o
    0x20000370   0x00000400   Zero   RW          233    STACK               startup_stm32f40_41xxx.o


==============================================================================

Image component sizes


      Code (inc. data)   RO Data    RW Data    ZI Data      Debug   Object Name

       432         48          0          0          0       1456   adc.o
       260          8          0          4          0       1485   delay.o
      3626        108       6080          4         14      13250   lcd.o
        64          4          0          0          0        551   led.o
       564        112          0          0          0     301759   main.o
       224         20          0          0          0       1865   misc.o
       580         22          0          4          0       2736   rtc.o
        64         26        392          0       1536        860   startup_stm32f40_41xxx.o
      1124         24          0          0          0      10538   stm32f4xx_adc.o
       272         10          0          0          0       2311   stm32f4xx_exti.o
      1480         18         28          0          0       5686   stm32f4xx_fsmc.o
       660         44          0          0          0       4145   stm32f4xx_gpio.o
        26          0          0          0          0       1246   stm32f4xx_it.o
       364         12          0          0          0       3759   stm32f4xx_pwr.o
      1628         52          0         16          0      12952   stm32f4xx_rcc.o
      3432         44          0          0          0      15108   stm32f4xx_rtc.o
      1108         34          0          0          0       7844   stm32f4xx_usart.o
       528         46          0         20          0       1851   system_stm32f4xx.o
       332         18          0          6        200       3382   usart.o

    ----------------------------------------------------------------------
     16772        650       6532         56       1752     392784   Object Totals
         0          0         32          0          0          0   (incl. Generated)
         4          0          0          2          2          0   (incl. Padding)

    ----------------------------------------------------------------------

      Code (inc. data)   RO Data    RW Data    ZI Data      Debug   Library Member Name

         8          0          0          0          0         68   __main.o
       312          4         17          0          0         92   __printf_flags_wp.o
        14          0          0          0          0         68   __printf_wp.o
         0          0          0          0          0          0   __rtentry.o
        12          0          0          0          0          0   __rtentry2.o
         6          0          0          0          0          0   __rtentry4.o
        52          8          0          0          0          0   __scatter.o
        26          0          0          0          0          0   __scatter_copy.o
        28          0          0          0          0          0   __scatter_zi.o
        48          6          0          0          0         96   _printf_char_common.o
        36          4          0          0          0         80   _printf_char_file.o
        88          4         40          0          0         88   _printf_hex_int.o
       178          0          0          0          0         88   _printf_intcommon.o
        78          0          0          0          0        108   _printf_pad.o
         0          0          0          0          0          0   _printf_percent.o
         4          0          0          0          0          0   _printf_percent_end.o
         6          0          0          0          0          0   _printf_x.o
        10          0          0          0          0         68   _sputc.o
        12          0          0          0          0         72   exit.o
         8          0          0          0          0         68   ferror.o
         6          0          0          0          0        152   heapauxi.o
         2          0          0          0          0          0   libinit.o
         6          0          0          0          0          0   libinit2.o
         2          0          0          0          0          0   libshutdown.o
         2          0          0          0          0          0   libshutdown2.o
         8          4          0          0         96         68   libspace.o
        24          4          0          0          0         84   noretval__2printf.o
        40          6          0          0          0         84   noretval__2sprintf.o
         2          0          0          0          0          0   rtexit.o
        10          0          0          0          0          0   rtexit2.o
        74          0          0          0          0         80   sys_stackheap_outer.o
         2          0          0          0          0         68   use_no_semi.o
         2          0          0          0          0         68   use_no_semi_2.o
       804         16          0          0          0        368   daddsub_clz.o
       688        140          0          0          0        256   ddiv.o
        94          4          0          0          0        140   dfix.o
        90          4          0          0          0        140   dfixu.o
        38          0          0          0          0        116   dflt_clz.o
       340         12          0          0          0        152   dmul.o
       156          4          0          0          0        140   dnaninf.o
        12          0          0          0          0        116   dretinf.o
        86          4          0          0          0        132   f2d.o
       140          4          0          0          0        132   fnaninf.o
        10          0          0          0          0        116   fpinit.o
         0          0          0          0          0          0   usenofp.o

    ----------------------------------------------------------------------
      3580        228         60          0         96       3308   Library Totals
        16          0          3          0          0          0   (incl. Padding)

    ----------------------------------------------------------------------

      Code (inc. data)   RO Data    RW Data    ZI Data      Debug   Library Name

      1106         40         57          0         96       1500   c_w.l
      2458        188          0          0          0       1808   fz_wm.l

    ----------------------------------------------------------------------
      3580        228         60          0         96       3308   Library Totals

    ----------------------------------------------------------------------

==============================================================================


      Code (inc. data)   RO Data    RW Data    ZI Data      Debug   

     20352        878       6592         56       1848     389764   Grand Totals
     20352        878       6592         56       1848     389764   ELF Image Totals
     20352        878       6592         56          0          0   ROM Totals

==============================================================================

    Total RO  Size (Code + RO Data)                26944 (  26.31kB)
    Total RW  Size (RW Data + ZI Data)              1904 (   1.86kB)
    Total ROM Size (Code + RO Data + RW Data)      27000 (  26.37kB)

==============================================================================

